[1;33m[08:57:34] Step 0: Discovering EC2 instances...[0m
[1;33m[08:57:40]   Server:    i-03f3cc6e801d53aa9  (10.1.2.50)[0m
[1;33m[08:57:40]   ServerNIC: i-01915eae54f5a83f7[0m
[1;33m[08:57:40]   ClientNIC: i-0d7b80e1803ce4b6b[0m
[1;33m[08:57:40]   Client:    i-0f566a68956d82c04[0m
[1;33m[08:57:40] Resolving Ethernet MACs from EC2 API...[0m
[1;33m[08:57:46]   ClientNIC eth1 MAC (ServerNIC --gw-mac):          02:9a:5a:ea:c9:95[0m
[1;33m[08:57:46]   Server eth0 MAC (ServerNIC --server-mac):         02:54:02:7d:3e:39[0m
[1;33m[08:57:46]   ClientNIC eth2 MAC (its own client-facing port):  02:bc:a6:41:1c:2b[0m
[1;33m[08:57:46]   ServerNIC eth2 MAC (its own server-facing port):  02:73:fc:e3:56:b5[0m
[1;33m[08:57:46]   Gateway MAC (ServerNIC eth1, DPDK port): 02:f2:55:12:4c:cb[0m
--- ClientNIC forwarder smoke log ---
EAL: Detected CPU lcores: 2
EAL: Detected NUMA nodes: 1
EAL: Detected shared linkage of DPDK
EAL: Multi-process socket /var/run/dpdk/rte/mp_socket
EAL: Selected IOVA mode 'PA'
EAL: VFIO support initialized
EAL: Using IOMMU type 8 (No-IOMMU)
EAL: Probe PCI driver: net_ena (1d0f:ec20) device: 0000:00:06.0 (socket -1)
ena_get_metrics_entries(): 0x6 customer metrics are supported
EAL: Probe PCI driver: net_ena (1d0f:ec20) device: 0000:00:07.0 (socket -1)
ena_get_metrics_entries(): 0x6 customer metrics are supported
TELEMETRY: No legacy callbacks, legacy socket not created
FORWARDER: ClientNIC DPDK Forwarder starting (port=8080..8080)
FORWARDER: Gateway MAC: 02:f2:55:12:4c:cb
FORWARDER: Port map: client-facing=port 1, ServerNIC-facing=port 0
FORWARDER: eth0: DPDK port 1 started, client-facing (MAC=02:bc:a6:41:1c:2b)
FORWARDER: eth1: DPDK port 0 started, ServerNIC-facing (MAC=02:9a:5a:ea:c9:95, gw=02:f2:55:12:4c:cb)
FORWARDER: Entering busy-poll loop...
FORWARDER: Shutting down...
ena_rx_queue_release(): Rx queue 1:0 released
ena_tx_queue_release(): Tx queue 1:0 released
ena_rx_queue_release(): Rx queue 0:0 released
ena_tx_queue_release(): Tx queue 0:0 released
-------------------------------------
[0;32m[PASS][0m Smoke test: clientnic-dpdk-forwarder entered busy-poll loop
[1;33m[08:57:59] Load/port plan: 4 port(s) [8080-8083], LOAD_PARALLEL=2000, LOAD_BYTES=1024, LOAD_RATE=500 conn/s, LOAD_CONCURRENCY=2000[0m
[0;32m[PASS][0m Port-space check: 4 port(s) x 32256 usable range = 129024 >= 2000 target
[1;33m[08:57:59] Syncing all VMs to origin/fix/secret-rename (cloning if missing)...[0m
[1;33m[WARN][0m REPO_REF=fix/secret-rename — VMs are running a NON-MAIN ref
[1;33m[08:58:26]   i-03f3cc6e801d53aa9 HEAD: 7313ced[0m
[1;33m[08:58:29]   i-01915eae54f5a83f7 HEAD: 7313ced[0m
[1;33m[08:58:33]   i-0d7b80e1803ce4b6b HEAD: 7313ced[0m
[1;33m[08:58:36]   i-0f566a68956d82c04 HEAD: 7313ced[0m
[1;33m[08:58:36] Endpoint tuning: TCP options off, kernel limits raised (Client + Server)...[0m
[1;33m[08:58:40] Endpoint tuning: pinning MTU 1500 on Client and Server eth0...[0m
[1;33m[08:58:43] Endpoint tuning: disabling GRO/LRO/TSO/GSO on Client and Server NICs...[0m
[1;33m[08:58:45] Endpoint tuning: clearing any endpoint qdisc (emulated WAN lives on the middle leg)...[0m
[0;32m[PASS][0m Endpoint tuning: Client egress clean (no netem)
[0;32m[PASS][0m Endpoint tuning: Server egress clean (no netem)
[1;33m[08:58:57] Cleaning up previous runs...[0m
[1;33m[08:59:20] Build: Building clientnic-dpdk-forwarder on ClientNIC VM...[0m
--- ClientNIC build output (last 20 lines) ---
[1/11] Compiling C object clientnic-dpdk-forwarder.p/flow_table.c.o
[2/11] Compiling C object clientnic-dpdk-forwarder.p/checksum.c.o
[3/11] Compiling C object clientnic-dpdk-forwarder.p/log.c.o
[4/11] Compiling C object clientnic-dpdk-forwarder.p/main.c.o
[5/11] Compiling C object clientnic-dpdk-forwarder.p/capture.c.o
[6/11] Compiling C object clientnic-dpdk-forwarder.p/packet_processor.c.o
[7/11] Compiling C object clientnic-dpdk-forwarder.p/io.c.o
../io.c: In function 'eth0_send':
../io.c:126:21: warning: pointer targets in initialization differ in signedness [-Wpointer-sign]
     uint8_t *data = rte_pktmbuf_append(m, len);
                     ^~~~~~~~~~~~~~~~~~
../io.c: In function 'eth1_send':
../io.c:232:21: warning: pointer targets in initialization differ in signedness [-Wpointer-sign]
     uint8_t *data = rte_pktmbuf_append(m, len);
                     ^~~~~~~~~~~~~~~~~~
[8/11] Compiling C object clientnic-dpdk-forwarder.p/forwarder.c.o
[9/11] Compiling C object clientnic-dpdk-forwarder.p/pipeline.c.o
[10/11] Compiling C object clientnic-dpdk-forwarder.p/wan_delay.c.o
[11/11] Linking target clientnic-dpdk-forwarder
BUILD_SUCCESS
----------------------------------------------
[0;32m[PASS][0m Build: clientnic-dpdk-forwarder meson + ninja build succeeded
[1;33m[08:59:29] Build: Building servernic-dpdk on ServerNIC VM...[0m
--- ServerNIC build output (last 20 lines) ---
NOTICE: You are using Python 3.7 which is EOL. Starting with v1.12.0, Meson will require Python 3.10 or newer
[1/10] Compiling C object servernic-dpdk.p/flow_table.c.o
[2/10] Compiling C object servernic-dpdk.p/checksum.c.o
[3/10] Compiling C object servernic-dpdk.p/log.c.o
[4/10] Compiling C object servernic-dpdk.p/main.c.o
[5/10] Compiling C object servernic-dpdk.p/syn_handler.c.o
[6/10] Compiling C object servernic-dpdk.p/translator.c.o
[7/10] Compiling C object servernic-dpdk.p/io.c.o
../io.c: In function 'eth1_send':
../io.c:124:21: warning: pointer targets in initialization differ in signedness [-Wpointer-sign]
     uint8_t *data = rte_pktmbuf_append(m, len);
                     ^~~~~~~~~~~~~~~~~~
../io.c: In function 'eth2_send':
../io.c:262:21: warning: pointer targets in initialization differ in signedness [-Wpointer-sign]
     uint8_t *data = rte_pktmbuf_append(m, len);
                     ^~~~~~~~~~~~~~~~~~
[8/10] Compiling C object servernic-dpdk.p/pipeline.c.o
[9/10] Compiling C object servernic-dpdk.p/wan_delay.c.o
[10/10] Linking target servernic-dpdk
BUILD_SUCCESS
----------------------------------------------
[0;32m[PASS][0m Build: servernic-dpdk meson + ninja build succeeded
[1;33m[08:59:38] Step 1: Starting Server via node script (4 load-generator port(s))...[0m
[0;32m[PASS][0m Server listening on :8080
[1;33m[08:59:45] Emulated WAN: 100ms RTT = 50000us per direction on the ClientNIC<->ServerNIC leg[0m
[1;33m[08:59:45] Step 2: Starting ServerNIC DPDK binary via node script...[0m
[0;32m[PASS][0m ServerNIC: servernic-dpdk process is running
[0;32m[PASS][0m ServerNIC: IP forwarding enabled
[1;33m[08:59:58] Step 3: Starting ClientNIC (dpdk-forwarder) via node script...[0m
[0;32m[PASS][0m ClientNIC: IP forwarding enabled
[0;32m[PASS][0m Step 3: clientnic-dpdk-forwarder process is running
[1;33m[09:00:12] Endpoint capture: starting tcpdump on Client host and Server host...[0m
[1;33m[09:00:23] Step 4: Running client test (1 connection(s))...[0m
[1;33m[09:00:23] Arrival pacing: 500 conn/s x 2000 conns x 1 round(s) — minimum 4s of spawn time[0m
--- Client output ---
--- Round 1/1: 4 port(s) starting at 8080 x 2000 total connections, 1024 bytes/conn, 500 conn/s arrival, 0ms think, max 2000 in flight ---
Arrival: rate=500 conn/s requested, 500 conn/s achieved over 3.998s
Think: 0 ms between connect() and first write
Transfer complete: 2000/2000 connections ok, 0 failed, duration=4.010s, ~4.1 Mbits/sec
Success: 2000/2000
Success: 1/1
---
[0;32m[PASS][0m Client: all 1 connection(s) succeeded
[1;33m[09:00:35] Step 5: Stopping packet captures and DPDK binaries...[0m
[0;32m[PASS][0m Captures stopped, DPDK binaries signalled
[1;33m[09:01:21] Step 6: Verifying server received data...[0m
--- Server log ---
[1;33m[08:59:39] Killing any leftover load-generator processes...[0m
[1;33m[08:59:40] Open-file limit (ulimit -n): 1048576[0m
[1;33m[08:59:40] Syncing code to origin/fix/secret-rename (hard reset ? discards VM-local drift)...[0m
From https://github.com/ofekm5/zero-rtt-tcp
 * branch            fix/secret-rename -> FETCH_HEAD
HEAD is now at 7313ced ci: experiment baseline bundle 20260811-085652 [skip ci]
[1;33m[08:59:41] Server VM IP: 10.1.2.50[0m
[1;33m[08:59:41] Will listen on 0.0.0.0:8080-8083 (4 port(s))[0m

[1;33m[08:59:41] Starting load-generator server on ports 8080-8083 ? press Ctrl+C to stop.[0m

Listening on ports [8080, 8081, 8082, 8083]
Received 423936 bytes across 414 connections (so far)
Received 1447936 bytes across 1414 connections (so far)
Received 2048000 bytes across 2000 connections (so far)
------------------
[0;32m[PASS][0m Server received data from client
[1;33m[09:01:24] Step 7: Collecting per-VM logs...[0m
[1;33m[WARN][0m ServerNIC log (/tmp/servernic.log): fetched 23983 bytes, at this transport's 24000-byte output cap — content is TRUNCATED. Counts and greps below cover only the captured prefix. Read the full file on the node.
--- ServerNIC log ---
[1;33m[08:59:47] Killing any leftover servernic processes...[0m
[1;33m[08:59:48] Syncing code to origin/fix/secret-rename (hard reset ? discards VM-local drift)...[0m
From https://github.com/ofekm5/zero-rtt-tcp
 * branch            fix/secret-rename -> FETCH_HEAD
HEAD is now at 7313ced ci: experiment baseline bundle 20260811-085652 [skip ci]
[1;33m[08:59:48] SKIP_BUILD=1 ? skipping meson+ninja build.[0m
[1;33m[08:59:48] Using existing binary: /home/ec2-user/zero-rtt-tcp/src/servernic/dpdk/builddir/servernic-dpdk[0m
[1;33m[08:59:48] ClientNIC-side gateway MAC (peer):  02:9a:5a:ea:c9:95[0m
[1;33m[08:59:48] Server-side peer MAC (peer):        02:54:02:7d:3e:39[0m
[1;33m[08:59:48] Our ClientNIC-facing port MAC (eth1): 02:f2:55:12:4c:cb[0m
[1;33m[08:59:48] Our Server-facing port MAC (eth2):    02:73:fc:e3:56:b5[0m
[1;33m[08:59:48] IP forwarding: enabled[0m
[1;33m[08:59:48] Starting servernic-dpdk ? watching for flows. Press Ctrl+C to stop.[0m
[1;33m[08:59:48]   --port=8080 --port-count=4 --gw-mac=02:9a:5a:ea:c9:95 --server-mac=02:54:02:7d:3e:39[0m
[1;33m[08:59:48]   --client-port-mac=02:f2:55:12:4c:cb --server-port-mac=02:73:fc:e3:56:b5[0m
[1;33m[08:59:48]   --wan-delay-us=50000 (emulated WAN, middle leg ? must match ClientNIC)[0m

EAL: Detected CPU lcores: 2
EAL: Detected NUMA nodes: 1
EAL: Detected shared linkage of DPDK
EAL: Multi-process socket /var/run/dpdk/rte/mp_socket
EAL: Selected IOVA mode 'PA'
EAL: VFIO support initialized
EAL: Using IOMMU type 8 (No-IOMMU)
EAL: Probe PCI driver: net_ena (1d0f:ec20) device: 0000:00:06.0 (socket -1)
ena_get_metrics_entries(): 0x6 customer metrics are supported
EAL: Probe PCI driver: net_ena (1d0f:ec20) device: 0000:00:07.0 (socket -1)
ena_get_metrics_entries(): 0x6 customer metrics are supported
TELEMETRY: No legacy callbacks, legacy socket not created
SERVERNIC: ServerNIC DPDK starting (port=8080..8083)
SERVERNIC: Port map: ClientNIC-facing=port 0, Server-facing=port 1
SERVERNIC: wan-delay: holding middle-leg TX for 50000 us (150000000 cycles, ring=8192 packets)
SERVERNIC: eth1: DPDK port 0 started (MAC=02:f2:55:12:4c:cb)
SERVERNIC: eth2: DPDK port 1 started (MAC=02:73:fc:e3:56:b5)
SERVERNIC: Entering busy-poll loop...
SERVERNIC: stats ClientNIC-facing (port 0): rx=0 tx=0 imissed=0 rx_nombuf=0 ierrors=0 oerrors=0
SERVERNIC: stats Server-facing (port 1): rx=0 tx=0 imissed=0 rx_nombuf=0 ierrors=0 oerrors=0
SERVERNIC: stats mempool: avail=14337/16383 low-water=16383
SERVERNIC: stats buffered: bytes=0/1073741824 (capacity-model ?7)
SERVERNIC: stats wan_delay: held=0/8192 released=0
SERVERNIC: stats ClientNIC-facing (port 0): rx=0 tx=0 imissed=0 rx_nombuf=0 ierrors=0 oerrors=0
SERVERNIC: stats Server-facing (port 1): rx=0 tx=0 imissed=0 rx_nombuf=0 ierrors=0 oerrors=0
SERVERNIC: stats mempool: avail=14337/16383 low-water=16383
SERVERNIC: stats buffered: bytes=0/1073741824 (capacity-model ?7)
SERVERNIC: stats wan_delay: held=0/8192 released=0
SERVERNIC: stats ClientNIC-facing (port 0): rx=0 tx=0 imissed=0 rx_nombuf=0 ierrors=0 oerrors=0
SERVERNIC: stats Server-facing (port 1): rx=0 tx=0 imissed=0 rx_nombuf=0 ierrors=0 oerrors=0
SERVERNIC: stats mempool: avail=14337/16383 low-water=16383
SERVERNIC: stats buffered: bytes=0/1073741824 (capacity-model ?7)
SERVERNIC: stats wan_delay: held=0/8192 released=0
SERVERNIC: stats ClientNIC-facing (port 0): rx=0 tx=0 imissed=0 rx_nombuf=0 ierrors=0 oerrors=0
SERVERNIC: stats Server-facing (port 1): rx=0 tx=0 imissed=0 rx_nombuf=0 ierrors=0 oerrors=0
SERVERNIC: stats mempool: avail=14337/16383 low-water=16383
SERVERNIC: stats buffered: bytes=0/1073741824 (capacity-model ?7)
SERVERNIC: stats wan_delay: held=0/8192 released=0
SERVERNIC: stats ClientNIC-facing (port 0): rx=0 tx=0 imissed=0 rx_nombuf=0 ierrors=0 oerrors=0
SERVERNIC: stats Server-facing (port 1): rx=0 tx=0 imissed=0 rx_nombuf=0 ierrors=0 oerrors=0
SERVERNIC: stats mempool: avail=14337/16383 low-water=16383
SERVERNIC: stats buffered: bytes=0/1073741824 (capacity-model ?7)
SERVERNIC: stats wan_delay: held=0/8192 released=0
SERVERNIC: stats ClientNIC-facing (port 0): rx=0 tx=0 imissed=0 rx_nombuf=0 ierrors=0 oerrors=0
SERVERNIC: stats Server-facing (port 1): rx=0 tx=0 imissed=0 rx_nombuf=0 ierrors=0 oerrors=0
SERVERNIC: stats mempool: avail=14337/16383 low-water=16383
SERVERNIC: stats buffered: bytes=0/1073741824 (capacity-model ?7)
SERVERNIC: stats wan_delay: held=0/8192 released=0
SERVERNIC: SYN: new flow, V=0xdb6084f7
SERVERNIC: SYN-ACK: delta=0x80dd2fab, V=0xdb6084f7, real_isn=0x5a83554c
SERVERNIC: SYN-ACK: flushed 1 buffered c2s packets
SERVERNIC: SYN: new flow, V=0xde2fe45e
SERVERNIC: SYN-ACK: delta=0x251b1164, V=0xde2fe45e, real_isn=0xb914d2fa
SERVERNIC: SYN-ACK: flushed 3 buffered c2s packets
SERVERNIC: SYN: new flow, V=0x52ab2164
SERVERNIC: SYN-ACK: delta=0xf5b92741, V=0x52ab2164, real_isn=0x5cf1fa23
SERVERNIC: SYN-ACK: flushed 3 buffered c2s packets
SERVERNIC: SYN: new flow, V=0xe4072840
SERVERNIC: SYN-ACK: delta=0x229a47a4, V=0xe4072840, real_isn=0xc16ce09c
SERVERNIC: SYN-ACK: flushed 1 buffered c2s packets
SERVERNIC: SYN: new flow, V=0xc40427d4
SERVERNIC: SYN-ACK: delta=0x1fcb8882, V=0xc40427d4, real_isn=0xa4389f52
SERVERNIC: SYN: new flow, V=0x2852be73
SERVERNIC: SYN-ACK: delta=0x52730a27, V=0x2852be73, real_isn=0xd5dfb44c
SERVERNIC: SYN-ACK: flushed 1 buffered c2s packets
SERVERNIC: SYN: new flow, V=0x63569030
SERVERNIC: SYN-ACK: delta=0xd62dfd19, V=0x63569030, real_isn=0x8d289317
SERVERNIC: SYN-ACK: flushed 3 buffered c2s packets
SERVERNIC: SYN: new flow, V=0xc999162e
SERVERNIC: SYN-ACK: delta=0x12c3309c, V=0xc999162e, real_isn=0xb6d5e592
SERVERNIC: SYN-ACK: flushed 1 buffered c2s packets
SERVERNIC: SYN: new flow, V=0x966f17d2
SERVERNIC: SYN-ACK: delta=0xe5a71eff, V=0x966f17d2, real_isn=0xb0c7f8d3
SERVERNIC: SYN-ACK: flushed 3 buffered c2s packets
SERVERNIC: SYN: new flow, V=0x1cde3d12
SERVERNIC: SYN-ACK: delta=0x0ab0a093, V=0x1cde3d12, real_isn=0x122d9c7f
SERVERNIC: SYN-ACK: flushed 3 buffered c2s packets
SERVERNIC: SYN: new flow, V=0x0431842b
SERVERNIC: SYN-ACK: delta=0x98dd1f8f, V=0x0431842b, real_isn=0x6b54649c
SERVERNIC: SYN-ACK: flushed 2 buffered c2s packets
SERVERNIC: SYN: new flow, V=0x9d460827
SERVERNIC: SYN-ACK: delta=0xf52ecf23, V=0x9d460827, real_isn=0xa8173904
SERVERNIC: SYN: new flow, V=0xd1b0b489
SERVERNIC: SYN-ACK: delta=0xdcab9278, V=0xd1b0b489, real_isn=0xf5052211
SERVERNIC: SYN-ACK: flushed 1 buffered c2s packets
SERVERNIC: SYN: new flow, V=0x853db32e
SERVERNIC: SYN-ACK: delta=0x05272597, V=0x853db32e, real_isn=0x80168d97
SERVERNIC: SYN-ACK: flushed 3 buffered c2s packets
SERVERNIC: SYN: new flow, V=0xa2eee736
SERVERNIC: SYN-ACK: delta=0xfbebec53, V=0xa2eee736, real_isn=0xa702fae3
SERVERNIC: SYN: new flow, V=0x6582bbdd
SERVERNIC: SYN-ACK: delta=0x06173cf6, V=0x6582bbdd, real_isn=0x5f6b7ee7
SERVERNIC: SYN-ACK: flushed 1 buffered c2s packets
SERVERNIC: SYN: new flow, V=0xdc1a3a11
SERVERNIC: SYN-ACK: delta=0xd2f83961, V=0xdc1a3a11, real_isn=0x092200b0
SERVERNIC: SYN-ACK: flushed 3 buffered c2s packets
SERVERNIC: SYN: new flow, V=0x3dd53fca
SERVERNIC: SYN-ACK: delta=0x1dc44188, V=0x3dd53fca, real_isn=0x2010fe42
SERVERNIC: SYN: new flow, V=0x9d9716b7
SERVERNIC: SYN-ACK: delta=0x1a6e5f5c, V=0x9d9716b7, real_isn=0x8328b75b
SERVERNIC: SYN-ACK: flushed 3 buffered c2s packets
SERVERNIC: SYN: new flow, V=0x859ec52d
SERVERNIC: SYN-ACK: delta=0xd13786b9, V=0x859ec52d, real_isn=0xb4673e74
SERVERNIC: SYN-ACK: flushed 1 buffered c2s packets
SERVERNIC: SYN: new flow, V=0x440ba328
SERVERNIC: SYN-ACK: delta=0xfbed235a, V=0x440ba328, real_isn=0x481e7fce
SERVERNIC: SYN: new flow, V=0xe2ad41a7
SERVERNIC: SYN-ACK: delta=0x2758ccb5, V=0xe2ad41a7, real_isn=0xbb5474f2
SERVERNIC: SYN-ACK: flushed 1 buffered c2s packets
SERVERNIC: SYN: new flow, V=0x7e30c7dd
SERVERNIC: SYN-ACK: delta=0xc793cae3, V=0x7e30c7dd, real_isn=0xb69cfcfa
SERVERNIC: SYN-ACK: flushed 3 buffered c2s packets
SERVERNIC: SYN: new flow, V=0xa143dcb3
SERVERNIC: SYN-ACK: delta=0xf9b38000, V=0xa143dcb3, real_isn=0xa7905cb3
SERVERNIC: SYN-ACK: flushed 1 buffered c2s packets
SERVERNIC: SYN: new flow, V=0xe9f0316d
SERVERNIC: SYN-ACK: delta=0x391e8f65, V=0xe9f0316d, real_isn=0xb0d1a208
SERVERNIC: SYN-ACK: flushed 1 buffered c2s packets
SERVERNIC: SYN: new flow, V=0x8c9aae38
SERVERNIC: SYN-ACK: delta=0x528260bb, V=0x8c9aae38, real_isn=0x3a184d7d
SERVERNIC: SYN-ACK: flushed 3 buffered c2s packets
SERVERNIC: SYN: new flow, V=0x14971153
SERVERNIC: SYN-ACK: delta=0x8eb1e1d7, V=0x14971153, real_isn=0x85e52f7c
SERVERNIC: SYN-ACK: flushed 3 buffered c2s packets
SERVERNIC: SYN: new flow, V=0x4ea4b64e
SERVERNIC: SYN-ACK: delta=0x64d9a092, V=0x4ea4b64e, real_isn=0xe9cb15bc
SERVERNIC: SYN-ACK: flushed 1 buffered c2s packets
SERVERNIC: SYN: new flow, V=0x76f9424c
SERVERNIC: SYN-ACK: delta=0x38f72b4a, V=0x76f9424c, real_isn=0x3e021702
SERVERNIC: SYN-ACK: flushed 1 buffered c2s packets
SERVERNIC: SYN: new flow, V=0x12957460
SERVERNIC: SYN-ACK: delta=0xecd526ce, V=0x12957460, real_isn=0x25c04d92
SERVERNIC: SYN: new flow, V=0x46158e83
SERVERNIC: SYN-ACK: delta=0x39ca680e, V=0x46158e83, real_isn=0x0c4b2675
SERVERNIC: SYN: new flow, V=0x19b435e1
SERVERNIC: SYN-ACK: delta=0xf9da1fe8, V=0x19b435e1, real_isn=0x1fda15f9
SERVERNIC: SYN-ACK: flushed 1 buffered c2s packets
SERVERNIC: SYN: new flow, V=0x12a600e3
SERVERNIC: SYN-ACK: delta=0x9515dff6, V=0x12a600e3, real_isn=0x7d9020ed
SERVERNIC: SYN-ACK: flushed 3 buffered c2s packets
SERVERNIC: SYN: new flow, V=0x48fc5bf8
SERVERNIC: SYN-ACK: delta=0xc8b9fe06, V=0x48fc5bf8, real_isn=0x80425df2
SERVERNIC: SYN-ACK: flushed 1 buffered c2s packets
SERVERNIC: SYN: new flow, V=0x7a1188f6
SERVERNIC: SYN-ACK: delta=0x6be2e762, V=0x7a1188f6, real_isn=0x0e2ea194
SERVERNIC: SYN-ACK: flushed 1 buffered c2s packets
SERVERNIC: SYN: new flow, V=0x11167e40
SERVERNIC: SYN-ACK: delta=0x44152086, V=0x11167e40, real_isn=0xcd015dba
SERVERNIC: SYN: new flow, V=0x3d78f7d1
SERVERNIC: SYN-ACK: delta=0x7a1e241d, V=0x3d78f7d1, real_isn=0xc35ad3b4
SERVERNIC: SYN: new flow, V=0x02ede292
SERVERNIC: SYN-ACK: delta=0x6e86a332, V=0x02ede292, real_isn=0x94673f60
SERVERNIC: SYN-ACK: flushed 1 buffered c2s packets
SERVERNIC: SYN: new flow, V=0xa5299397
SERVERNIC: SYN-ACK: delta=0x1ef0baf3, V=0xa5299397, real_isn=0x8638d8a4
SERVERNIC: SYN-ACK: flushed 1 buffered c2s packets
SERVERNIC: SYN: new flow, V=0xa2b4eefd
SERVERNIC: SYN-ACK: delta=0x2f6ce788, V=0xa2b4eefd, real_isn=0x73480775
SERVERNIC: SYN-ACK: flushed 1 buffered c2s packets
SERVERNIC: SYN: new flow, V=0x6e5c3d57
SERVERNIC: SYN-ACK: delta=0xb7face10, V=0x6e5c3d57, real_isn=0xb6616f47
SERVERNIC: SYN-ACK: flushed 3 buffered c2s packets
SERVERNIC: SYN: new flow, V=0xae228c01
SERVERNIC: SYN-ACK: delta=0xd7cc342a, V=0xae228c01, real_isn=0xd65657d7
SERVERNIC: SYN-ACK: flushed 1 buffered c2s packets
SERVERNIC: SYN: new flow, V=0x02b64625
SERVERNIC: SYN-ACK: delta=0x36fb596c, V=0x02b64625, real_isn=0xcbbaecb9
SERVERNIC: stats ClientNIC-facing (port 0): rx=170 tx=34 imissed=0 rx_nombuf=0 ierrors=0 oerrors=0
SERVERNIC: stats Server-facing (port 1): rx=127 tx=170 imissed=0 rx_nombuf=0 ierrors=0 oerrors=0
SERVERNIC: stats mempool: avail=14252/16383 low-water=14241
SERVERNIC: stats buffered: bytes=0/1073741824 (capacity-model ?7)
SERVERNIC: stats cycles_per_packet: 28657.9 (tsc_hz=3000000000, packets=297, capacity-model ?9/?12)
SERVERNIC: stats wan_delay: held=50/8192 released=34
SERVERNIC: SYN: new flow, V=0x7af96f2d
SERVERNIC: SYN-ACK: delta=0x6986e4b5, V=0x7af96f2d, real_isn=0x11728a78
SERVERNIC: SYN-ACK: flushed 1 buffered c2s packets
SERVERNIC: SYN: new flow, V=0x0589c18c
SERVERNIC: SYN-ACK: delta=0xd891c60c, V=0x0589c18c, real_isn=0x2cf7fb80
SERVERNIC: SYN: new flow, V=0xb86588c4
SERVERNIC: SYN-ACK: delta=0x64a90c78, V=0xb86588c4, real_isn=0x53bc7c4c
SERVERNIC: SYN: new flow, V=0x2772ef80
SERVERNIC: SYN-ACK: delta=0xf134d383, V=0x2772ef80, real_isn=0x363e1bfd
SERVERNIC: SYN-ACK: flushed 1 buffered c2s packets
SERVERNIC: SYN: new flow, V=0xe4b72d0e
SERVERNIC: SYN-ACK: delta=0x68b1c09e, V=0xe4b72d0e, real_isn=0x7c056c70
SERVERNIC: SYN: new flow, V=0x59ac1ca1
SERVERNIC: SYN-ACK: delta=0x525967f8, V=0x59ac1ca1, real_isn=0x0752b4a9
SERVERNIC: SYN-ACK: flushed 3 buffered c2s packets
SERVERNIC: SYN: new flow, V=0x8cd4983b
SERVERNIC: SYN-ACK: delta=0x7dd353df, V=0x8cd4983b, real_isn=0x0f01445c
SERVERNIC: SYN-ACK: flushed 3 buffered c2s packets
SERVERNIC: SYN: new flow, V=0x5a0e4d2b
SERVERNIC: SYN-ACK: delta=0x844fe827, V=0x5a0e4d2b, real_isn=0xd5be6504
SERVERNIC: SYN-ACK: flushed 3 buffered c2s packets
SERVERNIC: SYN: new flow, V=0x2eaa5bbc
SERVERNIC: SYN-ACK: delta=0x21009ccc, V=0x2eaa5bbc, real_isn=0x0da9bef0
SERVERNIC: SYN: new flow, V=0x2b930a68
SERVERNIC: SYN-ACK: delta=0x1e0a16dc, V=0x2b930a68, real_isn=0x0d88f38c
SERVERNIC: SYN-ACK: flushed 1 buffered c2s packets
SERVERNIC: SYN: new flow, V=0x62c5a65e
SERVERNIC: SYN-ACK: delta=0x8541d0ec, V=0x62c5a65e, real_isn=0xdd83d572
SERVERNIC: SYN-ACK: flushed 1 buffered c2s packets
SERVERNIC: SYN: new flow, V=0x9370758e
SERVERNIC: SYN-ACK: delta=0xb0c033ee, V=0x9370758e, real_isn=0xe2b041a0
SERVERNIC: SYN-ACK: flushed 1 buffered c2s packets
SERVERNIC: SYN: new flow, V=0xeaf30890
SERVERNIC: SYN-ACK: delta=0x4706329a, V=0xeaf30890, real_isn=0xa3ecd5f6
SERVERNIC: SYN-ACK: flushed 1 buffered c2s packets
SERVERNIC: SYN: new flow, V=0x4af27bc1
SERVERNIC: SYN-ACK: delta=0x5fa7d602, V=0x4af27bc1, real_isn=0xeb4aa5bf
SERVERNIC: SYN-ACK: flushed 1 buffered c2s packets
SERVERNIC: SYN: new flow, V=0x7e8e052e
SERVERNIC: SYN-ACK: delta=0x235374a6, V=0x7e8e052e, real_isn=0x5b3a9088
SERVERNIC: SYN: new flow, V=0xa1973858
SERVERNIC: SYN-ACK: delta=0x2ce5c601, V=0xa1973858, real_isn=0x74b17257
SERVERNIC: SYN-ACK: flushed 1 buffered c2s packets
SERVERNIC: SYN: new flow, V=0xe87c1f41
SERVERNIC: SYN-ACK: delta=0xe9e23a7d, V=0xe87c1f41, real_isn=0xfe99e4c4
SERVERNIC: SYN-ACK: flushed 3 buffered c2s packets
SERVERNIC: SYN: new flow, V=0xb383bdb8
SERVERNIC: SYN-ACK: delta=0x5af43e73, V=0xb383bdb8, real_isn=0x588f7f45
SERVERNIC: SYN-ACK: flushed 1 buffered c2s packets
SERVERNIC: SYN: new flow, V=0x8ddf5751
SERVERNIC: SYN-ACK: delta=0x257ee6ed, V=0x8ddf5751, real_isn=0x68607064
SERVERNIC: SYN-ACK: flushed 1 buffered c2s packets
SERVERNIC: SYN: new flow, V=0x99e00a28
SERVERNIC: SYN-ACK: delta=0xab12d84e, V=0x99e00a28, real_isn=0xeecd31da
SERVERNIC: SYN: new flow, V=0x0cd3b117
SERVERNIC: SYN-ACK: delta=0xd9b1ef9e, V=0x0cd3b117, real_isn=0x3321c179
SERVERNIC: SYN-ACK: flushed 1 buffered c2s packets
SERVERNIC: SYN: new flow, V=0x619b124b
SERVERNIC: SYN-ACK: delta=0x0a65e35a, V=0x619b124b, real_isn=0x57352ef1
SERVERNIC: SYN-ACK: flushed 1 buffered c2s packets
SERVERNIC: SYN: new flow, V=0x45dc079d
SERVERNIC: SYN-ACK: delta=0x9b96e186, V=0x45dc079d, real_isn=0xaa452617
SERVERNIC: SYN-ACK: flushed 1 buffered c2s packets
SERVERNIC: SYN: new flow, V=0x68057b8e
SERVERNIC: SYN-ACK: delta=0x75d9fb37, V=0x68057b8e, real_isn=0xf22b8057
SERVERNIC: SYN-ACK: flushed 2 buffered c2s packets
SERVERNIC: SYN: new flow, V=0x8781600d
SERVERNIC: SYN-ACK: delta=0x096a8cfa, V=0x8781600d, real_isn=0x7e16d313
SERVERNIC: SYN-ACK: flushed 1 buffered c2s packets
SERVERNIC: SYN: new flow, V=0x6b3f40d9
SERVERNIC: SYN-ACK: delta=0xb5213f47, V=0x6b3f40d9, real_isn=0xb61e0192
SERVERNIC: SYN: new flow, V=0x93ed990c
SERVERNIC: SYN-ACK: delta=0x3f03af57, V=0x93ed990c, real_isn=0x54e9e9b5
SERVERNIC: SYN-ACK: flushed 1 buffered c2s packets
SERVERNIC: SYN: new flow, V=0xa6f415f0
SERVERNIC: SYN-ACK: delta=0xce3766e4, V=0xa6f415f0, real_isn=0xd8bcaf0c
SERVERNIC: SYN-ACK: flushed 3 buffered c2s packets
SERVERNIC: SYN: new flow, V=0xb4d47e8a
SERVERNIC: SYN-ACK: delta=0xb38ced45, V=0xb4d47e8a, real_isn=0x01479145
SERVERNIC: SYN-ACK: flushed 1 buffered c2s packets
SERVERNIC: SYN: new flow, V=0x820e9be4
SERVERNIC: SYN-ACK: delta=0xe63492a0, V=0x820e9be4, real_isn=0x9bda0944
SERVERNIC: SYN: new flow, V=0x4b436fa6
SERVERNIC: SYN-ACK: delta=0x8db39cf6, V=0x4b436fa6, real_isn=0xbd8fd2b0
SERVERNIC: SYN-ACK: flushed 3 buffered c2s packets
SERVERNIC: SYN: new flow, V=0x7a1591bb
SERVERNIC: SYN-ACK: delta=0x513280dd, V=0x7a1591bb, real_isn=0x28e310de
SERVERNIC: SYN-ACK: flushed 1 buffered c2s packets
SERVERNIC: SYN: new flow, V=0x593f1ae7
SERVERNIC: SYN-ACK: delta=0xd19c8856, V=0x593f1ae7, real_isn=0x87a29291
SERVERNIC: SYN: new flow, V=0x58db656f
SERVERNIC: SYN-ACK: delta=0x083812f9, V=0x58db656f, real_isn=0x50a35276
SERVERNIC: SYN-ACK: flushed 3 buffered c2s packets
SERVERNIC: SYN: new flow, V=0x347ddef7
SERVERNIC: SYN-ACK: delta=0xc0600591, V=0x347ddef7, real_isn=0x741dd966
SERVERNIC: SYN-ACK: flushed 1 buffered c2s packets
SERVERNIC: SYN: new flow, V=0xd9abea7a
SERVERNIC: SYN-ACK: delta=0xd3f0482b, V=0xd9abea7a, real_isn=0x05bba24f
SERVERNIC: SYN-ACK: flushed 3 buffered c2s packets
SERVERNIC: SYN: new flow, V=0x08328d38
SERVERNIC: SYN-ACK: delta=0xb27057a9, V=0x08328d38, real_isn=0x55c2358f
SERVERNIC: SYN-ACK: flushed 1 buffered c2s packets
SERVERNIC: SYN: new flow, V=0x06cfdb07
SERVERNIC: SYN-ACK: delta=0xdb9b23f8, V=0x06cfdb07, real_isn=0x2b34b70f
SERVERNIC: SYN-ACK: flushed 1 buffered c2s packets
SERVERNIC: SYN: new flow, V=0xd67bdfac
SERVERNIC: SYN-ACK: delta=0x8ca57678, V=0xd67bdfac, real_isn=0x49d66934
SERVERNIC: SYN-ACK: flushed 3 buffered c2s packets
SERVERNIC: SYN: new flow, V=0x21da7e9e
SERVERNIC: SYN-ACK: delta=0xdc721f1d, V=0x21da7e9e, real_isn=0x45685f81
SERVERNIC: SYN: new flow, V=0xe5e6da9c
SERVERNIC: SYN-ACK: delta=0x665b604a, V=0xe5e6da9c, real_isn=0x7f8b7a52
SERVERNIC: SYN-ACK: flushed 1 buffered c2s packets
SERVERNIC: SYN: new flow, V=0x93fb62de
SERVERNIC: SYN-ACK: delta=0xe2c82f81, V=0x93fb62de, real_isn=0xb133335d
SERVERNIC: SYN-ACK: flushed 3 buffered c2s packets
SERVERNIC: SYN: new flow, V=0x99e9585a
SERVERNIC: SYN-ACK: delta=0x3411f57f, V=0x99e9585a, real_isn=0x65d762db
SERVERNIC: SYN-ACK: flushed 3 buffered c2s packets
SERVERNIC: SYN: new flow, V=0xb57a2f8d
SERVERNIC: SYN-ACK: delta=0x075cec04, V=0xb57a2f8d, real_isn=0xae1d4389
SERVERNIC: SYN: new flow, V=0x0f3ea93c
SERVERNIC: SYN-ACK: delta=0x351cd5d3, V=0x0f3ea93c, real_isn=0xda21d369
SERVERNIC: SYN-ACK: flushed 1 buffered c2s packets
SERVERNIC: SYN: new flow, V=0x404a3a8a
SERVERNIC: SYN-ACK: delta=0xbc32843d, V=0x404a3a8a, real_isn=0x8417b64d
SERVERNIC: SYN-ACK: flushed 3 buffered c2s packets
SERVERNIC: SYN: new flow, V=0xc804de7a
SERVERNIC: SYN-ACK: delta=0x9e1dd8f2, V=0xc804de7a, real_isn=0x29e70588
SERVERNIC: SYN: new flow, V=0x76dae284
SERVERNIC: SYN-ACK: delta=0x82833eb4, V=0x76dae284, real_isn=0xf457a3d0
SERVERNIC: SYN-ACK: flushed 1 buffered c2s packets
SERVERNIC: SYN: new flow, V=0xae77c607
SERVERNIC: SYN-ACK: delta=0x87880ec4, V=0xae77c607, real_isn=0x26efb743
SERVERNIC: SYN-ACK: flushed 1 buffered c2s packets
SERVERNIC: SYN: new flow, V=0x0fa3d561
SERVERNIC: SYN-ACK: delta=0xc8ced6e8, V=0x0fa3d561, real_isn=0x46d4fe79
SERVERNIC: SYN-ACK: flushed 3 buffered c2s packets
SERVERNIC: SYN: new flow, V=0x1d8abdc5
SERVERNIC: SYN-ACK: delta=0x1b99cd4f, V=0x1d8abdc5, real_isn=0x01f0f076
SERVERNIC: SYN-ACK: flushed 2 buffered c2s packets
SERVERNIC: SYN: new flow, V=0xfbddb0f6
SERVERNIC: SYN-ACK: delta=0x7fd7a809, V=0xfbddb0f6, real_isn=0x7c0608ed
SERVERNIC: SYN-ACK: flushed 1 buffered c2s packets
SERVERNIC: SYN: new flow, V=0x6694cbd6
SERVERNIC: SYN-ACK: delta=0x0d4f0918, V=0x6694cbd6, real_isn=0x5945c2be
SERVERNIC: SYN-ACK: flushed 3 buffered c2s packets
SERVERNIC: SYN: new flow, V=0x4cfd5455
SERVERNIC: SYN-ACK: delta=0x785bc372, V=0x4cfd5455, real_isn=0xd4a190e3
SERVERNIC: SYN-ACK: flushed 1 buffered c2s packets
SERVERNIC: SYN: new flow, V=0x9f696556
SERVERNIC: SYN-ACK: delta=0x5441c4da, V=0x9f696556, real_isn=0x4b27a07c
SERVERNIC: SYN-ACK: flushed 3 buffered c2s packets
SERVERNIC: SYN: new flow, V=0xadb84208
SERVERNIC: SYN-ACK: delta=0xec5ce62a, V=0xadb84208, real_isn=0xc15b5bde
SERVERNIC: SYN-ACK: flushed 1 buffered c2s packets
SERVERNIC: SYN: new flow, V=0x3664e7d1
SERVERNIC: SYN-ACK: delta=0xf6905a94, V=0x3664e7d1, real_isn=0x3fd48d3d
SERVERNIC: SYN: new flow, V=0x635c2325
SERVERNIC: SYN-ACK: delta=0xcb1582ad, V=0x635c2325, real_isn=0x9846a078
SERVERNIC: SYN-ACK: flushed 1 buffered c2s packets
SERVERNIC: SYN: new flow, V=0x1140e44c
SERVERNIC: SYN-ACK: delta=0xc2125058, V=0x1140e44c, real_isn=0x4f2e93f4
SERVERNIC: SYN-ACK: flushed 3 buffered c2s packets
SERVERNIC: SYN: new flow, V=0x2d45c578
SERVERNIC: SYN-ACK: delta=0x6ef3bdc0, V=0x2d45c578, real_isn=0xbe5207b8
SERVERNIC: SYN-ACK: flushed 3 buffered c2s packets
SERVERNIC: SYN: new flow, V=0xe4efc13e
SERVERNIC: SYN-ACK: delta=0x261000d9, V=0xe4efc13e, real_isn=0xbedfc065
SERVERNIC: SYN-ACK: flushed 3 buffered c2s packets
SERVERNIC: SYN: new flow, V=0x53c2477f
SERVERNIC: SYN-ACK: delta=0xaf8732b8, V=0x53c2477f, real_isn=0xa43b14c7
SERVERNIC: SYN: new flow, V=0xb9fcb74d
SERVERNIC: SYN-ACK: delta=0xe8d31f7f, V=0xb9fcb74d, real_isn=0xd12997ce
SERVERNIC: SYN-ACK: flushed 1 buffered c2s packets
SERVERNIC: SYN: new flow, V=0x934cbf42
SERVERNIC: SYN-ACK: delta=0x6a3f1f61, V=0x934cbf42, real_isn=0x290d9fe1
SERVERNIC: SYN-ACK: flushed 1 buffered c2s packets
SERVERNIC: SYN: new flow, V=0x3fff6c6c
SERVERNIC: SYN-ACK: delta=0x9ef52b3a, V=0x3fff6c6c, real_isn=0xa10a4132
SERVERNIC: SYN-ACK: flushed 3 buffered c2s packets
SERVERNIC: SYN: new flow, V=0xd5fa1895
SERVERNIC: SYN-ACK: delta=0xfbe26573, V=0xd5fa1895, real_isn=0xda17b322
SERVERNIC: SYN-ACK: flushed 3 buffered c2s packets
SERVERNIC: SYN: new flow, V=0x8c6b9577
SERVERNIC: SYN-ACK: delta=0xbea6ce92, V=0x8c6b9577, real_isn=0xcdc4c6e5
SERVERNIC: SYN-ACK: flushed 1 buffered c2s packets
SERVERNIC: SYN: new flow, V=0xa97a291c
SERVERNIC: SYN-ACK: delta=0xf15a4382, V=0xa97a291c, real_isn=0xb81fe59a
SERVERNIC: SYN-ACK: flushed 1 buffered c2s packets
SERVERNIC: SYN: new flow, V=0x2d5911c8
SERVERNIC: SYN-ACK: delta=0xc8c8cf4a, V=0x2d5911c8, real_isn=0x6490427e
SERVERNIC: SYN-ACK: flushed 1 buffered c2s packets
SERVERNIC: SYN: new flow, V=0x9dc7af4d
SERVERNIC: SYN-ACK: delta=0x5ec386a8, V=0x9dc7af4d, real_isn=0x3f0428a5
SERVERNIC: SYN: new flow, V=0xe6a63d8f
SERVERNIC: SYN-ACK: delta=0x3f3744b4, V=0xe6a63d8f, real_isn=0xa76ef8db
SERVERNIC: SYN-ACK: flushed 3 buffered c2s packets
SERVERNIC: SYN: new flow, V=0x16d6f483
SERVERNIC: SYN-ACK: delta=0x4fab515e, V=0x16d6f483, real_isn=0xc72ba325
SERVERNIC: SYN-ACK: flushed 3 buffered c2s packets
SERVERNIC: SYN: new flow, V=0xc57dd6bb
SERVERNIC: SYN-ACK: delta=0x253c7fa9, V=0xc57dd6bb, real_isn=0xa0415712
SERVERNIC: SYN-ACK: flushed 1 buffered c2s packets
SERVERNIC: SYN: new flow, V=0x53722525
SERVERNIC: SYN-ACK: delta=0x6cfadd54, V=0x53722525, real_isn=0xe67747d1
SERVERNIC: SYN-ACK: flushed 1 buffered c2s packets
SERVERNIC: SYN: new flow, V=0x918d53a9
SERVERNIC: SYN-ACK: delta=0x9afae14d, V=0x918d53a9, real_isn=0xf692725c
SERVERNIC: SYN: new flow, V=0xaaebda37
SERVERNIC: SYN-ACK: delta=0x75f81721, V=0xaaebda37, real_isn=0x34f3c316
SERVERNIC: SYN-ACK: flushed 1 buffered c2s packets
SERVERNIC: SYN: new flow, V=0xaf35d08f
SERVERNIC: SYN-ACK: delta=0xeaead566, V=0xaf35d08f, real_isn=0xc44afb29
SERVERNIC: SYN-ACK: flushed 3 buffered c2s packets
SERVERNIC: SYN: new flow, V=0xc86c6641
SERVERNIC: SYN-ACK: delta=0x47f30750, V=0xc86c6641, real_isn=0x80795ef1
SERVERNIC: SYN: new flow, V=0xfabfff3d
SERVERNIC: SYN-ACK: delta=0xacd78540, V=0xfabfff3d, real_isn=0x4de879fd
SERVERNIC: SYN-ACK: flushed 3 buffered c2s packets
SERVERNIC: SYN: new flow, V=0x023635da
SERVERNIC: SYN-ACK: delta=0x70331308, V=0x023635da, real_isn=0x920322d2
SERVERNIC: SYN-ACK: flushed 1 buffered c2s packets
SERVERNIC: SYN: new flow, V=0xd0524051
SERVERNIC: SYN-ACK: delta=0x09f9427f, V=0xd0524051, real_isn=0xc658fdd2
SERVERNIC: SYN-ACK: flushed 3 buffered c2s packets
SERVERNIC: SYN: new flow, V=0x30317e68
SERVERNIC: SYN-ACK: delta=0x284e0289, V=0x30317e68, real_isn=0x07e37bdf
SERVERNIC: SYN: new flow, V=0x06b26f4e
SERVERNIC: SYN-ACK: delta=0x9444d0c3, V=0x06b26f4e, real_isn=0x726d9e8b
SERVERNIC: SYN-ACK: flushed 3 buffered c2s packets
SERVERNIC: SYN: new flow, V=0xaf47a91b
SERVERNIC: SYN-ACK: delta=0x496c6ab1, V=0xaf47--output truncated--
---------------------
[1;33m[WARN][0m ClientNIC log (/tmp/clientnic.log): fetched 23992 bytes, at this transport's 24000-byte output cap — content is TRUNCATED. Counts and greps below cover only the captured prefix. Read the full file on the node.
--- ClientNIC DPDK log ---
[1;33m[09:00:01] Killing any leftover clientnic-dpdk-forwarder/tcpdump processes...[0m
[1;33m[09:00:02] Syncing code to origin/fix/secret-rename (hard reset ? discards VM-local drift)...[0m
From https://github.com/ofekm5/zero-rtt-tcp
 * branch            fix/secret-rename -> FETCH_HEAD
HEAD is now at 7313ced ci: experiment baseline bundle 20260811-085652 [skip ci]
[1;33m[09:00:03] SKIP_BUILD=1 ? skipping meson+ninja build.[0m
[1;33m[09:00:03] Using existing binary: /home/ec2-user/zero-rtt-tcp/src/clientnic/dpdk-forwarder/builddir/clientnic-dpdk-forwarder[0m
[1;33m[09:00:03] Gateway MAC (ServerNIC eth1, Middle subnet DPDK port): 02:f2:55:12:4c:cb[0m
[1;33m[09:00:03] Our client-facing port MAC (eth2):     02:bc:a6:41:1c:2b[0m
[1;33m[09:00:03] Our ServerNIC-facing port MAC (eth1):  02:9a:5a:ea:c9:95[0m
[1;33m[09:00:03] IP forwarding: enabled[0m
[1;33m[09:00:03] Starting clientnic-dpdk-forwarder ? transparent forwarding with V-stamp. Press Ctrl+C to stop.[0m
[1;33m[09:00:03]   --port=8080 --port-count=4 --gw-mac=02:f2:55:12:4c:cb[0m
[1;33m[09:00:03]   --client-port-mac=02:bc:a6:41:1c:2b --server-port-mac=02:9a:5a:ea:c9:95[0m
[1;33m[09:00:03]   --wan-delay-us=50000 (emulated WAN, middle leg ? must match ServerNIC)[0m

EAL: Detected CPU lcores: 2
EAL: Detected NUMA nodes: 1
EAL: Detected shared linkage of DPDK
EAL: Multi-process socket /var/run/dpdk/rte/mp_socket
EAL: Selected IOVA mode 'PA'
EAL: VFIO support initialized
EAL: Using IOMMU type 8 (No-IOMMU)
EAL: Probe PCI driver: net_ena (1d0f:ec20) device: 0000:00:06.0 (socket -1)
ena_get_metrics_entries(): 0x6 customer metrics are supported
EAL: Probe PCI driver: net_ena (1d0f:ec20) device: 0000:00:07.0 (socket -1)
ena_get_metrics_entries(): 0x6 customer metrics are supported
TELEMETRY: No legacy callbacks, legacy socket not created
FORWARDER: ClientNIC DPDK Forwarder starting (port=8080..8083)
FORWARDER: Gateway MAC: 02:f2:55:12:4c:cb
FORWARDER: Port map: client-facing=port 1, ServerNIC-facing=port 0
FORWARDER: eth0: DPDK port 1 started, client-facing (MAC=02:bc:a6:41:1c:2b)
FORWARDER: wan-delay: holding middle-leg TX for 50000 us (150000000 cycles, ring=8192 packets)
FORWARDER: eth1: DPDK port 0 started, ServerNIC-facing (MAC=02:9a:5a:ea:c9:95, gw=02:f2:55:12:4c:cb)
FORWARDER: Entering busy-poll loop...
FORWARDER: stats client-facing (port 1): rx=0 tx=0 imissed=0 rx_nombuf=0 ierrors=0 oerrors=0
FORWARDER: stats ServerNIC-facing (port 0): rx=0 tx=0 imissed=0 rx_nombuf=0 ierrors=0 oerrors=0
FORWARDER: stats mempool: avail=14337/16383 low-water=16383
FORWARDER: stats wan_delay: held=0/8192 released=0
FORWARDER: stats client-facing (port 1): rx=0 tx=0 imissed=0 rx_nombuf=0 ierrors=0 oerrors=0
FORWARDER: stats ServerNIC-facing (port 0): rx=0 tx=0 imissed=0 rx_nombuf=0 ierrors=0 oerrors=0
FORWARDER: stats mempool: avail=14337/16383 low-water=16383
FORWARDER: stats wan_delay: held=0/8192 released=0
FORWARDER: stats client-facing (port 1): rx=0 tx=0 imissed=0 rx_nombuf=0 ierrors=0 oerrors=0
FORWARDER: stats ServerNIC-facing (port 0): rx=0 tx=0 imissed=0 rx_nombuf=0 ierrors=0 oerrors=0
FORWARDER: stats mempool: avail=14337/16383 low-water=16383
FORWARDER: stats wan_delay: held=0/8192 released=0
FORWARDER: stats client-facing (port 1): rx=0 tx=0 imissed=0 rx_nombuf=0 ierrors=0 oerrors=0
FORWARDER: stats ServerNIC-facing (port 0): rx=0 tx=0 imissed=0 rx_nombuf=0 ierrors=0 oerrors=0
FORWARDER: stats mempool: avail=14337/16383 low-water=16383
FORWARDER: stats wan_delay: held=0/8192 released=0
FORWARDER: SYN: spoofed SYN-ACK sent, SYN forwarded with V=0xdb6084f7 in ack-num
FORWARDER: SYN: spoofed SYN-ACK sent, SYN forwarded with V=0xde2fe45e in ack-num
FORWARDER: SYN: spoofed SYN-ACK sent, SYN forwarded with V=0x52ab2164 in ack-num
FORWARDER: SYN: spoofed SYN-ACK sent, SYN forwarded with V=0xe4072840 in ack-num
FORWARDER: SYN: spoofed SYN-ACK sent, SYN forwarded with V=0xc40427d4 in ack-num
FORWARDER: SYN: spoofed SYN-ACK sent, SYN forwarded with V=0x2852be73 in ack-num
FORWARDER: SYN: spoofed SYN-ACK sent, SYN forwarded with V=0x63569030 in ack-num
FORWARDER: SYN: spoofed SYN-ACK sent, SYN forwarded with V=0xc999162e in ack-num
FORWARDER: SYN: spoofed SYN-ACK sent, SYN forwarded with V=0x966f17d2 in ack-num
FORWARDER: SYN: spoofed SYN-ACK sent, SYN forwarded with V=0x1cde3d12 in ack-num
FORWARDER: SYN: spoofed SYN-ACK sent, SYN forwarded with V=0x0431842b in ack-num
FORWARDER: SYN: spoofed SYN-ACK sent, SYN forwarded with V=0x9d460827 in ack-num
FORWARDER: SYN: spoofed SYN-ACK sent, SYN forwarded with V=0xd1b0b489 in ack-num
FORWARDER: SYN: spoofed SYN-ACK sent, SYN forwarded with V=0x853db32e in ack-num
FORWARDER: SYN: spoofed SYN-ACK sent, SYN forwarded with V=0xa2eee736 in ack-num
FORWARDER: SYN: spoofed SYN-ACK sent, SYN forwarded with V=0x6582bbdd in ack-num
FORWARDER: SYN: spoofed SYN-ACK sent, SYN forwarded with V=0xdc1a3a11 in ack-num
FORWARDER: SYN: spoofed SYN-ACK sent, SYN forwarded with V=0x3dd53fca in ack-num
FORWARDER: SYN: spoofed SYN-ACK sent, SYN forwarded with V=0x9d9716b7 in ack-num
FORWARDER: SYN: spoofed SYN-ACK sent, SYN forwarded with V=0x859ec52d in ack-num
FORWARDER: SYN: spoofed SYN-ACK sent, SYN forwarded with V=0x440ba328 in ack-num
FORWARDER: SYN: spoofed SYN-ACK sent, SYN forwarded with V=0xe2ad41a7 in ack-num
FORWARDER: SYN: spoofed SYN-ACK sent, SYN forwarded with V=0x7e30c7dd in ack-num
FORWARDER: SYN: spoofed SYN-ACK sent, SYN forwarded with V=0xa143dcb3 in ack-num
FORWARDER: SYN: spoofed SYN-ACK sent, SYN forwarded with V=0xe9f0316d in ack-num
FORWARDER: SYN: spoofed SYN-ACK sent, SYN forwarded with V=0x8c9aae38 in ack-num
FORWARDER: SYN: spoofed SYN-ACK sent, SYN forwarded with V=0x14971153 in ack-num
FORWARDER: SYN: spoofed SYN-ACK sent, SYN forwarded with V=0x4ea4b64e in ack-num
FORWARDER: SYN: spoofed SYN-ACK sent, SYN forwarded with V=0x76f9424c in ack-num
FORWARDER: SYN: spoofed SYN-ACK sent, SYN forwarded with V=0x12957460 in ack-num
FORWARDER: SYN: spoofed SYN-ACK sent, SYN forwarded with V=0x46158e83 in ack-num
FORWARDER: SYN: spoofed SYN-ACK sent, SYN forwarded with V=0x19b435e1 in ack-num
FORWARDER: SYN: spoofed SYN-ACK sent, SYN forwarded with V=0x12a600e3 in ack-num
FORWARDER: SYN: spoofed SYN-ACK sent, SYN forwarded with V=0x48fc5bf8 in ack-num
FORWARDER: SYN: spoofed SYN-ACK sent, SYN forwarded with V=0x7a1188f6 in ack-num
FORWARDER: SYN: spoofed SYN-ACK sent, SYN forwarded with V=0x11167e40 in ack-num
FORWARDER: SYN: spoofed SYN-ACK sent, SYN forwarded with V=0x3d78f7d1 in ack-num
FORWARDER: SYN: spoofed SYN-ACK sent, SYN forwarded with V=0x02ede292 in ack-num
FORWARDER: SYN: spoofed SYN-ACK sent, SYN forwarded with V=0xa5299397 in ack-num
FORWARDER: SYN: spoofed SYN-ACK sent, SYN forwarded with V=0xa2b4eefd in ack-num
FORWARDER: SYN: spoofed SYN-ACK sent, SYN forwarded with V=0x6e5c3d57 in ack-num
FORWARDER: SYN: spoofed SYN-ACK sent, SYN forwarded with V=0xae228c01 in ack-num
FORWARDER: SYN: spoofed SYN-ACK sent, SYN forwarded with V=0x02b64625 in ack-num
FORWARDER: SYN: spoofed SYN-ACK sent, SYN forwarded with V=0x7af96f2d in ack-num
FORWARDER: SYN: spoofed SYN-ACK sent, SYN forwarded with V=0x0589c18c in ack-num
FORWARDER: SYN: spoofed SYN-ACK sent, SYN forwarded with V=0xb86588c4 in ack-num
FORWARDER: SYN: spoofed SYN-ACK sent, SYN forwarded with V=0x2772ef80 in ack-num
FORWARDER: SYN: spoofed SYN-ACK sent, SYN forwarded with V=0xe4b72d0e in ack-num
FORWARDER: SYN: spoofed SYN-ACK sent, SYN forwarded with V=0x59ac1ca1 in ack-num
FORWARDER: SYN: spoofed SYN-ACK sent, SYN forwarded with V=0x8cd4983b in ack-num
FORWARDER: SYN: spoofed SYN-ACK sent, SYN forwarded with V=0x5a0e4d2b in ack-num
FORWARDER: SYN: spoofed SYN-ACK sent, SYN forwarded with V=0x2eaa5bbc in ack-num
FORWARDER: SYN: spoofed SYN-ACK sent, SYN forwarded with V=0x2b930a68 in ack-num
FORWARDER: SYN: spoofed SYN-ACK sent, SYN forwarded with V=0x62c5a65e in ack-num
FORWARDER: SYN: spoofed SYN-ACK sent, SYN forwarded with V=0x9370758e in ack-num
FORWARDER: SYN: spoofed SYN-ACK sent, SYN forwarded with V=0xeaf30890 in ack-num
FORWARDER: SYN: spoofed SYN-ACK sent, SYN forwarded with V=0x4af27bc1 in ack-num
FORWARDER: SYN: spoofed SYN-ACK sent, SYN forwarded with V=0x7e8e052e in ack-num
FORWARDER: SYN: spoofed SYN-ACK sent, SYN forwarded with V=0xa1973858 in ack-num
FORWARDER: SYN: spoofed SYN-ACK sent, SYN forwarded with V=0xe87c1f41 in ack-num
FORWARDER: SYN: spoofed SYN-ACK sent, SYN forwarded with V=0xb383bdb8 in ack-num
FORWARDER: SYN: spoofed SYN-ACK sent, SYN forwarded with V=0x8ddf5751 in ack-num
FORWARDER: SYN: spoofed SYN-ACK sent, SYN forwarded with V=0x99e00a28 in ack-num
FORWARDER: SYN: spoofed SYN-ACK sent, SYN forwarded with V=0x0cd3b117 in ack-num
FORWARDER: SYN: spoofed SYN-ACK sent, SYN forwarded with V=0x619b124b in ack-num
FORWARDER: SYN: spoofed SYN-ACK sent, SYN forwarded with V=0x45dc079d in ack-num
FORWARDER: SYN: spoofed SYN-ACK sent, SYN forwarded with V=0x68057b8e in ack-num
FORWARDER: SYN: spoofed SYN-ACK sent, SYN forwarded with V=0x8781600d in ack-num
FORWARDER: SYN: spoofed SYN-ACK sent, SYN forwarded with V=0x6b3f40d9 in ack-num
FORWARDER: SYN: spoofed SYN-ACK sent, SYN forwarded with V=0x93ed990c in ack-num
FORWARDER: SYN: spoofed SYN-ACK sent, SYN forwarded with V=0xa6f415f0 in ack-num
FORWARDER: SYN: spoofed SYN-ACK sent, SYN forwarded with V=0xb4d47e8a in ack-num
FORWARDER: SYN: spoofed SYN-ACK sent, SYN forwarded with V=0x820e9be4 in ack-num
FORWARDER: SYN: spoofed SYN-ACK sent, SYN forwarded with V=0x4b436fa6 in ack-num
FORWARDER: SYN: spoofed SYN-ACK sent, SYN forwarded with V=0x7a1591bb in ack-num
FORWARDER: SYN: spoofed SYN-ACK sent, SYN forwarded with V=0x593f1ae7 in ack-num
FORWARDER: SYN: spoofed SYN-ACK sent, SYN forwarded with V=0x58db656f in ack-num
FORWARDER: SYN: spoofed SYN-ACK sent, SYN forwarded with V=0x347ddef7 in ack-num
FORWARDER: SYN: spoofed SYN-ACK sent, SYN forwarded with V=0xd9abea7a in ack-num
FORWARDER: SYN: spoofed SYN-ACK sent, SYN forwarded with V=0x08328d38 in ack-num
FORWARDER: SYN: spoofed SYN-ACK sent, SYN forwarded with V=0x06cfdb07 in ack-num
FORWARDER: SYN: spoofed SYN-ACK sent, SYN forwarded with V=0xd67bdfac in ack-num
FORWARDER: SYN: spoofed SYN-ACK sent, SYN forwarded with V=0x21da7e9e in ack-num
FORWARDER: SYN: spoofed SYN-ACK sent, SYN forwarded with V=0xe5e6da9c in ack-num
FORWARDER: SYN: spoofed SYN-ACK sent, SYN forwarded with V=0x93fb62de in ack-num
FORWARDER: SYN: spoofed SYN-ACK sent, SYN forwarded with V=0x99e9585a in ack-num
FORWARDER: SYN: spoofed SYN-ACK sent, SYN forwarded with V=0xb57a2f8d in ack-num
FORWARDER: SYN: spoofed SYN-ACK sent, SYN forwarded with V=0x0f3ea93c in ack-num
FORWARDER: SYN: spoofed SYN-ACK sent, SYN forwarded with V=0x404a3a8a in ack-num
FORWARDER: SYN: spoofed SYN-ACK sent, SYN forwarded with V=0xc804de7a in ack-num
FORWARDER: SYN: spoofed SYN-ACK sent, SYN forwarded with V=0x76dae284 in ack-num
FORWARDER: SYN: spoofed SYN-ACK sent, SYN forwarded with V=0xae77c607 in ack-num
FORWARDER: SYN: spoofed SYN-ACK sent, SYN forwarded with V=0x0fa3d561 in ack-num
FORWARDER: SYN: spoofed SYN-ACK sent, SYN forwarded with V=0x1d8abdc5 in ack-num
FORWARDER: SYN: spoofed SYN-ACK sent, SYN forwarded with V=0xfbddb0f6 in ack-num
FORWARDER: SYN: spoofed SYN-ACK sent, SYN forwarded with V=0x6694cbd6 in ack-num
FORWARDER: SYN: spoofed SYN-ACK sent, SYN forwarded with V=0x4cfd5455 in ack-num
FORWARDER: SYN: spoofed SYN-ACK sent, SYN forwarded with V=0x9f696556 in ack-num
FORWARDER: SYN: spoofed SYN-ACK sent, SYN forwarded with V=0xadb84208 in ack-num
FORWARDER: SYN: spoofed SYN-ACK sent, SYN forwarded with V=0x3664e7d1 in ack-num
FORWARDER: SYN: spoofed SYN-ACK sent, SYN forwarded with V=0x635c2325 in ack-num
FORWARDER: SYN: spoofed SYN-ACK sent, SYN forwarded with V=0x1140e44c in ack-num
FORWARDER: SYN: spoofed SYN-ACK sent, SYN forwarded with V=0x2d45c578 in ack-num
FORWARDER: SYN: spoofed SYN-ACK sent, SYN forwarded with V=0xe4efc13e in ack-num
FORWARDER: SYN: spoofed SYN-ACK sent, SYN forwarded with V=0x53c2477f in ack-num
FORWARDER: SYN: spoofed SYN-ACK sent, SYN forwarded with V=0xb9fcb74d in ack-num
FORWARDER: SYN: spoofed SYN-ACK sent, SYN forwarded with V=0x934cbf42 in ack-num
FORWARDER: SYN: spoofed SYN-ACK sent, SYN forwarded with V=0x3fff6c6c in ack-num
FORWARDER: SYN: spoofed SYN-ACK sent, SYN forwarded with V=0xd5fa1895 in ack-num
FORWARDER: SYN: spoofed SYN-ACK sent, SYN forwarded with V=0x8c6b9577 in ack-num
FORWARDER: SYN: spoofed SYN-ACK sent, SYN forwarded with V=0xa97a291c in ack-num
FORWARDER: SYN: spoofed SYN-ACK sent, SYN forwarded with V=0x2d5911c8 in ack-num
FORWARDER: SYN: spoofed SYN-ACK sent, SYN forwarded with V=0x9dc7af4d in ack-num
FORWARDER: SYN: spoofed SYN-ACK sent, SYN forwarded with V=0xe6a63d8f in ack-num
FORWARDER: SYN: spoofed SYN-ACK sent, SYN forwarded with V=0x16d6f483 in ack-num
FORWARDER: SYN: spoofed SYN-ACK sent, SYN forwarded with V=0xc57dd6bb in ack-num
FORWARDER: SYN: spoofed SYN-ACK sent, SYN forwarded with V=0x53722525 in ack-num
FORWARDER: SYN: spoofed SYN-ACK sent, SYN forwarded with V=0x918d53a9 in ack-num
FORWARDER: SYN: spoofed SYN-ACK sent, SYN forwarded with V=0xaaebda37 in ack-num
FORWARDER: SYN: spoofed SYN-ACK sent, SYN forwarded with V=0xaf35d08f in ack-num
FORWARDER: SYN: spoofed SYN-ACK sent, SYN forwarded with V=0xc86c6641 in ack-num
FORWARDER: SYN: spoofed SYN-ACK sent, SYN forwarded with V=0xfabfff3d in ack-num
FORWARDER: SYN: spoofed SYN-ACK sent, SYN forwarded with V=0x023635da in ack-num
FORWARDER: SYN: spoofed SYN-ACK sent, SYN forwarded with V=0xd0524051 in ack-num
FORWARDER: SYN: spoofed SYN-ACK sent, SYN forwarded with V=0x30317e68 in ack-num
FORWARDER: SYN: spoofed SYN-ACK sent, SYN forwarded with V=0x06b26f4e in ack-num
FORWARDER: SYN: spoofed SYN-ACK sent, SYN forwarded with V=0xaf47a91b in ack-num
FORWARDER: SYN: spoofed SYN-ACK sent, SYN forwarded with V=0xe6604a76 in ack-num
FORWARDER: SYN: spoofed SYN-ACK sent, SYN forwarded with V=0xa0b81aaa in ack-num
FORWARDER: SYN: spoofed SYN-ACK sent, SYN forwarded with V=0x06f28950 in ack-num
FORWARDER: SYN: spoofed SYN-ACK sent, SYN forwarded with V=0xc5cdf728 in ack-num
FORWARDER: SYN: spoofed SYN-ACK sent, SYN forwarded with V=0xc589f7a3 in ack-num
FORWARDER: SYN: spoofed SYN-ACK sent, SYN forwarded with V=0xde2d8574 in ack-num
FORWARDER: SYN: spoofed SYN-ACK sent, SYN forwarded with V=0x90a99ab2 in ack-num
FORWARDER: SYN: spoofed SYN-ACK sent, SYN forwarded with V=0x7d163400 in ack-num
FORWARDER: SYN: spoofed SYN-ACK sent, SYN forwarded with V=0x8b8fa9cb in ack-num
FORWARDER: SYN: spoofed SYN-ACK sent, SYN forwarded with V=0xc450210c in ack-num
FORWARDER: SYN: spoofed SYN-ACK sent, SYN forwarded with V=0x1447b21e in ack-num
FORWARDER: SYN: spoofed SYN-ACK sent, SYN forwarded with V=0xcdb1de80 in ack-num
FORWARDER: SYN: spoofed SYN-ACK sent, SYN forwarded with V=0x8e955664 in ack-num
FORWARDER: SYN: spoofed SYN-ACK sent, SYN forwarded with V=0xc3dbd9f1 in ack-num
FORWARDER: SYN: spoofed SYN-ACK sent, SYN forwarded with V=0x99f394cb in ack-num
FORWARDER: SYN: spoofed SYN-ACK sent, SYN forwarded with V=0x5b6c9008 in ack-num
FORWARDER: SYN: spoofed SYN-ACK sent, SYN forwarded with V=0xe09405c5 in ack-num
FORWARDER: SYN: spoofed SYN-ACK sent, SYN forwarded with V=0xfaf2f364 in ack-num
FORWARDER: SYN: spoofed SYN-ACK sent, SYN forwarded with V=0x049784bc in ack-num
FORWARDER: SYN: spoofed SYN-ACK sent, SYN forwarded with V=0x547d2f6f in ack-num
FORWARDER: SYN: spoofed SYN-ACK sent, SYN forwarded with V=0xf86390cf in ack-num
FORWARDER: SYN: spoofed SYN-ACK sent, SYN forwarded with V=0x1aa9dcfe in ack-num
FORWARDER: SYN: spoofed SYN-ACK sent, SYN forwarded with V=0x1695c4c2 in ack-num
FORWARDER: SYN: spoofed SYN-ACK sent, SYN forwarded with V=0xb63ac4ee in ack-num
FORWARDER: SYN: spoofed SYN-ACK sent, SYN forwarded with V=0xb6237706 in ack-num
FORWARDER: SYN: spoofed SYN-ACK sent, SYN forwarded with V=0xdbc0bb4b in ack-num
FORWARDER: SYN: spoofed SYN-ACK sent, SYN forwarded with V=0x89a59963 in ack-num
FORWARDER: SYN: spoofed SYN-ACK sent, SYN forwarded with V=0xb6df8382 in ack-num
FORWARDER: SYN: spoofed SYN-ACK sent, SYN forwarded with V=0x49ca0eed in ack-num
FORWARDER: SYN: spoofed SYN-ACK sent, SYN forwarded with V=0xa6d95981 in ack-num
FORWARDER: SYN: spoofed SYN-ACK sent, SYN forwarded with V=0xe1c354ce in ack-num
FORWARDER: SYN: spoofed SYN-ACK sent, SYN forwarded with V=0x8d88cfc4 in ack-num
FORWARDER: SYN: spoofed SYN-ACK sent, SYN forwarded with V=0xae225b94 in ack-num
FORWARDER: SYN: spoofed SYN-ACK sent, SYN forwarded with V=0x64c6ee01 in ack-num
FORWARDER: SYN: spoofed SYN-ACK sent, SYN forwarded with V=0x9d690c6b in ack-num
FORWARDER: SYN: spoofed SYN-ACK sent, SYN forwarded with V=0x6c80f985 in ack-num
FORWARDER: SYN: spoofed SYN-ACK sent, SYN forwarded with V=0x622850ab in ack-num
FORWARDER: SYN: spoofed SYN-ACK sent, SYN forwarded with V=0xefead7ff in ack-num
FORWARDER: SYN: spoofed SYN-ACK sent, SYN forwarded with V=0x06c88f1b in ack-num
FORWARDER: SYN: spoofed SYN-ACK sent, SYN forwarded with V=0x6d4fa42a in ack-num
FORWARDER: SYN: spoofed SYN-ACK sent, SYN forwarded with V=0x648f205a in ack-num
FORWARDER: SYN: spoofed SYN-ACK sent, SYN forwarded with V=0x406581bf in ack-num
FORWARDER: SYN: spoofed SYN-ACK sent, SYN forwarded with V=0xe4bb0532 in ack-num
FORWARDER: SYN: spoofed SYN-ACK sent, SYN forwarded with V=0xd0dd450b in ack-num
FORWARDER: SYN: spoofed SYN-ACK sent, SYN forwarded with V=0xb13a6a74 in ack-num
FORWARDER: SYN: spoofed SYN-ACK sent, SYN forwarded with V=0x279a5205 in ack-num
FORWARDER: SYN: spoofed SYN-ACK sent, SYN forwarded with V=0x0970ae0c in ack-num
FORWARDER: SYN: spoofed SYN-ACK sent, SYN forwarded with V=0x29266952 in ack-num
FORWARDER: SYN: spoofed SYN-ACK sent, SYN forwarded with V=0x05c98236 in ack-num
FORWARDER: SYN: spoofed SYN-ACK sent, SYN forwarded with V=0x1f53518f in ack-num
FORWARDER: SYN: spoofed SYN-ACK sent, SYN forwarded with V=0x0a0a9f82 in ack-num
FORWARDER: SYN: spoofed SYN-ACK sent, SYN forwarded with V=0x46bc2ba9 in ack-num
FORWARDER: SYN: spoofed SYN-ACK sent, SYN forwarded with V=0xfc071fc9 in ack-num
FORWARDER: SYN: spoofed SYN-ACK sent, SYN forwarded with V=0x2a33609b in ack-num
FORWARDER: SYN: spoofed SYN-ACK sent, SYN forwarded with V=0x043bce36 in ack-num
FORWARDER: SYN: spoofed SYN-ACK sent, SYN forwarded with V=0x1d2353e5 in ack-num
FORWARDER: SYN: spoofed SYN-ACK sent, SYN forwarded with V=0x62b76db2 in ack-num
FORWARDER: SYN: spoofed SYN-ACK sent, SYN forwarded with V=0x60d854fb in ack-num
FORWARDER: SYN: spoofed SYN-ACK sent, SYN forwarded with V=0xdf0f2347 in ack-num
FORWARDER: SYN: spoofed SYN-ACK sent, SYN forwarded with V=0x1683c00b in ack-num
FORWARDER: SYN: spoofed SYN-ACK sent, SYN forwarded with V=0x2fd45ae7 in ack-num
FORWARDER: SYN: spoofed SYN-ACK sent, SYN forwarded with V=0xfa9d546a in ack-num
FORWARDER: SYN: spoofed SYN-ACK sent, SYN forwarded with V=0x38f7ab17 in ack-num
FORWARDER: SYN: spoofed SYN-ACK sent, SYN forwarded with V=0xae6cb759 in ack-num
FORWARDER: SYN: spoofed SYN-ACK sent, SYN forwarded with V=0x8780956a in ack-num
FORWARDER: SYN: spoofed SYN-ACK sent, SYN forwarded with V=0x7fb9cded in ack-num
FORWARDER: SYN: spoofed SYN-ACK sent, SYN forwarded with V=0xbc022e80 in ack-num
FORWARDER: SYN: spoofed SYN-ACK sent, SYN forwarded with V=0x680bf9ff in ack-num
FORWARDER: SYN: spoofed SYN-ACK sent, SYN forwarded with V=0xd02dc05e in ack-num
FORWARDER: SYN: spoofed SYN-ACK sent, SYN forwarded with V=0x15c098ae in ack-num
FORWARDER: SYN: spoofed SYN-ACK sent, SYN forwarded with V=0x8315cdd5 in ack-num
FORWARDER: SYN: spoofed SYN-ACK sent, SYN forwarded with V=0xc6fba4f0 in ack-num
FORWARDER: SYN: spoofed SYN-ACK sent, SYN forwarded with V=0x2fba2691 in ack-num
FORWARDER: SYN: spoofed SYN-ACK sent, SYN forwarded with V=0x51239a1f in ack-num
FORWARDER: SYN: spoofed SYN-ACK sent, SYN forwarded with V=0x4715d3e4 in ack-num
FORWARDER: SYN: spoofed SYN-ACK sent, SYN forwarded with V=0xaef6db67 in ack-num
FORWARDER: SYN: spoofed SYN-ACK sent, SYN forwarded with V=0x40a3095f in ack-num
FORWARDER: SYN: spoofed SYN-ACK sent, SYN forwarded with V=0x1b663461 in ack-num
FORWARDER: SYN: spoofed SYN-ACK sent, SYN forwarded with V=0x613a97e5 in ack-num
FORWARDER: SYN: spoofed SYN-ACK sent, SYN forwarded with V=0x0420e3b9 in ack-num
FORWARDER: SYN: spoofed SYN-ACK sent, SYN forwarded with V=0xccb79008 in ack-num
FORWARDER: SYN: spoofed SYN-ACK sent, SYN forwarded with V=0xae93932e in ack-num
FORWARDER: SYN: spoofed SYN-ACK sent, SYN forwarded with V=0x07e14a9f in ack-num
FORWARDER: SYN: spoofed SYN-ACK sent, SYN forwarded with V=0x8a314e13 in ack-num
FORWARDER: SYN: spoofed SYN-ACK sent, SYN forwarded with V=0x49dfc5bc in ack-num
FORWARDER: SYN: spoofed SYN-ACK sent, SYN forwarded with V=0xa0c1020f in ack-num
FORWARDER: SYN: spoofed SYN-ACK sent, SYN forwarded with V=0xeb2e1056 in ack-num
FORWARDER: SYN: spoofed SYN-ACK sent, SYN forwarded with V=0xe7d7b261 in ack-num
FORWARDER: SYN: spoofed SYN-ACK sent, SYN forwarded with V=0xedf2628d in ack-num
FORWARDER: SYN: spoofed SYN-ACK sent, SYN forwarded with V=0x6a7578c2 in ack-num
FORWARDER: SYN: spoofed SYN-ACK sent, SYN forwarded with V=0xbd57ff22 in ack-num
FORWARDER: SYN: spoofed SYN-ACK sent, SYN forwarded with V=0x610a2a3a in ack-num
FORWARDER: SYN: spoofed SYN-ACK sent, SYN forwarded with V=0xd9288818 in ack-num
FORWARDER: SYN: spoofed SYN-ACK sent, SYN forwarded with V=0x6afb7c96 in ack-num
FORWARDER: SYN: spoofed SYN-ACK sent, SYN forwarded with V=0xf56b20a7 in ack-num
FORWARDER: SYN: spoofed SYN-ACK sent, SYN forwarded with V=0x71215a7d in ack-num
FORWARDER: SYN: spoofed SYN-ACK sent, SYN forwarded with V=0x6b696025 in ack-num
FORWARDER: SYN: spoofed SYN-ACK sent, SYN forwarded with V=0x425cfe60 in ack-num
FORWARDER: SYN: spoofed SYN-ACK sent, SYN forwarded with V=0x076afc30 in ack-num
FORWARDER: SYN: spoofed SYN-ACK sent, SYN forwarded with V=0xfd38ba80 in ack-num
FORWARDER: SYN: spoofed SYN-ACK sent, SYN forwarded with V=0x90a608a1 in ack-num
FORWARDER: SYN: spoofed SYN-ACK sent, SYN forwarded with V=0x55d8731e in ack-num
FORWARDER: SYN: spoofed SYN-ACK sent, SYN forwarded with V=0x3bbffa95 in ack-num
FORWARDER: SYN: spoofed SYN-ACK sent, SYN forwarded with V=0x297cc992 in ack-num
FORWARDER: SYN: spoofed SYN-ACK sent, SYN forwarded with V=0x1503e000 in ack-num
FORWARDER: SYN: spoofed SYN-ACK sent, SYN forwarded with V=0x71327e38 in ack-num
FORWARDER: SYN: spoofed SYN-ACK sent, SYN forwarded with V=0x962def18 in ack-num
FORWARDER: SYN: spoofed SYN-ACK sent, SYN forwarded with V=0x558743cf in ack-num
FORWARDER: SYN: spoofed SYN-ACK sent, SYN forwarded with V=0x89a91ad4 in ack-num
FORWARDER: SYN: spoofed SYN-ACK sent, SYN forwarded with V=0x9dd5b148 in ack-num
FORWARDER: SYN: spoofed SYN-ACK sent, SYN forwarded with V=0x882650d3 in ack-num
FORWARDER: SYN: spoofed SYN-ACK sent, SYN forwarded with V=0x41b24b8d in ack-num
FORWARDER: SYN: spoofed SYN-ACK sent, SYN forwarded with V=0x4bbd3d10 in ack-num
FORWARDER: SYN: spoofed SYN-ACK sent, SYN forwarded with V=0x802735f2 in ack-num
FORWARDER: SYN: spoofed SYN-ACK sent, SYN forwarded with V=0x7b752ed7 in ack-num
FORWARDER: SYN: spoofed SYN-ACK sent, SYN forwarded with V=0x3c8c22a3 in ack-num
FORWARDER: SYN: spoofed SYN-ACK sent, SYN forwarded with V=0x79a3ba50 in ack-num
FORWARDER: SYN: spoofed SYN-ACK sent, SYN forwarded with V=0xcca0f148 in ack-num
FORWARDER: SYN: spoofed SYN-ACK sent, SYN forwarded with V=0x9a0fcb05 in ack-num
FORWARDER: SYN: spoofed SYN-ACK sent, SYN forwarded with V=0xdfd2752d in ack-num
FORWARDER: SYN: spoofed SYN-ACK sent, SYN forwarded with V=0x92ea6cc2 in ack-num
FORWARDER: SYN: spoofed SYN-ACK sent, SYN forwarded with V=0x8b078bb7 in ack-num
FORWARDER: SYN: spoofed SYN-ACK sent, SYN forwarded with V=0x666b3b36 in ack-num
FORWARDER: SYN: spoofed SYN-ACK sent, SYN forwarded with V=0x9dc0366d in ack-num
FORWARDER: SYN: spoofed SYN-ACK sent, SYN forwarded with V=0x9f288cab in ack-num
FORWARDER: SYN: spoofed SYN-ACK sent, SYN forw--output truncated--
--------------------------
[0;32m[PASS][0m ClientNIC dpdk-forwarder: 0-RTT flow table activity confirmed
[0;32m[PASS][0m ServerNIC dpdk: translation activity confirmed
[1;33m[09:01:31] Packet analysis: analyzing each endpoint capture on its own host...[0m
  client_side.pcap: -rw-r--r-- 1 tcpdump tcpdump 1.3M Aug 11 09:00 /tmp/client_side.pcap
  server_side.pcap: -rw-r--r-- 1 tcpdump tcpdump 1.3M Aug 11 09:00 /tmp/server_side.pcap
[1;33m[09:01:37] Endpoint analysis: running analyzer on the Client host capture...[0m
[1;33m[09:01:40] Endpoint analysis: running analyzer on the Server host capture...[0m
--- Endpoint metric analysis ---
client (status: Success):
summary=send_unlock node=client n=2000 min_ms=0.297 p50_ms=0.443 p95_ms=0.596 p99_ms=0.655 max_ms=2.107 mean_ms=0.443
summary=fct node=client n=2000 min_ms=101.223 p50_ms=101.550 p95_ms=101.878 p99_ms=102.017 max_ms=103.182 mean_ms=101.571
server (status: Success):
summary=server_gap node=server n=2000 min_ms=0.317 p50_ms=0.419 p95_ms=0.593 p99_ms=0.681 max_ms=2.094 mean_ms=0.437
--------------------------------
[0;32m[PASS][0m Endpoint analysis: all metrics computed
[1;33m[09:01:43] Latency metrics: aggregating NIC in-app TTFB + endpoint pcap metrics...[0m
--- Latency summary ---
  ── Primary: time-to-first-byte the client actually experiences ──
  Send unlock   : n=2000  min=0.297  mean=0.443  median=0.443  p95=0.596  p99=0.655  max=2.107 ms
  ── Secondary (throughput-bound; not evidence about the handshake) ──
  Pcap FCT      : n=2000  min=101.223  mean=101.571  median=101.550  p95=101.878  p99=102.017  max=103.182 ms
  Server gap    : n=2000  min=0.317  mean=0.437  median=0.419  p95=0.593  p99=0.681  max=2.094 ms
  ── Data-plane internal (in-app rdtsc, not client-observed) ──
  clientnic TTFB (in-app): no samples found
  servernic TTFB (in-app): no samples found
-----------------------
[1;33m[WARN][0m Metrics: no ClientNIC in-app TTFB samples (binary may predate instrumentation)
[1;33m[WARN][0m Metrics: no ServerNIC in-app TTFB samples (binary may predate instrumentation)

════════════════════════════════════════
[0;32m  ALL CHECKS PASSED[0m
════════════════════════════════════════
[1;33m[09:01:44] Report saved to ./experiments/dpdk/reports/integration-test-report-2026-08-11.md[0m
