[1;33m[15:03:50] Step 0: Discovering baseline nodes over ssm...[0m
[1;33m[15:03:56]   Server:    i-0400231a687ac5bef  (10.1.2.117)[0m
[1;33m[15:03:56]   ServerNIC: i-0923500cd8a68534e[0m
[1;33m[15:03:56]   ClientNIC: i-070215332db8b12a8[0m
[1;33m[15:03:56]   Client:    i-076a900821682b59d[0m
[1;33m[15:03:56] Load/port plan: 4 port(s) [8080-8083], LOAD_PARALLEL=2000, LOAD_BYTES=1024, LOAD_RATE=100 conn/s, LOAD_CONCURRENCY=2000[0m
[0;32m[PASS][0m Port-space check: 4 port(s) x 32256 usable range = 129024 >= 2000 target
[1;33m[15:03:56] Syncing all VMs to origin/experiments/quic-comparison-2026-10-03...[0m
[1;33m[WARN][0m REPO_REF=experiments/quic-comparison-2026-10-03 — VMs are running a NON-MAIN ref
[1;33m[15:04:33]   i-0400231a687ac5bef HEAD: 7d9d175 [0m
[1;33m[15:04:42]   i-0923500cd8a68534e HEAD: 7d9d175 [0m
[1;33m[15:04:45]   i-070215332db8b12a8 HEAD: 7d9d175 [0m
[1;33m[15:04:48]   i-076a900821682b59d HEAD: 7d9d175 [0m
[1;33m[15:04:48] Pre-flight — verifying IP forwarding and routes on NIC VMs...[0m
[0;32m[PASS][0m ClientNIC: IP forwarding enabled
[0;32m[PASS][0m ServerNIC: IP forwarding enabled
[0;32m[PASS][0m ClientNIC: static route to Server subnet present (10.1.2.0/24 via 10.1.1.1 dev eth1 )
[0;32m[PASS][0m ServerNIC: static route to Client subnet present (10.1.0.0/24 via 10.1.1.1 dev eth0 )
[1;33m[15:05:14] Cleaning up any leftover server processes...[0m
[1;33m[15:05:17] Endpoint tuning: TCP options off, kernel limits raised (Client + Server)...[0m
[1;33m[15:05:21] Endpoint tuning: pinning MTU 1500 on Client and Server eth0...[0m
[1;33m[15:05:24] Endpoint tuning: disabling GRO/LRO/TSO/GSO on Client and Server NICs...[0m
[1;33m[15:05:26] Endpoint tuning: clearing any endpoint qdisc (emulated WAN lives on the middle leg)...[0m
[0;32m[PASS][0m Endpoint tuning: Client egress clean (no netem)
[0;32m[PASS][0m Endpoint tuning: Server egress clean (no netem)
[1;33m[15:05:37] WAN tuning: ensuring iproute-tc is installed on both NIC VMs...[0m
[1;33m[15:05:49] WAN tuning: netem 50ms on each middle-leg egress (ClientNIC eth1, ServerNIC eth0) = 100ms RTT...[0m
[0;32m[PASS][0m WAN tuning: ClientNIC eth1 netem = 50ms (half the modelled RTT)
[0;32m[PASS][0m WAN tuning: ServerNIC eth0 netem = 50ms (half the modelled RTT)
[1;33m[15:06:06] Step 1: Starting Server via node script (4 load-generator port(s))...[0m
[0;32m[PASS][0m Server listening on :8080
[1;33m[15:06:13] Step 4: Running client test (1 connection(s))...[0m
[1;33m[15:06:13] Arrival pacing: 100 conn/s x 2000 conns x 1 round(s) — minimum 20s of spawn time[0m
--- Baseline output ---
--- Round 1/1: 4 port(s) starting at 8080 x 2000 total connections, 1024 bytes/conn, 100 conn/s arrival, QUIC resumed, max 2000 in flight ---
Arrival: rate=100 conn/s requested, 100 conn/s achieved over 19.991s
Transfer complete: 2000/2000 connections ok, 0 failed, duration=21.629s
Success: 2000/2000
quic_summary mode=resumed n=2000 send_unlock_p50_ms=1.436 send_unlock_p95_ms=2.326 handshake_p50_ms=104.827 early_data_accepted=2000/2000
Success: 1/1
---
[0;32m[PASS][0m Baseline: all 1 connection(s) succeeded
[1;33m[15:06:42] Step 5: Stopping captures and Server...[0m
[1;33m[15:06:45] Step 6: Verifying server received data...[0m
--- Server log ---
[1;33m[15:06:07] Killing any leftover load-generator processes...[0m
[1;33m[15:06:08] Open-file limit (ulimit -n): 1048576[0m
[1;33m[15:06:08] Syncing code to origin/experiments/quic-comparison-2026-10-03 (hard reset ? discards VM-local drift)...[0m
From https://github.com/ofekm5/zero-rtt-tcp
 * branch            experiments/quic-comparison-2026-10-03 -> FETCH_HEAD
HEAD is now at 7d9d175 ci: experiment baseline bundle 20261003-150149 [skip ci]
[1;33m[15:06:08] Server VM IP: 10.1.2.117[0m
[1;33m[15:06:08] Will listen on 0.0.0.0:8080-8083 (4 port(s))[0m

[1;33m[15:06:08] Starting load-generator server on ports 8080-8083 ? press Ctrl+C to stop.[0m

Generating a 2048 bit EC private key
writing new private key to '/tmp/quic.key'
-----
Listening on ports [8080, 8081, 8082, 8083]
Received 2049024 bytes across 2001 connections (final)
------------------
[0;32m[PASS][0m Server received data from client
[1;33m[15:06:48] Latency metrics: aggregating NIC in-app TTFB + endpoint pcap metrics...[0m
--- Latency summary ---
  ── Primary: time-to-first-byte the client actually experiences ──
  quic_summary mode=resumed n=2000 send_unlock_p50_ms=1.436 send_unlock_p95_ms=2.326 handshake_p50_ms=104.827 early_data_accepted=2000/2000
  (app-side send_unlock from loadgen_quic.py; QUIC is encrypted, so no pcap fct/server_gap)
-----------------------
[0;32m[PASS][0m Metrics: QUIC client send_unlock summary collected

════════════════════════════════════════
[0;32m  ALL CHECKS PASSED[0m
════════════════════════════════════════
[1;33m[15:06:48] Report saved to /home/runner/work/zero-rtt-tcp/zero-rtt-tcp/experiments/reports/baseline/baseline-quic-resumed-report-2026-10-03-150648.md[0m
