[1;33m[07:54:58] Step 0: Discovering baseline EC2 instances...[0m
[1;33m[07:55:05]   Server:    i-0367189ffd27facce  (10.1.2.160)[0m
[1;33m[07:55:05]   ServerNIC: i-0261765c08221dfe7[0m
[1;33m[07:55:05]   ClientNIC: i-05804e3df539d04d2[0m
[1;33m[07:55:05]   Client:    i-071d473916ff08170[0m
[1;33m[07:55:05] Syncing all VMs to origin/fix/secret-rename...[0m
[1;33m[WARN][0m REPO_REF=fix/secret-rename — VMs are running a NON-MAIN ref
[1;33m[07:55:42]   i-0367189ffd27facce HEAD: 506b0f0[0m
[1;33m[07:55:46]   i-0261765c08221dfe7 HEAD: 506b0f0[0m
[1;33m[07:55:49]   i-05804e3df539d04d2 HEAD: 506b0f0[0m
[1;33m[07:55:52]   i-071d473916ff08170 HEAD: 506b0f0[0m
[1;33m[07:55:52] Step 1: Pre-flight — verifying IP forwarding and routes on NIC VMs...[0m
[0;32m[PASS][0m ClientNIC: IP forwarding enabled
[0;32m[PASS][0m ServerNIC: IP forwarding enabled
[0;32m[PASS][0m ClientNIC: static route to Server subnet present (10.1.2.0/24 via 10.1.1.1 dev eth1 )
[0;32m[PASS][0m ServerNIC: static route to Client subnet present (10.1.0.0/24 via 10.1.1.1 dev eth0 )
[1;33m[07:56:07] Step 2: Cleaning up any leftover server processes...[0m
[1;33m[07:56:10] Endpoint tuning: TCP options off, kernel limits raised (Client + Server)...[0m
[1;33m[07:56:15] Endpoint tuning: pinning MTU 1500 on Client and Server eth0...[0m
[1;33m[07:56:18] Endpoint tuning: disabling GRO/LRO/TSO/GSO on Client and Server NICs...[0m
[1;33m[07:56:20] Endpoint tuning: clearing any endpoint qdisc (emulated WAN lives on the middle leg)...[0m
[0;32m[PASS][0m Endpoint tuning: Client egress clean (no netem)
[0;32m[PASS][0m Endpoint tuning: Server egress clean (no netem)
[1;33m[07:56:32] WAN tuning: ensuring iproute-tc is installed on both NIC VMs...[0m
[1;33m[07:56:50] WAN tuning: netem 50ms on each middle-leg egress (ClientNIC eth1, ServerNIC eth0) = 100ms RTT...[0m
[0;32m[PASS][0m WAN tuning: ClientNIC eth1 netem = 50ms (half the modelled RTT)
[0;32m[PASS][0m WAN tuning: ServerNIC eth0 netem = 50ms (half the modelled RTT)
[1;33m[07:57:08] Step 3: Starting Server (4 load-generator port(s))...[0m
[0;32m[PASS][0m Server listening on :8080
[1;33m[07:57:15] Endpoint capture: starting tcpdump on Client host and Server host...[0m
[1;33m[07:57:26] Step 4: Running baseline load (1 round(s))...[0m
[1;33m[07:57:26] Arrival pacing: 2000 conn/s x 100000 conns x 1 round(s) — minimum 50s of spawn time[0m
--- Baseline output ---
--- Round 1/1: 4 port(s) starting at 8080 x 100000 total connections, 1024 bytes/conn, 2000 conn/s arrival, 0ms think, max 2000 in flight ---
Arrival: rate=2000 conn/s requested, 2000 conn/s achieved over 50.000s
Think: 0 ms between connect() and first write
Transfer complete: 100000/100000 connections ok, 0 failed, duration=242.812s, ~3.4 Mbits/sec
Success: 100000/100000
Success: 1/1
---
[0;32m[PASS][0m Baseline: all 1 connection(s) succeeded
[1;33m[08:01:41] Step 5: Stopping captures and Server...[0m
[1;33m[08:02:02] Packet analysis: analyzing each endpoint capture on its own host...[0m
  client_side.pcap: -rw-r--r-- 1 tcpdump tcpdump 66M Aug 11 08:01 /tmp/client_side.pcap
  server_side.pcap: -rw-r--r-- 1 tcpdump tcpdump 63M Aug 11 08:01 /tmp/server_side.pcap
[1;33m[08:02:09] Endpoint analysis: running analyzer on the Client host capture...[0m
[1;33m[08:02:24] Endpoint analysis: running analyzer on the Server host capture...[0m
--- Endpoint metric analysis ---
client (status: Success):
summary=send_unlock node=client n=74569 min_ms=100.876 p50_ms=464.566 p95_ms=64658.220 p99_ms=66500.261 max_ms=67382.001 mean_ms=4467.436
summary=fct node=client n=74569 min_ms=201.840 p50_ms=790.212 p95_ms=228137.031 p99_ms=237074.801 max_ms=242673.713 mean_ms=46003.253
server (status: Success):
summary=server_gap node=server n=74569 min_ms=100.875 p50_ms=459.439 p95_ms=809.957 p99_ms=1706.900 max_ms=2098.473 mean_ms=438.465
--------------------------------
[0;32m[PASS][0m Endpoint analysis: all metrics computed
--- Latency summary ---
  ── Primary: time-to-first-byte the client actually experiences ──
  Send unlock   : n=74569  min=100.876  mean=4467.436  median=464.566  p95=64658.220  p99=66500.261  max=67382.001 ms
  ── Secondary (throughput-bound; not evidence about the handshake) ──
  Pcap FCT      : n=74569  min=201.840  mean=46003.253  median=790.212  p95=228137.031  p99=237074.801  max=242673.713 ms
  Server gap    : n=74569  min=100.875  mean=438.465  median=459.439  p95=809.957  p99=1706.900  max=2098.473 ms
-----------------------
--- Server log ---
[1;33m[07:57:09] Killing any leftover load-generator processes...[0m
[1;33m[07:57:10] Open-file limit (ulimit -n): 1048576[0m
[1;33m[07:57:10] Syncing code to origin/fix/secret-rename (hard reset ? discards VM-local drift)...[0m
From https://github.com/ofekm5/zero-rtt-tcp
 * branch            fix/secret-rename -> FETCH_HEAD
HEAD is now at 506b0f0 fix(ci): stop preflight and bundle steps inheriting bash -e
[1;33m[07:57:11] Server VM IP: 10.1.2.160[0m
[1;33m[07:57:11] Will listen on 0.0.0.0:8080-8083 (4 port(s))[0m

[1;33m[07:57:11] Starting load-generator server on ports 8080-8083 ? press Ctrl+C to stop.[0m

Listening on ports [8080, 8081, 8082, 8083]
Received 3021824 bytes across 2951 connections (so far)
Received 7053312 bytes across 6888 connections (so far)
Received 11214848 bytes across 10952 connections (so far)
Received 15320064 bytes across 14961 connections (so far)
Received 19417088 bytes across 18962 connections (so far)
Received 23512064 bytes across 22961 connections (so far)
Received 26214400 bytes across 25600 connections (so far)
Received 30669824 bytes across 29951 connections (so far)
Received 35769344 bytes across 34931 connections (so far)
Received 40538112 bytes across 39588 connections (so far)
Received 44634112 bytes across 43588 connections (so far)
Received 49154048 bytes across 48002 connections (so far)
Received 52420608 bytes across 51192 connections (so far)
Received 53801984 bytes across 52541 connections (so far)
Received 56398848 bytes across 55077 connections (so far)
Received 60386304 bytes across 58971 connections (so far)
Received 62491648 bytes across 61027 connections (so far)
Received 66588672 bytes across 65028 connections (so far)
Received 72053760 bytes across 70365 connections (so far)
Received 76621824 bytes across 74826 connections (so far)
Received 78669824 bytes across 76826 connections (so far)
Received 80650240 bytes across 78760 connections (so far)
Received 85826560 bytes across 83815 connections (so far)
Received 90445824 bytes across 88326 connections (so far)
Received 95493120 bytes across 93255 connections (so far)
Received 100201472 bytes across 97853 connections (so far)
Received 102282240 bytes across 99885 connections (so far)
Received 102282240 bytes across 99885 connections (final)
_GatheringFuture exception was never retrieved
future: <_GatheringFuture finished exception=CancelledError()>
concurrent.futures._base.CancelledError
------------------
[0;32m[PASS][0m Server received data from client

════════════════════════════════════════
[0;32m  ALL CHECKS PASSED[0m
════════════════════════════════════════
[1;33m[08:02:43] Report saved to ./experiments/baseline-tcp/reports/baseline-report-2026-08-11-080243.md[0m
