[1;33m[14:41:42] Step 0: Discovering baseline nodes over ssm...[0m
[1;33m[14:41:49]   Server:    i-0400231a687ac5bef  (10.1.2.117)[0m
[1;33m[14:41:49]   ServerNIC: i-0923500cd8a68534e[0m
[1;33m[14:41:49]   ClientNIC: i-070215332db8b12a8[0m
[1;33m[14:41:49]   Client:    i-076a900821682b59d[0m
[1;33m[14:41:49] Load/port plan: 4 port(s) [8080-8083], LOAD_PARALLEL=2000, LOAD_BYTES=1024, LOAD_RATE=100 conn/s, LOAD_CONCURRENCY=2000[0m
[0;32m[PASS][0m Port-space check: 4 port(s) x 32256 usable range = 129024 >= 2000 target
[1;33m[14:41:49] Syncing all VMs to origin/experiments/quic-comparison-2026-10-03...[0m
[1;33m[WARN][0m REPO_REF=experiments/quic-comparison-2026-10-03 — VMs are running a NON-MAIN ref
[1;33m[14:42:27]   i-0400231a687ac5bef HEAD: bcad113 [0m
[1;33m[14:42:30]   i-0923500cd8a68534e HEAD: bcad113 [0m
[1;33m[14:42:34]   i-070215332db8b12a8 HEAD: bcad113 [0m
[1;33m[14:42:37]   i-076a900821682b59d HEAD: bcad113 [0m
[1;33m[14:42:37] Pre-flight — verifying IP forwarding and routes on NIC VMs...[0m
[0;32m[PASS][0m ClientNIC: IP forwarding enabled
[0;32m[PASS][0m ServerNIC: IP forwarding enabled
[0;32m[PASS][0m ClientNIC: static route to Server subnet present (10.1.2.0/24 via 10.1.1.1 dev eth1 )
[0;32m[PASS][0m ServerNIC: static route to Client subnet present (10.1.0.0/24 via 10.1.1.1 dev eth0 )
[1;33m[14:42:53] Cleaning up any leftover server processes...[0m
[1;33m[14:42:56] Endpoint tuning: TCP options off, kernel limits raised (Client + Server)...[0m
[1;33m[14:43:01] Endpoint tuning: pinning MTU 1500 on Client and Server eth0...[0m
[1;33m[14:43:04] Endpoint tuning: disabling GRO/LRO/TSO/GSO on Client and Server NICs...[0m
[1;33m[14:43:06] Endpoint tuning: clearing any endpoint qdisc (emulated WAN lives on the middle leg)...[0m
[0;32m[PASS][0m Endpoint tuning: Client egress clean (no netem)
[0;32m[PASS][0m Endpoint tuning: Server egress clean (no netem)
[1;33m[14:43:19] WAN tuning: ensuring iproute-tc is installed on both NIC VMs...[0m
[1;33m[14:43:25] WAN tuning: netem 50ms on each middle-leg egress (ClientNIC eth1, ServerNIC eth0) = 100ms RTT...[0m
[0;32m[PASS][0m WAN tuning: ClientNIC eth1 netem = 50ms (half the modelled RTT)
[0;32m[PASS][0m WAN tuning: ServerNIC eth0 netem = 50ms (half the modelled RTT)
[1;33m[14:43:38] Step 1: Starting Server via node script (4 load-generator port(s))...[0m
[0;32m[PASS][0m Server listening on :8080
[1;33m[14:43:45] Step 4: Running client test (1 connection(s))...[0m
[1;33m[14:43:45] Arrival pacing: 100 conn/s x 2000 conns x 1 round(s) — minimum 20s of spawn time[0m
--- Baseline output ---
--- Round 1/1: 4 port(s) starting at 8080 x 2000 total connections, 1024 bytes/conn, 100 conn/s arrival, QUIC resumed, max 2000 in flight ---
Arrival: rate=100 conn/s requested, 100 conn/s achieved over 19.990s
Transfer complete: 2000/2000 connections ok, 0 failed, duration=21.724s
Success: 2000/2000
quic_summary mode=resumed n=2000 send_unlock_p50_ms=1.958 send_unlock_p95_ms=8.223 handshake_p50_ms=106.010 early_data_accepted=2000/2000
Success: 1/1
---
[0;32m[PASS][0m Baseline: all 1 connection(s) succeeded
[1;33m[14:44:16] Step 5: Stopping captures and Server...[0m
[1;33m[14:44:19] Step 6: Verifying server received data...[0m
--- Server log ---
[1;33m[14:43:39] Killing any leftover load-generator processes...[0m
[1;33m[14:43:40] Open-file limit (ulimit -n): 1048576[0m
[1;33m[14:43:40] Syncing code to origin/experiments/quic-comparison-2026-10-03 (hard reset ? discards VM-local drift)...[0m
From https://github.com/ofekm5/zero-rtt-tcp
 * branch            experiments/quic-comparison-2026-10-03 -> FETCH_HEAD
HEAD is now at bcad113 ci: experiment baseline bundle 20261003-143846 [skip ci]
[1;33m[14:43:40] Server VM IP: 10.1.2.117[0m
[1;33m[14:43:40] Will listen on 0.0.0.0:8080-8083 (4 port(s))[0m

[1;33m[14:43:40] Starting load-generator server on ports 8080-8083 ? press Ctrl+C to stop.[0m

Generating a 2048 bit EC private key
writing new private key to '/tmp/quic.key'
-----
Listening on ports [8080, 8081, 8082, 8083]
Received 2049024 bytes across 2001 connections (final)
------------------
[0;32m[PASS][0m Server received data from client
[1;33m[14:44:23] Latency metrics: aggregating NIC in-app TTFB + endpoint pcap metrics...[0m
--- Latency summary ---
  ── Primary: time-to-first-byte the client actually experiences ──
  quic_summary mode=resumed n=2000 send_unlock_p50_ms=1.958 send_unlock_p95_ms=8.223 handshake_p50_ms=106.010 early_data_accepted=2000/2000
  (app-side send_unlock from loadgen_quic.py; QUIC is encrypted, so no pcap fct/server_gap)
-----------------------
[0;32m[PASS][0m Metrics: QUIC client send_unlock summary collected

════════════════════════════════════════
[0;32m  ALL CHECKS PASSED[0m
════════════════════════════════════════
[1;33m[14:44:23] Report saved to /home/runner/work/zero-rtt-tcp/zero-rtt-tcp/experiments/reports/baseline/baseline-quic-resumed-report-2026-10-03-144423.md[0m
