===== /tmp/server.log =====
[1;33m[15:13:46] Killing any leftover load-generator processes...[0m
[1;33m[15:13:47] Open-file limit (ulimit -n): 1048576[0m
[1;33m[15:13:47] Syncing code to origin/experiments/quic-comparison-2026-10-03 (hard reset ? discards VM-local drift)...[0m
From https://github.com/ofekm5/zero-rtt-tcp
 * branch            experiments/quic-comparison-2026-10-03 -> FETCH_HEAD
HEAD is now at 9e2e583 ci: experiment baseline bundle 20261003-150711 [skip ci]
[1;33m[15:13:48] Server VM IP: 10.1.2.117[0m
[1;33m[15:13:48] Will listen on 0.0.0.0:8080-8083 (4 port(s))[0m

[1;33m[15:13:48] Starting load-generator server on ports 8080-8083 ? press Ctrl+C to stop.[0m

Listening on ports [8080, 8081, 8082, 8083]
Received 68608 bytes across 67 connections (so far)
Received 273408 bytes across 267 connections (so far)
Received 478208 bytes across 467 connections (so far)
Received 684032 bytes across 668 connections (so far)
Received 888832 bytes across 868 connections (so far)
Received 1093632 bytes across 1068 connections (so far)
Received 1298432 bytes across 1268 connections (so far)
Received 1503232 bytes across 1468 connections (so far)
Received 1708032 bytes across 1668 connections (so far)
Received 1912832 bytes across 1868 connections (so far)
Received 2048000 bytes across 2000 connections (so far)
Received 2048000 bytes across 2000 connections (final)
_GatheringFuture exception was never retrieved
future: <_GatheringFuture finished exception=CancelledError()>
concurrent.futures._base.CancelledError
===== /tmp/tcpdump_hiprec.log =====
tcpdump: listening on eth0, link-type EN10MB (Ethernet), capture size 128 bytes
16000 packets captured
16000 packets received by filter
0 packets dropped by kernel
===== pcap inventory =====
-rw-r--r-- 1 tcpdump tcpdump 1284024 Oct  3 15:14 /tmp/server_side.pcap
