===== /tmp/server.log =====
[1;33m[14:53:11] Killing any leftover load-generator processes...[0m
[1;33m[14:53:12] Open-file limit (ulimit -n): 1048576[0m
[1;33m[14:53:12] Syncing code to origin/experiments/quic-comparison-2026-10-03 (hard reset ? discards VM-local drift)...[0m
From https://github.com/ofekm5/zero-rtt-tcp
 * branch            experiments/quic-comparison-2026-10-03 -> FETCH_HEAD
HEAD is now at e0b28dd ci: experiment baseline bundle 20261003-145040 [skip ci]
[1;33m[14:53:12] Server VM IP: 10.1.2.204[0m
[1;33m[14:53:12] Will listen on 0.0.0.0:8080-8083 (4 port(s))[0m

[1;33m[14:53:12] Starting load-generator server on ports 8080-8083 ? press Ctrl+C to stop.[0m

Listening on ports [8080, 8081, 8082, 8083]
Received 72704 bytes across 71 connections (so far)
Received 276480 bytes across 270 connections (so far)
Received 482304 bytes across 471 connections (so far)
Received 686080 bytes across 670 connections (so far)
Received 891904 bytes across 871 connections (so far)
Received 1096704 bytes across 1071 connections (so far)
Received 1301504 bytes across 1271 connections (so far)
Received 1506304 bytes across 1471 connections (so far)
Received 1711104 bytes across 1671 connections (so far)
Received 1915904 bytes across 1871 connections (so far)
Received 2048000 bytes across 2000 connections (so far)
===== /tmp/tcpdump_hiprec.log =====
tcpdump: listening on eth0, link-type EN10MB (Ethernet), capture size 128 bytes
16001 packets captured
16001 packets received by filter
0 packets dropped by kernel
===== pcap inventory =====
-rw-r--r-- 1 tcpdump tcpdump 1284094 Oct  3 14:54 /tmp/server_side.pcap
