[1;33m[08:53:02] Step 0: Discovering baseline EC2 instances...[0m
[1;33m[08:53:08]   Server:    i-0367189ffd27facce  (10.1.2.160)[0m
[1;33m[08:53:08]   ServerNIC: i-0261765c08221dfe7[0m
[1;33m[08:53:08]   ClientNIC: i-05804e3df539d04d2[0m
[1;33m[08:53:08]   Client:    i-071d473916ff08170[0m
[1;33m[08:53:08] Syncing all VMs to origin/fix/secret-rename...[0m
[1;33m[WARN][0m REPO_REF=fix/secret-rename — VMs are running a NON-MAIN ref
[1;33m[08:53:45]   i-0367189ffd27facce HEAD: ab29735[0m
[1;33m[08:53:55]   i-0261765c08221dfe7 HEAD: ab29735[0m
[1;33m[08:53:58]   i-05804e3df539d04d2 HEAD: ab29735[0m
[1;33m[08:54:01]   i-071d473916ff08170 HEAD: ab29735[0m
[1;33m[08:54:01] Step 1: Pre-flight — verifying IP forwarding and routes on NIC VMs...[0m
[0;32m[PASS][0m ClientNIC: IP forwarding enabled
[0;32m[PASS][0m ServerNIC: IP forwarding enabled
[0;32m[PASS][0m ClientNIC: static route to Server subnet present (10.1.2.0/24 via 10.1.1.1 dev eth1 )
[0;32m[PASS][0m ServerNIC: static route to Client subnet present (10.1.0.0/24 via 10.1.1.1 dev eth0 )
[1;33m[08:54:28] Step 2: Cleaning up any leftover server processes...[0m
[1;33m[08:54:31] Endpoint tuning: TCP options off, kernel limits raised (Client + Server)...[0m
[1;33m[08:54:35] Endpoint tuning: pinning MTU 1500 on Client and Server eth0...[0m
[1;33m[08:54:38] Endpoint tuning: disabling GRO/LRO/TSO/GSO on Client and Server NICs...[0m
[1;33m[08:54:40] Endpoint tuning: clearing any endpoint qdisc (emulated WAN lives on the middle leg)...[0m
[0;32m[PASS][0m Endpoint tuning: Client egress clean (no netem)
[0;32m[PASS][0m Endpoint tuning: Server egress clean (no netem)
[1;33m[08:54:52] WAN tuning: ensuring iproute-tc is installed on both NIC VMs...[0m
[1;33m[08:55:04] WAN tuning: netem 50ms on each middle-leg egress (ClientNIC eth1, ServerNIC eth0) = 100ms RTT...[0m
[0;32m[PASS][0m WAN tuning: ClientNIC eth1 netem = 50ms (half the modelled RTT)
[0;32m[PASS][0m WAN tuning: ServerNIC eth0 netem = 50ms (half the modelled RTT)
[1;33m[08:55:21] Step 3: Starting Server (4 load-generator port(s))...[0m
[0;32m[PASS][0m Server listening on :8080
[1;33m[08:55:29] Endpoint capture: starting tcpdump on Client host and Server host...[0m
[1;33m[08:55:39] Step 4: Running baseline load (1 round(s))...[0m
[1;33m[08:55:39] Arrival pacing: 500 conn/s x 2000 conns x 1 round(s) — minimum 4s of spawn time[0m
--- Baseline output ---
--- Round 1/1: 4 port(s) starting at 8080 x 2000 total connections, 1024 bytes/conn, 500 conn/s arrival, 0ms think, max 2000 in flight ---
Arrival: rate=500 conn/s requested, 500 conn/s achieved over 3.999s
Think: 0 ms between connect() and first write
Transfer complete: 2000/2000 connections ok, 0 failed, duration=4.112s, ~4.0 Mbits/sec
Success: 2000/2000
Success: 1/1
---
[0;32m[PASS][0m Baseline: all 1 connection(s) succeeded
[1;33m[08:55:51] Step 5: Stopping captures and Server...[0m
[1;33m[08:56:12] Packet analysis: analyzing each endpoint capture on its own host...[0m
  client_side.pcap: -rw-r--r-- 1 tcpdump tcpdump 1.3M Aug 11 08:55 /tmp/client_side.pcap
  server_side.pcap: -rw-r--r-- 1 tcpdump tcpdump 1.3M Aug 11 08:56 /tmp/server_side.pcap
[1;33m[08:56:19] Endpoint analysis: running analyzer on the Client host capture...[0m
[1;33m[08:56:22] Endpoint analysis: running analyzer on the Server host capture...[0m
--- Endpoint metric analysis ---
client (status: Success):
summary=send_unlock node=client n=2000 min_ms=100.931 p50_ms=101.306 p95_ms=104.945 p99_ms=110.168 max_ms=121.184 mean_ms=101.901
summary=fct node=client n=2000 min_ms=201.849 p50_ms=202.523 p95_ms=206.578 p99_ms=211.481 max_ms=223.180 mean_ms=203.179
server (status: Success):
summary=server_gap node=server n=2000 min_ms=100.879 p50_ms=101.285 p95_ms=104.749 p99_ms=110.115 max_ms=121.022 mean_ms=101.869
--------------------------------
[0;32m[PASS][0m Endpoint analysis: all metrics computed
--- Latency summary ---
  ── Primary: time-to-first-byte the client actually experiences ──
  Send unlock   : n=2000  min=100.931  mean=101.901  median=101.306  p95=104.945  p99=110.168  max=121.184 ms
  ── Secondary (throughput-bound; not evidence about the handshake) ──
  Pcap FCT      : n=2000  min=201.849  mean=203.179  median=202.523  p95=206.578  p99=211.481  max=223.180 ms
  Server gap    : n=2000  min=100.879  mean=101.869  median=101.285  p95=104.749  p99=110.115  max=121.022 ms
-----------------------
--- Server log ---
[1;33m[08:55:23] Killing any leftover load-generator processes...[0m
[1;33m[08:55:24] Open-file limit (ulimit -n): 1048576[0m
[1;33m[08:55:24] Syncing code to origin/fix/secret-rename (hard reset ? discards VM-local drift)...[0m
From https://github.com/ofekm5/zero-rtt-tcp
 * branch            fix/secret-rename -> FETCH_HEAD
HEAD is now at ab29735 fix(ci): never let a results bundle vanish on a rebase conflict
[1;33m[08:55:24] Server VM IP: 10.1.2.160[0m
[1;33m[08:55:24] Will listen on 0.0.0.0:8080-8083 (4 port(s))[0m

[1;33m[08:55:24] Starting load-generator server on ports 8080-8083 ? press Ctrl+C to stop.[0m

Listening on ports [8080, 8081, 8082, 8083]
Received 63488 bytes across 62 connections (so far)
Received 1088512 bytes across 1063 connections (so far)
Received 2048000 bytes across 2000 connections (so far)
Received 2048000 bytes across 2000 connections (final)
_GatheringFuture exception was never retrieved
future: <_GatheringFuture finished exception=CancelledError()>
concurrent.futures._base.CancelledError
------------------
[0;32m[PASS][0m Server received data from client

════════════════════════════════════════
[0;32m  ALL CHECKS PASSED[0m
════════════════════════════════════════
[1;33m[08:56:28] Report saved to ./experiments/baseline-tcp/reports/baseline-report-2026-08-11-085628.md[0m
