[1;33m[14:22:29] Step 0: Discovering baseline nodes over ssm...[0m
[1;33m[14:22:35]   Server:    i-0400231a687ac5bef  (10.1.2.117)[0m
[1;33m[14:22:35]   ServerNIC: i-0923500cd8a68534e[0m
[1;33m[14:22:35]   ClientNIC: i-070215332db8b12a8[0m
[1;33m[14:22:35]   Client:    i-076a900821682b59d[0m
[1;33m[14:22:35] Load/port plan: 4 port(s) [8080-8083], LOAD_PARALLEL=2000, LOAD_BYTES=1024, LOAD_RATE=500 conn/s, LOAD_CONCURRENCY=2000[0m
[0;32m[PASS][0m Port-space check: 4 port(s) x 32256 usable range = 129024 >= 2000 target
[1;33m[14:22:35] Syncing all VMs to origin/main...[0m
[1;33m[14:23:13]   i-0400231a687ac5bef HEAD: d9327f5 [0m
[1;33m[14:23:16]   i-0923500cd8a68534e HEAD: d9327f5 [0m
[1;33m[14:23:20]   i-070215332db8b12a8 HEAD: d9327f5 [0m
[1;33m[14:23:23]   i-076a900821682b59d HEAD: d9327f5 [0m
[1;33m[14:23:23] Pre-flight — verifying IP forwarding and routes on NIC VMs...[0m
[0;32m[PASS][0m ClientNIC: IP forwarding enabled
[0;32m[PASS][0m ServerNIC: IP forwarding enabled
[0;32m[PASS][0m ClientNIC: static route to Server subnet present (10.1.2.0/24 via 10.1.1.1 dev eth1 )
[0;32m[PASS][0m ServerNIC: static route to Client subnet present (10.1.0.0/24 via 10.1.1.1 dev eth0 )
[1;33m[14:23:38] Cleaning up any leftover server processes...[0m
[1;33m[14:23:41] Endpoint tuning: TCP options off, kernel limits raised (Client + Server)...[0m
[1;33m[14:23:45] Endpoint tuning: pinning MTU 1500 on Client and Server eth0...[0m
[1;33m[14:23:49] Endpoint tuning: disabling GRO/LRO/TSO/GSO on Client and Server NICs...[0m
[1;33m[14:23:51] Endpoint tuning: clearing any endpoint qdisc (emulated WAN lives on the middle leg)...[0m
[0;32m[PASS][0m Endpoint tuning: Client egress clean (no netem)
[0;32m[PASS][0m Endpoint tuning: Server egress clean (no netem)
[1;33m[14:24:02] WAN tuning: ensuring iproute-tc is installed on both NIC VMs...[0m
[1;33m[14:24:20] WAN tuning: netem 50ms on each middle-leg egress (ClientNIC eth1, ServerNIC eth0) = 100ms RTT...[0m
[0;32m[PASS][0m WAN tuning: ClientNIC eth1 netem = 50ms (half the modelled RTT)
[0;32m[PASS][0m WAN tuning: ServerNIC eth0 netem = 50ms (half the modelled RTT)
[1;33m[14:24:38] Step 1: Starting Server via node script (4 load-generator port(s))...[0m
[0;32m[PASS][0m Server listening on :8080
[1;33m[14:24:51] Step 4: Running client test (1 connection(s))...[0m
[1;33m[14:24:51] Arrival pacing: 500 conn/s x 2000 conns x 1 round(s) — minimum 4s of spawn time[0m
--- Baseline output ---
--- Round 1/1: 4 port(s) starting at 8080 x 2000 total connections, 1024 bytes/conn, 500 conn/s arrival, QUIC cold, max 2000 in flight ---
Arrival: rate=500 conn/s requested, 228 conn/s achieved over 8.764s
Transfer complete: 2000/2000 connections ok, 0 failed, duration=13.262s
Success: 2000/2000
quic_summary mode=cold n=2000 send_unlock_p50_ms=130.689 send_unlock_p95_ms=385.347 handshake_p50_ms=130.689 early_data_accepted=0/2000
Success: 1/1
---
[0;32m[PASS][0m Baseline: all 1 connection(s) succeeded
[1;33m[14:25:15] Step 5: Stopping captures and Server...[0m
[1;33m[14:25:18] Step 6: Verifying server received data...[0m
--- Server log ---
[1;33m[14:24:39] Killing any leftover load-generator processes...[0m
[1;33m[14:24:40] Open-file limit (ulimit -n): 1048576[0m
[1;33m[14:24:40] Syncing code to origin/main (hard reset ? discards VM-local drift)...[0m
From https://github.com/ofekm5/zero-rtt-tcp
 * branch            main       -> FETCH_HEAD
HEAD is now at d9327f5 graphify and roadmap update
[1;33m[14:24:41] Server VM IP: 10.1.2.117[0m
[1;33m[14:24:41] Will listen on 0.0.0.0:8080-8083 (4 port(s))[0m

[1;33m[14:24:41] Starting load-generator server on ports 8080-8083 ? press Ctrl+C to stop.[0m

Installing uv 0.12.22...
downloading uv 0.12.22 x86_64-unknown-linux-gnu
installing to /opt/uv/bin
  uv
  uvx
everything's installed!
Creating /opt/loadgen-quic (CPython 3.11, aioquic 1.3.0)...
Generating a 2048 bit EC private key
writing new private key to '/tmp/quic.key'
-----
Listening on ports [8080, 8081, 8082, 8083]
Received 2049024 bytes across 2001 connections (final)
------------------
[0;32m[PASS][0m Server received data from client
[1;33m[14:25:22] Latency metrics: aggregating NIC in-app TTFB + endpoint pcap metrics...[0m
--- Latency summary ---
  ── Primary: time-to-first-byte the client actually experiences ──
  quic_summary mode=cold n=2000 send_unlock_p50_ms=130.689 send_unlock_p95_ms=385.347 handshake_p50_ms=130.689 early_data_accepted=0/2000
  (app-side send_unlock from loadgen_quic.py; QUIC is encrypted, so no pcap fct/server_gap)
-----------------------
[0;32m[PASS][0m Metrics: QUIC client send_unlock summary collected

════════════════════════════════════════
[0;32m  ALL CHECKS PASSED[0m
════════════════════════════════════════
[1;33m[14:25:22] Report saved to /home/runner/work/zero-rtt-tcp/zero-rtt-tcp/experiments/reports/baseline/baseline-quic-cold-report-2026-10-03-142522.md[0m
