[1;33m[08:03:48] Step 0: Discovering EC2 instances...[0m
[1;33m[08:03:55]   Server:    i-03f3cc6e801d53aa9  (10.1.2.50)[0m
[1;33m[08:03:55]   ServerNIC: i-01915eae54f5a83f7[0m
[1;33m[08:03:55]   ClientNIC: i-0d7b80e1803ce4b6b[0m
[1;33m[08:03:55]   Client:    i-0f566a68956d82c04[0m
[1;33m[08:03:55] Resolving Ethernet MACs from EC2 API...[0m
[1;33m[08:04:02]   ClientNIC eth1 MAC (ServerNIC --gw-mac):          02:9a:5a:ea:c9:95[0m
[1;33m[08:04:02]   Server eth0 MAC (ServerNIC --server-mac):         02:54:02:7d:3e:39[0m
[1;33m[08:04:02]   ClientNIC eth2 MAC (its own client-facing port):  02:bc:a6:41:1c:2b[0m
[1;33m[08:04:02]   ServerNIC eth2 MAC (its own server-facing port):  02:73:fc:e3:56:b5[0m
[1;33m[08:04:02]   Gateway MAC (ServerNIC eth1, DPDK port): 02:f2:55:12:4c:cb[0m
--- ClientNIC forwarder smoke log ---
EAL: Detected CPU lcores: 2
EAL: Detected NUMA nodes: 1
EAL: Detected shared linkage of DPDK
EAL: Multi-process socket /var/run/dpdk/rte/mp_socket
EAL: Selected IOVA mode 'PA'
EAL: VFIO support initialized
EAL: Using IOMMU type 8 (No-IOMMU)
EAL: Probe PCI driver: net_ena (1d0f:ec20) device: 0000:00:06.0 (socket -1)
ena_get_metrics_entries(): 0x6 customer metrics are supported
EAL: Probe PCI driver: net_ena (1d0f:ec20) device: 0000:00:07.0 (socket -1)
ena_get_metrics_entries(): 0x6 customer metrics are supported
TELEMETRY: No legacy callbacks, legacy socket not created
FORWARDER: ClientNIC DPDK Forwarder starting (port=8080..8080)
FORWARDER: Gateway MAC: 02:f2:55:12:4c:cb
FORWARDER: Port map: client-facing=port 1, ServerNIC-facing=port 0
FORWARDER: eth0: DPDK port 1 started, client-facing (MAC=02:bc:a6:41:1c:2b)
FORWARDER: eth1: DPDK port 0 started, ServerNIC-facing (MAC=02:9a:5a:ea:c9:95, gw=02:f2:55:12:4c:cb)
FORWARDER: Entering busy-poll loop...
FORWARDER: Shutting down...
ena_rx_queue_release(): Rx queue 1:0 released
ena_tx_queue_release(): Tx queue 1:0 released
ena_rx_queue_release(): Rx queue 0:0 released
ena_tx_queue_release(): Tx queue 0:0 released
-------------------------------------
[0;32m[PASS][0m Smoke test: clientnic-dpdk-forwarder entered busy-poll loop
[1;33m[08:04:16] Load/port plan: 4 port(s) [8080-8083], LOAD_PARALLEL=100000, LOAD_BYTES=1024, LOAD_RATE=2000 conn/s, LOAD_CONCURRENCY=2000[0m
[0;32m[PASS][0m Port-space check: 4 port(s) x 32256 usable range = 129024 >= 100000 target
[1;33m[08:04:16] Syncing all VMs to origin/fix/secret-rename (cloning if missing)...[0m
[1;33m[WARN][0m REPO_REF=fix/secret-rename — VMs are running a NON-MAIN ref
[1;33m[08:04:44]   i-03f3cc6e801d53aa9 HEAD: 2773c33[0m
[1;33m[08:04:48]   i-01915eae54f5a83f7 HEAD: 2773c33[0m
[1;33m[08:04:52]   i-0d7b80e1803ce4b6b HEAD: 2773c33[0m
[1;33m[08:04:55]   i-0f566a68956d82c04 HEAD: 2773c33[0m
[1;33m[08:04:55] Endpoint tuning: TCP options off, kernel limits raised (Client + Server)...[0m
[1;33m[08:05:00] Endpoint tuning: pinning MTU 1500 on Client and Server eth0...[0m
[1;33m[08:05:03] Endpoint tuning: disabling GRO/LRO/TSO/GSO on Client and Server NICs...[0m
[1;33m[08:05:05] Endpoint tuning: clearing any endpoint qdisc (emulated WAN lives on the middle leg)...[0m
[0;32m[PASS][0m Endpoint tuning: Client egress clean (no netem)
[0;32m[PASS][0m Endpoint tuning: Server egress clean (no netem)
[1;33m[08:05:18] Cleaning up previous runs...[0m
[1;33m[08:05:41] Build: Building clientnic-dpdk-forwarder on ClientNIC VM...[0m
--- ClientNIC build output (last 20 lines) ---
[1/11] Compiling C object clientnic-dpdk-forwarder.p/flow_table.c.o
[2/11] Compiling C object clientnic-dpdk-forwarder.p/checksum.c.o
[3/11] Compiling C object clientnic-dpdk-forwarder.p/log.c.o
[4/11] Compiling C object clientnic-dpdk-forwarder.p/main.c.o
[5/11] Compiling C object clientnic-dpdk-forwarder.p/capture.c.o
[6/11] Compiling C object clientnic-dpdk-forwarder.p/packet_processor.c.o
[7/11] Compiling C object clientnic-dpdk-forwarder.p/io.c.o
../io.c: In function 'eth0_send':
../io.c:126:21: warning: pointer targets in initialization differ in signedness [-Wpointer-sign]
     uint8_t *data = rte_pktmbuf_append(m, len);
                     ^~~~~~~~~~~~~~~~~~
../io.c: In function 'eth1_send':
../io.c:232:21: warning: pointer targets in initialization differ in signedness [-Wpointer-sign]
     uint8_t *data = rte_pktmbuf_append(m, len);
                     ^~~~~~~~~~~~~~~~~~
[8/11] Compiling C object clientnic-dpdk-forwarder.p/forwarder.c.o
[9/11] Compiling C object clientnic-dpdk-forwarder.p/pipeline.c.o
[10/11] Compiling C object clientnic-dpdk-forwarder.p/wan_delay.c.o
[11/11] Linking target clientnic-dpdk-forwarder
BUILD_SUCCESS
----------------------------------------------
[0;32m[PASS][0m Build: clientnic-dpdk-forwarder meson + ninja build succeeded
[1;33m[08:05:51] Build: Building servernic-dpdk on ServerNIC VM...[0m
--- ServerNIC build output (last 20 lines) ---
NOTICE: You are using Python 3.7 which is EOL. Starting with v1.12.0, Meson will require Python 3.10 or newer
[1/10] Compiling C object servernic-dpdk.p/checksum.c.o
[2/10] Compiling C object servernic-dpdk.p/flow_table.c.o
[3/10] Compiling C object servernic-dpdk.p/log.c.o
[4/10] Compiling C object servernic-dpdk.p/main.c.o
[5/10] Compiling C object servernic-dpdk.p/syn_handler.c.o
[6/10] Compiling C object servernic-dpdk.p/translator.c.o
[7/10] Compiling C object servernic-dpdk.p/io.c.o
../io.c: In function 'eth1_send':
../io.c:124:21: warning: pointer targets in initialization differ in signedness [-Wpointer-sign]
     uint8_t *data = rte_pktmbuf_append(m, len);
                     ^~~~~~~~~~~~~~~~~~
../io.c: In function 'eth2_send':
../io.c:262:21: warning: pointer targets in initialization differ in signedness [-Wpointer-sign]
     uint8_t *data = rte_pktmbuf_append(m, len);
                     ^~~~~~~~~~~~~~~~~~
[8/10] Compiling C object servernic-dpdk.p/pipeline.c.o
[9/10] Compiling C object servernic-dpdk.p/wan_delay.c.o
[10/10] Linking target servernic-dpdk
BUILD_SUCCESS
----------------------------------------------
[0;32m[PASS][0m Build: servernic-dpdk meson + ninja build succeeded
[1;33m[08:06:01] Step 1: Starting Server via node script (4 load-generator port(s))...[0m
[0;32m[PASS][0m Server listening on :8080
[1;33m[08:06:08] Emulated WAN: 100ms RTT = 50000us per direction on the ClientNIC<->ServerNIC leg[0m
[1;33m[08:06:08] Step 2: Starting ServerNIC DPDK binary via node script...[0m
[0;32m[PASS][0m ServerNIC: servernic-dpdk process is running
[0;32m[PASS][0m ServerNIC: IP forwarding enabled
[1;33m[08:06:22] Step 3: Starting ClientNIC (dpdk-forwarder) via node script...[0m
[0;32m[PASS][0m ClientNIC: IP forwarding enabled
[0;32m[PASS][0m Step 3: clientnic-dpdk-forwarder process is running
[1;33m[08:06:37] Endpoint capture: starting tcpdump on Client host and Server host...[0m
[1;33m[08:06:49] Step 4: Running client test (1 connection(s))...[0m
[1;33m[08:06:49] Arrival pacing: 2000 conn/s x 100000 conns x 1 round(s) — minimum 50s of spawn time[0m
--- Client output ---
--- Round 1/1: 4 port(s) starting at 8080 x 100000 total connections, 1024 bytes/conn, 2000 conn/s arrival, 0ms think, max 2000 in flight ---
Arrival: rate=2000 conn/s requested, 2000 conn/s achieved over 50.000s
Think: 0 ms between connect() and first write
Transfer complete: 84143/100000 connections ok, 15857 failed, duration=1115.292s, ~0.6 Mbits/sec
Success: 84143/100000
Success: 0/1
---
[1;33m[WARN][0m Client: partial success — see client output above
[1;33m[08:25:36] Step 5: Stopping packet captures and DPDK binaries...[0m
[0;32m[PASS][0m Captures stopped, DPDK binaries signalled
[1;33m[08:26:24] Step 6: Verifying server received data...[0m
--- Server log ---
[1;33m[08:06:02] Killing any leftover load-generator processes...[0m
[1;33m[08:06:03] Open-file limit (ulimit -n): 1048576[0m
[1;33m[08:06:03] Syncing code to origin/fix/secret-rename (hard reset ? discards VM-local drift)...[0m
From https://github.com/ofekm5/zero-rtt-tcp
 * branch            fix/secret-rename -> FETCH_HEAD
HEAD is now at 2773c33 ci: experiment baseline bundle 20260811-080308 [skip ci]
[1;33m[08:06:04] Server VM IP: 10.1.2.50[0m
[1;33m[08:06:04] Will listen on 0.0.0.0:8080-8083 (4 port(s))[0m

[1;33m[08:06:04] Starting load-generator server on ports 8080-8083 ? press Ctrl+C to stop.[0m

Listening on ports [8080, 8081, 8082, 8083]
Received 2904064 bytes across 2836 connections (so far)
Received 7001088 bytes across 6837 connections (so far)
Received 11097088 bytes across 10837 connections (so far)
Received 15194112 bytes across 14838 connections (so far)
Received 19289088 bytes across 18837 connections (so far)
Received 23386112 bytes across 22838 connections (so far)
Received 27483136 bytes across 26839 connections (so far)
Received 31579136 bytes across 30839 connections (so far)
Received 35675136 bytes across 34839 connections (so far)
Received 39772160 bytes across 38840 connections (so far)
Received 43868160 bytes across 42840 connections (so far)
Received 47964160 bytes across 46840 connections (so far)
Received 52061184 bytes across 50841 connections (so far)
Received 56157184 bytes across 54841 connections (so far)
Received 60254208 bytes across 58842 connections (so far)
Received 64351232 bytes across 62843 connections (so far)
Received 68447232 bytes across 66843 connections (so far)
Received 69995520 bytes across 68355 connections (so far)
Received 75972608 bytes across 74192 connections (so far)
Received 76940288 bytes across 75137 connections (so far)
Received 76945408 bytes across 75142 connections (so far)
Received 77255680 bytes across 75445 connections (so far)
Received 77819904 bytes across 75996 connections (so far)
Received 77858816 bytes across 76034 connections (so far)
Received 77859840 bytes across 76035 connections (so far)
Received 78173184 bytes across 76341 connections (so far)
Received 78619648 bytes across 76777 connections (so far)
Received 78674944 bytes across 76831 connections (so far)
Received 78675968 bytes across 76832 connections (so far)
Received 79220736 bytes across 77364 connections (so far)
Received 79961088 bytes across 78087 connections (so far)
Received 80023552 bytes across 78148 connections (so far)
Received 80756736 bytes across 78864 connections (so far)
Received 81355776 bytes across 79449 connections (so far)
Received 81401856 bytes across 79494 connections (so far)
Received 81812480 bytes across 79895 connections (so far)
Received 81926144 bytes across 80006 connections (so far)
Received 82478080 bytes across 80545 connections (so far)
Received 82479104 bytes across 80546 connections (so far)
Received 82873344 bytes across 80931 connections (so far)
Received 83342336 bytes across 81389 connections (so far)
Received 83389440 bytes across 81435 connections (so far)
Received 83880960 bytes across 81915 connections (so far)
Received 84568064 bytes across 82586 connections (so far)
Received 85016576 bytes across 83024 connections (so far)
------------------
[0;32m[PASS][0m Server received data from client
[1;33m[08:26:27] Step 7: Collecting per-VM logs...[0m
[1;33m[WARN][0m ServerNIC log (/tmp/servernic.log): fetched 23985 bytes, at this transport's 24000-byte output cap — content is TRUNCATED. Counts and greps below cover only the captured prefix. Read the full file on the node.
--- ServerNIC log ---
[1;33m[08:06:10] Killing any leftover servernic processes...[0m
[1;33m[08:06:11] Syncing code to origin/fix/secret-rename (hard reset ? discards VM-local drift)...[0m
From https://github.com/ofekm5/zero-rtt-tcp
 * branch            fix/secret-rename -> FETCH_HEAD
HEAD is now at 2773c33 ci: experiment baseline bundle 20260811-080308 [skip ci]
[1;33m[08:06:11] SKIP_BUILD=1 ? skipping meson+ninja build.[0m
[1;33m[08:06:11] Using existing binary: /home/ec2-user/zero-rtt-tcp/src/servernic/dpdk/builddir/servernic-dpdk[0m
[1;33m[08:06:11] ClientNIC-side gateway MAC (peer):  02:9a:5a:ea:c9:95[0m
[1;33m[08:06:11] Server-side peer MAC (peer):        02:54:02:7d:3e:39[0m
[1;33m[08:06:11] Our ClientNIC-facing port MAC (eth1): 02:f2:55:12:4c:cb[0m
[1;33m[08:06:11] Our Server-facing port MAC (eth2):    02:73:fc:e3:56:b5[0m
[1;33m[08:06:11] IP forwarding: enabled[0m
[1;33m[08:06:11] Starting servernic-dpdk ? watching for flows. Press Ctrl+C to stop.[0m
[1;33m[08:06:11]   --port=8080 --port-count=4 --gw-mac=02:9a:5a:ea:c9:95 --server-mac=02:54:02:7d:3e:39[0m
[1;33m[08:06:11]   --client-port-mac=02:f2:55:12:4c:cb --server-port-mac=02:73:fc:e3:56:b5[0m
[1;33m[08:06:11]   --wan-delay-us=50000 (emulated WAN, middle leg ? must match ClientNIC)[0m

EAL: Detected CPU lcores: 2
EAL: Detected NUMA nodes: 1
EAL: Detected shared linkage of DPDK
EAL: Multi-process socket /var/run/dpdk/rte/mp_socket
EAL: Selected IOVA mode 'PA'
EAL: VFIO support initialized
EAL: Using IOMMU type 8 (No-IOMMU)
EAL: Probe PCI driver: net_ena (1d0f:ec20) device: 0000:00:06.0 (socket -1)
ena_get_metrics_entries(): 0x6 customer metrics are supported
EAL: Probe PCI driver: net_ena (1d0f:ec20) device: 0000:00:07.0 (socket -1)
ena_get_metrics_entries(): 0x6 customer metrics are supported
TELEMETRY: No legacy callbacks, legacy socket not created
SERVERNIC: ServerNIC DPDK starting (port=8080..8083)
SERVERNIC: Port map: ClientNIC-facing=port 0, Server-facing=port 1
SERVERNIC: wan-delay: holding middle-leg TX for 50000 us (150000000 cycles, ring=8192 packets)
SERVERNIC: eth1: DPDK port 0 started (MAC=02:f2:55:12:4c:cb)
SERVERNIC: eth2: DPDK port 1 started (MAC=02:73:fc:e3:56:b5)
SERVERNIC: Entering busy-poll loop...
SERVERNIC: stats ClientNIC-facing (port 0): rx=0 tx=0 imissed=0 rx_nombuf=0 ierrors=0 oerrors=0
SERVERNIC: stats Server-facing (port 1): rx=0 tx=0 imissed=0 rx_nombuf=0 ierrors=0 oerrors=0
SERVERNIC: stats mempool: avail=14337/16383 low-water=16383
SERVERNIC: stats buffered: bytes=0/1073741824 (capacity-model ?7)
SERVERNIC: stats wan_delay: held=0/8192 released=0
SERVERNIC: stats ClientNIC-facing (port 0): rx=0 tx=0 imissed=0 rx_nombuf=0 ierrors=0 oerrors=0
SERVERNIC: stats Server-facing (port 1): rx=0 tx=0 imissed=0 rx_nombuf=0 ierrors=0 oerrors=0
SERVERNIC: stats mempool: avail=14337/16383 low-water=16383
SERVERNIC: stats buffered: bytes=0/1073741824 (capacity-model ?7)
SERVERNIC: stats wan_delay: held=0/8192 released=0
SERVERNIC: stats ClientNIC-facing (port 0): rx=0 tx=0 imissed=0 rx_nombuf=0 ierrors=0 oerrors=0
SERVERNIC: stats Server-facing (port 1): rx=0 tx=0 imissed=0 rx_nombuf=0 ierrors=0 oerrors=0
SERVERNIC: stats mempool: avail=14337/16383 low-water=16383
SERVERNIC: stats buffered: bytes=0/1073741824 (capacity-model ?7)
SERVERNIC: stats wan_delay: held=0/8192 released=0
SERVERNIC: stats ClientNIC-facing (port 0): rx=0 tx=0 imissed=0 rx_nombuf=0 ierrors=0 oerrors=0
SERVERNIC: stats Server-facing (port 1): rx=0 tx=0 imissed=0 rx_nombuf=0 ierrors=0 oerrors=0
SERVERNIC: stats mempool: avail=14337/16383 low-water=16383
SERVERNIC: stats buffered: bytes=0/1073741824 (capacity-model ?7)
SERVERNIC: stats wan_delay: held=0/8192 released=0
SERVERNIC: stats ClientNIC-facing (port 0): rx=0 tx=0 imissed=0 rx_nombuf=0 ierrors=0 oerrors=0
SERVERNIC: stats Server-facing (port 1): rx=0 tx=0 imissed=0 rx_nombuf=0 ierrors=0 oerrors=0
SERVERNIC: stats mempool: avail=14337/16383 low-water=16383
SERVERNIC: stats buffered: bytes=0/1073741824 (capacity-model ?7)
SERVERNIC: stats wan_delay: held=0/8192 released=0
SERVERNIC: stats ClientNIC-facing (port 0): rx=0 tx=0 imissed=0 rx_nombuf=0 ierrors=0 oerrors=0
SERVERNIC: stats Server-facing (port 1): rx=0 tx=0 imissed=0 rx_nombuf=0 ierrors=0 oerrors=0
SERVERNIC: stats mempool: avail=14337/16383 low-water=16383
SERVERNIC: stats buffered: bytes=0/1073741824 (capacity-model ?7)
SERVERNIC: stats wan_delay: held=0/8192 released=0
SERVERNIC: stats ClientNIC-facing (port 0): rx=0 tx=0 imissed=0 rx_nombuf=0 ierrors=0 oerrors=0
SERVERNIC: stats Server-facing (port 1): rx=0 tx=0 imissed=0 rx_nombuf=0 ierrors=0 oerrors=0
SERVERNIC: stats mempool: avail=14337/16383 low-water=16383
SERVERNIC: stats buffered: bytes=0/1073741824 (capacity-model ?7)
SERVERNIC: stats wan_delay: held=0/8192 released=0
SERVERNIC: c2s: unknown flow, dropping
SERVERNIC: c2s: unknown flow, dropping
SERVERNIC: c2s: unknown flow, dropping
SERVERNIC: c2s: unknown flow, dropping
SERVERNIC: SYN: new flow, V=0xdbecdf92
SERVERNIC: SYN: new flow, V=0x79b159db
SERVERNIC: SYN: new flow, V=0x566d3645
SERVERNIC: SYN: new flow, V=0x81e55bf6
SERVERNIC: SYN: new flow, V=0xf49b6d5e
SERVERNIC: SYN-ACK: delta=0xdf2b8c31, V=0xf49b6d5e, real_isn=0x156fe12d
SERVERNIC: SYN-ACK: flushed 1 buffered c2s packets
SERVERNIC: SYN-ACK: delta=0xc02e8767, V=0x566d3645, real_isn=0x963eaede
SERVERNIC: SYN-ACK: flushed 3 buffered c2s packets
SERVERNIC: SYN: new flow, V=0x88772427
SERVERNIC: SYN-ACK: delta=0xd49f241f, V=0x81e55bf6, real_isn=0xad4637d7
SERVERNIC: SYN-ACK: delta=0x92f656b6, V=0xdbecdf92, real_isn=0x48f688dc
SERVERNIC: SYN-ACK: flushed 2 buffered c2s packets
SERVERNIC: SYN-ACK: delta=0xad4be295, V=0x79b159db, real_isn=0xcc657746
SERVERNIC: SYN-ACK: flushed 3 buffered c2s packets
SERVERNIC: SYN: new flow, V=0xc579cc5d
SERVERNIC: SYN-ACK: delta=0x0470bba0, V=0xc579cc5d, real_isn=0xc10910bd
SERVERNIC: SYN-ACK: flushed 1 buffered c2s packets
SERVERNIC: SYN: new flow, V=0x166dfb69
SERVERNIC: SYN-ACK: delta=0x5a787b7b, V=0x88772427, real_isn=0x2dfea8ac
SERVERNIC: SYN-ACK: flushed 3 buffered c2s packets
SERVERNIC: SYN-ACK: delta=0x443725a5, V=0x166dfb69, real_isn=0xd236d5c4
SERVERNIC: SYN-ACK: flushed 3 buffered c2s packets
SERVERNIC: SYN: new flow, V=0xdc1b9424
SERVERNIC: SYN-ACK: delta=0x99b9a21f, V=0xdc1b9424, real_isn=0x4261f205
SERVERNIC: SYN-ACK: flushed 1 buffered c2s packets
SERVERNIC: SYN: new flow, V=0xc7465d4c
SERVERNIC: SYN-ACK: delta=0x43c25275, V=0xc7465d4c, real_isn=0x83840ad7
SERVERNIC: SYN: new flow, V=0x3d19c6cf
SERVERNIC: SYN-ACK: delta=0x40f80293, V=0x3d19c6cf, real_isn=0xfc21c43c
SERVERNIC: SYN: new flow, V=0x828839f6
SERVERNIC: SYN: new flow, V=0x68e13fde
SERVERNIC: SYN-ACK: delta=0xa7a43c7b, V=0x828839f6, real_isn=0xdae3fd7b
SERVERNIC: SYN-ACK: flushed 1 buffered c2s packets
SERVERNIC: SYN-ACK: delta=0x62b6d4bd, V=0x68e13fde, real_isn=0x062a6b21
SERVERNIC: SYN: new flow, V=0x6730184e
SERVERNIC: SYN-ACK: delta=0xb98b0a42, V=0x6730184e, real_isn=0xada50e0c
SERVERNIC: SYN-ACK: flushed 1 buffered c2s packets
SERVERNIC: SYN: new flow, V=0x373fdfd3
SERVERNIC: SYN-ACK: delta=0xb6ba6e1d, V=0x373fdfd3, real_isn=0x808571b6
SERVERNIC: SYN-ACK: flushed 3 buffered c2s packets
SERVERNIC: SYN: new flow, V=0x339f6b5f
SERVERNIC: SYN-ACK: delta=0x7dc7135d, V=0x339f6b5f, real_isn=0xb5d85802
SERVERNIC: SYN-ACK: flushed 1 buffered c2s packets
SERVERNIC: SYN: new flow, V=0x59b08cc4
SERVERNIC: SYN: new flow, V=0x418b973d
SERVERNIC: SYN-ACK: delta=0x67b12ed7, V=0x59b08cc4, real_isn=0xf1ff5ded
SERVERNIC: SYN-ACK: flushed 3 buffered c2s packets
SERVERNIC: SYN: new flow, V=0xeb75336d
SERVERNIC: SYN-ACK: delta=0x6c6e4279, V=0x418b973d, real_isn=0xd51d54c4
SERVERNIC: SYN-ACK: flushed 3 buffered c2s packets
SERVERNIC: SYN: new flow, V=0x5abed3c1
SERVERNIC: SYN-ACK: delta=0x8a80a3c4, V=0xeb75336d, real_isn=0x60f48fa9
SERVERNIC: SYN-ACK: flushed 3 buffered c2s packets
SERVERNIC: SYN: new flow, V=0x4ee26e4e
SERVERNIC: SYN-ACK: delta=0xd55620b2, V=0x5abed3c1, real_isn=0x8568b30f
SERVERNIC: SYN-ACK: flushed 3 buffered c2s packets
SERVERNIC: SYN: new flow, V=0xa0e4adb5
SERVERNIC: SYN-ACK: delta=0xfc3225e0, V=0x4ee26e4e, real_isn=0x52b0486e
SERVERNIC: SYN-ACK: flushed 3 buffered c2s packets
SERVERNIC: SYN: new flow, V=0x3f383ed3
SERVERNIC: SYN-ACK: delta=0x45c48c38, V=0xa0e4adb5, real_isn=0x5b20217d
SERVERNIC: SYN-ACK: flushed 1 buffered c2s packets
SERVERNIC: SYN-ACK: delta=0x019d0c69, V=0x3f383ed3, real_isn=0x3d9b326a
SERVERNIC: SYN-ACK: flushed 1 buffered c2s packets
SERVERNIC: SYN: new flow, V=0x66e08dad
SERVERNIC: SYN-ACK: delta=0x434ba669, V=0x66e08dad, real_isn=0x2394e744
SERVERNIC: SYN-ACK: flushed 1 buffered c2s packets
SERVERNIC: SYN: new flow, V=0x991956c7
SERVERNIC: SYN: new flow, V=0xb4de9f42
SERVERNIC: SYN-ACK: delta=0xc87b5817, V=0x991956c7, real_isn=0xd09dfeb0
SERVERNIC: SYN-ACK: flushed 3 buffered c2s packets
SERVERNIC: SYN: new flow, V=0x6a75cf3d
SERVERNIC: SYN-ACK: delta=0x78ea23fd, V=0xb4de9f42, real_isn=0x3bf47b45
SERVERNIC: SYN-ACK: flushed 3 buffered c2s packets
SERVERNIC: SYN-ACK: delta=0xc027ff94, V=0x6a75cf3d, real_isn=0xaa4dcfa9
SERVERNIC: SYN-ACK: flushed 1 buffered c2s packets
SERVERNIC: SYN: new flow, V=0x815a6946
SERVERNIC: SYN: new flow, V=0x4ef2ac2d
SERVERNIC: SYN-ACK: delta=0x2356cfd9, V=0x815a6946, real_isn=0x5e03996d
SERVERNIC: SYN-ACK: flushed 3 buffered c2s packets
SERVERNIC: SYN: new flow, V=0xaacc018c
SERVERNIC: SYN-ACK: delta=0x266cb207, V=0x4ef2ac2d, real_isn=0x2885fa26
SERVERNIC: SYN-ACK: flushed 1 buffered c2s packets
SERVERNIC: SYN: new flow, V=0x0512f71a
SERVERNIC: SYN-ACK: delta=0xb8c4a224, V=0xaacc018c, real_isn=0xf2075f68
SERVERNIC: SYN-ACK: flushed 3 buffered c2s packets
SERVERNIC: SYN-ACK: delta=0x8862a2fa, V=0x0512f71a, real_isn=0x7cb05420
SERVERNIC: SYN: new flow, V=0x01c12b55
SERVERNIC: SYN-ACK: delta=0xce5c6f5a, V=0x01c12b55, real_isn=0x3364bbfb
SERVERNIC: SYN-ACK: flushed 1 buffered c2s packets
SERVERNIC: SYN: new flow, V=0x0f21a1da
SERVERNIC: SYN-ACK: delta=0x1d4b9cf0, V=0x0f21a1da, real_isn=0xf1d604ea
SERVERNIC: SYN-ACK: flushed 3 buffered c2s packets
SERVERNIC: SYN: new flow, V=0xffdc6745
SERVERNIC: SYN-ACK: delta=0xdc9e0bde, V=0xffdc6745, real_isn=0x233e5b67
SERVERNIC: SYN: new flow, V=0xd610fbbc
SERVERNIC: SYN-ACK: delta=0x51013ccd, V=0xd610fbbc, real_isn=0x850fbeef
SERVERNIC: SYN-ACK: flushed 3 buffered c2s packets
SERVERNIC: SYN: new flow, V=0xff1c8a76
SERVERNIC: SYN-ACK: delta=0xdeb64f24, V=0xff1c8a76, real_isn=0x20663b52
SERVERNIC: SYN-ACK: flushed 1 buffered c2s packets
SERVERNIC: SYN: new flow, V=0x27708a5f
SERVERNIC: SYN-ACK: delta=0xc6f7fecd, V=0x27708a5f, real_isn=0x60788b92
SERVERNIC: SYN-ACK: flushed 1 buffered c2s packets
SERVERNIC: SYN: new flow, V=0x31553e22
SERVERNIC: SYN: new flow, V=0x4df2d288
SERVERNIC: SYN-ACK: delta=0x7372f402, V=0x31553e22, real_isn=0xbde24a20
SERVERNIC: SYN-ACK: flushed 1 buffered c2s packets
SERVERNIC: SYN-ACK: delta=0xa651c729, V=0x4df2d288, real_isn=0xa7a10b5f
SERVERNIC: SYN-ACK: flushed 1 buffered c2s packets
SERVERNIC: SYN: new flow, V=0xefa8f541
SERVERNIC: SYN-ACK: delta=0x76e007f0, V=0xefa8f541, real_isn=0x78c8ed51
SERVERNIC: SYN-ACK: flushed 3 buffered c2s packets
SERVERNIC: SYN: new flow, V=0xa717feb4
SERVERNIC: SYN-ACK: delta=0x704ecb73, V=0xa717feb4, real_isn=0x36c93341
SERVERNIC: SYN-ACK: flushed 1 buffered c2s packets
SERVERNIC: SYN: new flow, V=0xaec84d00
SERVERNIC: SYN-ACK: delta=0x682479cf, V=0xaec84d00, real_isn=0x46a3d331
SERVERNIC: SYN-ACK: flushed 2 buffered c2s packets
SERVERNIC: SYN: new flow, V=0xc82a7f30
SERVERNIC: SYN-ACK: delta=0xe3df99eb, V=0xc82a7f30, real_isn=0xe44ae545
SERVERNIC: SYN: new flow, V=0x67d52948
SERVERNIC: SYN-ACK: delta=0x279e3b84, V=0x67d52948, real_isn=0x4036edc4
SERVERNIC: SYN-ACK: flushed 1 buffered c2s packets
SERVERNIC: SYN: new flow, V=0x532ee3af
SERVERNIC: SYN-ACK: delta=0x95081617, V=0x532ee3af, real_isn=0xbe26cd98
SERVERNIC: SYN-ACK: flushed 1 buffered c2s packets
SERVERNIC: SYN: new flow, V=0x301a6f56
SERVERNIC: SYN-ACK: delta=0xf0a99368, V=0x301a6f56, real_isn=0x3f70dbee
SERVERNIC: SYN-ACK: flushed 1 buffered c2s packets
SERVERNIC: SYN: new flow, V=0x6437f238
SERVERNIC: SYN-ACK: delta=0x0d9c8944, V=0x6437f238, real_isn=0x569b68f4
SERVERNIC: SYN: new flow, V=0xf6d36524
SERVERNIC: SYN-ACK: delta=0x7f367901, V=0xf6d36524, real_isn=0x779cec23
SERVERNIC: SYN-ACK: flushed 1 buffered c2s packets
SERVERNIC: SYN: new flow, V=0x9ad37dba
SERVERNIC: SYN-ACK: delta=0x4c9993f2, V=0x9ad37dba, real_isn=0x4e39e9c8
SERVERNIC: SYN-ACK: flushed 1 buffered c2s packets
SERVERNIC: SYN: new flow, V=0x2454e861
SERVERNIC: SYN-ACK: delta=0xd9ae3041, V=0x2454e861, real_isn=0x4aa6b820
SERVERNIC: SYN-ACK: flushed 1 buffered c2s packets
SERVERNIC: SYN: new flow, V=0xe239a608
SERVERNIC: SYN-ACK: delta=0xa5c81193, V=0xe239a608, real_isn=0x3c719475
SERVERNIC: SYN-ACK: flushed 1 buffered c2s packets
SERVERNIC: SYN: new flow, V=0x421b69ac
SERVERNIC: SYN-ACK: delta=0x982b65fa, V=0x421b69ac, real_isn=0xa9f003b2
SERVERNIC: SYN-ACK: flushed 1 buffered c2s packets
SERVERNIC: SYN: new flow, V=0x68b864ef
SERVERNIC: SYN-ACK: delta=0x45070668, V=0x68b864ef, real_isn=0x23b15e87
SERVERNIC: SYN: new flow, V=0x369218ea
SERVERNIC: SYN-ACK: delta=0xa3c780ee, V=0x369218ea, real_isn=0x92ca97fc
SERVERNIC: SYN-ACK: flushed 1 buffered c2s packets
SERVERNIC: SYN: new flow, V=0x93c82173
SERVERNIC: SYN-ACK: delta=0xefb782d7, V=0x93c82173, real_isn=0xa4109e9c
SERVERNIC: SYN-ACK: flushed 3 buffered c2s packets
SERVERNIC: SYN: new flow, V=0x2cd9661a
SERVERNIC: SYN: new flow, V=0xc4ec9716
SERVERNIC: SYN-ACK: delta=0x19f7f863, V=0x2cd9661a, real_isn=0x12e16db7
SERVERNIC: SYN-ACK: flushed 3 buffered c2s packets
SERVERNIC: SYN-ACK: delta=0x37353ed6, V=0xc4ec9716, real_isn=0x8db75840
SERVERNIC: SYN-ACK: flushed 1 buffered c2s packets
SERVERNIC: SYN: new flow, V=0x52fc62de
SERVERNIC: SYN-ACK: delta=0xdfe233d6, V=0x52fc62de, real_isn=0x731a2f08
SERVERNIC: SYN-ACK: flushed 1 buffered c2s packets
SERVERNIC: SYN: new flow, V=0x68ae21d1
SERVERNIC: SYN-ACK: delta=0x6a1cb578, V=0x68ae21d1, real_isn=0xfe916c59
SERVERNIC: SYN-ACK: flushed 1 buffered c2s packets
SERVERNIC: SYN: new flow, V=0x77f94b85
SERVERNIC: SYN-ACK: delta=0x24052802, V=0x77f94b85, real_isn=0x53f42383
SERVERNIC: SYN-ACK: flushed 1 buffered c2s packets
SERVERNIC: SYN: new flow, V=0x413ef3e6
SERVERNIC: SYN-ACK: delta=0xa6c0a7d6, V=0x413ef3e6, real_isn=0x9a7e4c10
SERVERNIC: SYN: new flow, V=0x2bce689b
SERVERNIC: SYN-ACK: delta=0x9ff2aa13, V=0x2bce689b, real_isn=0x8bdbbe88
SERVERNIC: SYN-ACK: flushed 1 buffered c2s packets
SERVERNIC: SYN: new flow, V=0x8a64aac7
SERVERNIC: SYN-ACK: delta=0x35ea3ef2, V=0x8a64aac7, real_isn=0x547a6bd5
SERVERNIC: SYN: new flow, V=0x582ddb2b
SERVERNIC: SYN: new flow, V=0x20a633db
SERVERNIC: SYN-ACK: delta=0x54269ecd, V=0x582ddb2b, real_isn=0x04073c5e
SERVERNIC: SYN-ACK: flushed 1 buffered c2s packets
SERVERNIC: SYN-ACK: delta=0xc4b1d1e2, V=0x20a633db, real_isn=0x5bf461f9
SERVERNIC: SYN: new flow, V=0xe4610315
SERVERNIC: SYN-ACK: delta=0xe73954b8, V=0xe4610315, real_isn=0xfd27ae5d
SERVERNIC: SYN-ACK: flushed 1 buffered c2s packets
SERVERNIC: SYN: new flow, V=0x51ee211a
SERVERNIC: SYN-ACK: delta=0xa4e4a060, V=0x51ee211a, real_isn=0xad0980ba
SERVERNIC: SYN-ACK: flushed 1 buffered c2s packets
SERVERNIC: SYN: new flow, V=0x9eab9ebd
SERVERNIC: SYN-ACK: delta=0xe1fed1c0, V=0x9eab9ebd, real_isn=0xbcacccfd
SERVERNIC: SYN: new flow, V=0x77bd07ed
SERVERNIC: SYN: new flow, V=0x3c3acce3
SERVERNIC: SYN-ACK: delta=0x5ddc5f96, V=0x77bd07ed, real_isn=0x19e0a857
SERVERNIC: SYN-ACK: flushed 1 buffered c2s packets
SERVERNIC: SYN-ACK: delta=0x491cff27, V=0x3c3acce3, real_isn=0xf31dcdbc
SERVERNIC: SYN-ACK: flushed 1 buffered c2s packets
SERVERNIC: SYN: new flow, V=0xdf103dc8
SERVERNIC: SYN: new flow, V=0x97cbbb64
SERVERNIC: SYN-ACK: delta=0x2ccf00cf, V=0xdf103dc8, real_isn=0xb2413cf9
SERVERNIC: SYN-ACK: flushed 3 buffered c2s packets
SERVERNIC: SYN-ACK: delta=0xec91af41, V=0x97cbbb64, real_isn=0xab3a0c23
SERVERNIC: SYN-ACK: flushed 1 buffered c2s packets
SERVERNIC: SYN: new flow, V=0xf060ef58
SERVERNIC: SYN: new flow, V=0x3a368907
SERVERNIC: SYN-ACK: delta=0xe0fda3d8, V=0xf060ef58, real_isn=0x0f634b80
SERVERNIC: SYN-ACK: flushed 3 buffered c2s packets
SERVERNIC: SYN-ACK: delta=0xeed9a1df, V=0x3a368907, real_isn=0x4b5ce728
SERVERNIC: SYN-ACK: flushed 3 buffered c2s packets
SERVERNIC: SYN: new flow, V=0xcdbcb774
SERVERNIC: SYN-ACK: delta=0x17d362ff, V=0xcdbcb774, real_isn=0xb5e95475
SERVERNIC: SYN-ACK: flushed 3 buffered c2s packets
SERVERNIC: SYN: new flow, V=0x423949cb
SERVERNIC: SYN-ACK: delta=0xcd6871e5, V=0x423949cb, real_isn=0x74d0d7e6
SERVERNIC: SYN-ACK: flushed 1 buffered c2s packets
SERVERNIC: SYN: new flow, V=0x311912de
SERVERNIC: SYN-ACK: delta=0x18dc4235, V=0x311912de, real_isn=0x183cd0a9
SERVERNIC: SYN: new flow, V=0xec1daa2b
SERVERNIC: SYN-ACK: delta=0x42707c65, V=0xec1daa2b, real_isn=0xa9ad2dc6
SERVERNIC: SYN: new flow, V=0x6598a464
SERVERNIC: SYN-ACK: delta=0x7d00fffc, V=0x6598a464, real_isn=0xe897a468
SERVERNIC: SYN-ACK: flushed 1 buffered c2s packets
SERVERNIC: SYN: new flow, V=0x0e603108
SERVERNIC: SYN-ACK: delta=0xee367301, V=0x0e603108, real_isn=0x2029be07
SERVERNIC: SYN: new flow, V=0x3872e954
SERVERNIC: SYN-ACK: delta=0xa2430b6c, V=0x3872e954, real_isn=0x962fdde8
SERVERNIC: SYN-ACK: flushed 3 buffered c2s packets
SERVERNIC: SYN: new flow, V=0xe0448e76
SERVERNIC: SYN-ACK: delta=0x11bd9c75, V=0xe0448e76, real_isn=0xce86f201
SERVERNIC: SYN-ACK: flushed 1 buffered c2s packets
SERVERNIC: SYN: new flow, V=0xb069735f
SERVERNIC: SYN-ACK: delta=0x153f73de, V=0xb069735f, real_isn=0x9b29ff81
SERVERNIC: SYN-ACK: flushed 1 buffered c2s packets
SERVERNIC: SYN: new flow, V=0xc086b8f7
SERVERNIC: SYN-ACK: delta=0x4eb0602d, V=0xc086b8f7, real_isn=0x71d658ca
SERVERNIC: SYN-ACK: flushed 3 buffered c2s packets
SERVERNIC: SYN: new flow, V=0xe1c8b995
SERVERNIC: SYN-ACK: delta=0x9937650c, V=0xe1c8b995, real_isn=0x48915489
SERVERNIC: SYN-ACK: flushed 1 buffered c2s packets
SERVERNIC: SYN: new flow, V=0x3e4dcd05
SERVERNIC: SYN-ACK: delta=0x22b974f9, V=0x3e4dcd05, real_isn=0x1b94580c
SERVERNIC: SYN-ACK: flushed 1 buffered c2s packets
SERVERNIC: SYN: new flow, V=0xeb3fdc49
SERVERNIC: SYN-ACK: delta=0xc8acb36e, V=0xeb3fdc49, real_isn=0x229328db
SERVERNIC: SYN: new flow, V=0x3c866c20
SERVERNIC: SYN-ACK: delta=0xc1da9c32, V=0x3c866c20, real_isn=0x7aabcfee
SERVERNIC: SYN-ACK: flushed 1 buffered c2s packets
SERVERNIC: SYN: new flow, V=0xc6bb6851
SERVERNIC: SYN-ACK: delta=0xf4b0090b, V=0xc6bb6851, real_isn=0xd20b5f46
SERVERNIC: SYN-ACK: flushed 1 buffered c2s packets
SERVERNIC: SYN: new flow, V=0x85baed0a
SERVERNIC: SYN-ACK: delta=0x571cf91a, V=0x85baed0a, real_isn=0x2e9df3f0
SERVERNIC: SYN-ACK: flushed 1 buffered c2s packets
SERVERNIC: SYN: new flow, V=0xab4c4ec8
SERVERNIC: SYN: new flow, V=0x6eceacbe
SERVERNIC: SYN-ACK: delta=0x601961dd, V=0xab4c4ec8, real_isn=0x4b32eceb
SERVERNIC: SYN-ACK: flushed 3 buffered c2s packets
SERVERNIC: SYN-ACK: delta=0x5f795978, V=0x6eceacbe, real_isn=0x0f555346
SERVERNIC: SYN-ACK: flushed 1 buffered c2s packets
SERVERNIC: SYN: new flow, V=0x3bbc32e8
SERVERNIC: SYN-ACK: delta=0x886b00ed, V=0x3bbc32e8, real_isn=0xb35131fb
SERVERNIC: SYN-ACK: flushed 3 buffered c2s packets
SERVERNIC: SYN: new flow, V=0xfc7bab62
SERVERNIC: SYN-ACK: delta=0x3f498a6a, V=0xfc7bab62, real_isn=0xbd3220f8
SERVERNIC: SYN: new flow, V=0xf97cef03
SERVERNIC: SYN-ACK: delta=0x1021cb10, V=0xf97cef03, real_isn=0xe95b23f3
SERVERNIC: SYN-ACK: flushed 1 buffered c2s packets
SERVERNIC: SYN: new flow, V=0xc45c2ff4
SERVERNIC: SYN-ACK: delta=0x6142235b, V=0xc45c2ff4, real_isn=0x631a0c99
SERVERNIC: SYN-ACK: flushed 1 buffered c2s packets
SERVERNIC: SYN: new flow, V=0xee5b10ba
SERVERNIC: SYN-ACK: delta=0x9f2fda46, V=0xee5b10ba, real_isn=0x4f2b3674
SERVERNIC: SYN-ACK: flushed 1 buffered c2s packets
SERVERNIC: SYN: new flow, V=0x94408dba
SERVERNIC: SYN-ACK: delta=0xe4109aed, V=0x94408dba, real_isn=0xb02ff2cd
SERVERNIC: SYN-ACK: flushed 1 buffered c2s packets
SERVERNIC: SYN: new flow, V=0x270d8acd
SERVERNIC: SYN-ACK: delta=0x5f0f1986, V=0x270d8acd, real_isn=0xc7fe7147
SERVERNIC: SYN: new flow, V=0x0764bd4f
SERVERNIC: SYN-ACK: delta=0xd4937045, V=0x0764bd4f, real_isn=0x32d14d0a
SERVERNIC: SYN: new flow, V=0x42ba4a30
SERVERNIC: SYN-ACK: delta=0xec8c3cee, V=0x42ba4a30, real_isn=0x562e0d42
SERVERNIC: SYN-ACK: flushed 1 buffered c2s packets
SERVERNIC: SYN: new flow, V=0xaf2892cc
SERVERNIC: SYN-ACK: delta=0x3ba44ddf, V=0xaf2892cc, real_isn=0x738444ed
SERVERNIC: SYN: new flow, V=0x374103aa
SERVERNIC: SYN-ACK: delta=0xfd4b47ea, V=0x374103aa, real_isn=0x39f5bbc0
SERVERNIC: SYN: new flow, V=0x285e9e82
SERVERNIC: SYN: new flow, V=0xe4f01c08
SERVERNIC: SYN-ACK: delta=0x585de754, V=0x285e9e82, real_isn=0xd000b72e
SERVERNIC: SYN-ACK: flushed 1 buffered c2s packets
SERVERNIC: SYN-ACK: delta=0x095b70a2, V=0xe4f01c08, real_isn=0xdb94ab66
SERVERNIC: SYN-ACK: flushed 3 buffered c2s packets
SERVERNIC: SYN: new flow, V=0xdb3cec28
SERVERNIC: SYN-ACK: delta=0x51790bf6, V=0xdb3cec28, real_isn=0x89c3e032
SERVERNIC: SYN: new flow, V=0x06d689b0
SERVERNIC: SYN-ACK: delta=0xf36a7482, V=0x06d689b0, real_isn=0x136c152e
SERVERNIC: SYN-ACK: flushed 1 buffered c2s packets
SERVERNIC: SYN: new flow, V=0x0717b2ca
SERVERNIC: SYN-ACK: delta=0xa05e47c7, V=0x0717b2ca, real_isn=0x66b96b03
SERVERNIC: SYN-ACK: flushed 1 buffered c2s packets
SERVERNIC: SYN: new flow, V=0xc0ca1aad
SERVERNIC: SYN-ACK: delta=0x9335125c, V=0xc0ca1aad, real_isn=0x2d950851
SERVERNIC: SYN-ACK: flushed 1 buffered c2s packets
SERVERNIC: SYN: new flow, V=0x9db38762
SERVERNIC: SYN-ACK: delta=0xb5ec30e3, V=0x9db38762, real_isn=0xe7c7567f
SERVERNIC: SYN: new flow, V=0x70df6bb1
SERVERNIC: SYN-ACK: delta=0x1e6e63a5, V=0x70df6bb1, real_isn=0x5271080c
SERVERNIC: SYN-ACK: flushed 1 buffered c2s packets
SERVERNIC: SYN: new flow, V=0xc250b3e7
SERVERNIC: SYN-ACK: delta=0x921da588, V=0xc250b3e7, real_isn=0x30330e5f
SERVERNIC: SYN: new flow, V=0xe0433ceb
SERVERNIC: SYN-ACK: delta=0x9bbcd6fc, V=0xe0433ceb, real_isn=0x448665ef
SERVERNIC: SYN-ACK: flushed 1 buffered c2s packets
SERVERNIC: SYN: new flow, V=0xeda97cb6
SERVERNIC: SYN-ACK: delta=0x8aa10431, V=0xeda97cb6, real_isn=0x63087885
SERVERNIC: SYN: new flow, V=0xcb6bf1ef
SERVERNIC: SYN: new flow, V=0xcc4fe99d
SERVERNIC: SYN-ACK: delta=0x887de877, V=0xcb6bf1ef, real_isn=0x42ee0978
SERVERNIC: SYN-ACK: flushed 3 buffered c2s packets
SERVERNIC: SYN-ACK: delta=0x6c8ce8a1, V=0xcc4fe99d, real_isn=0x5fc300fc
SERVERNIC: SYN-ACK: flushed 1 buffered c2s packets
SERVERNIC: SYN: new flow, V=0x9c1e9377
SERVERNIC: SYN-ACK: delta=0xf1589292, V=0x9c1e9377, real_isn=0xaac600e5
SERVERNIC: SYN: new flow, V=0x12beed7f
SERVERNIC: SYN-ACK: delta=0x94e2ea85, V=0x12beed7f, real_isn=0x7ddc02fa
SERVERNIC: SYN-ACK: flushed 1 buffered c2s packets
SERVERNIC: SYN: new flow, V=0xf73684be
SERVERNIC: SYN-ACK: delta=0x8e50d9e6, V=0xf73684be, real_isn=0x68e5aad8
SERVERNIC: SYN-ACK: flushed 1 buffered c2s packets
SERVERNIC: SYN: new flow, V=0xeef1f30b
SERVERNIC: SYN-ACK: delta=0xe81071ef, V=0xeef1f30b, real_isn=0x06e1811c
SERVERNIC: SYN: new flow, V=0x17d31acf
SERVERNIC: SYN-ACK: delta=0x1cbaab4c, V=0x17d31acf, real_isn=0xfb186f83
SERVERNIC: SYN: new flow, V=0xa1613151
SERVERNIC: SYN-ACK: delta=0xf460f770, V=0xa1613151, real_isn=0xad0039e1
SERVERNIC: SYN: new flow, V=0xfcdbf60b
SERVERNIC: SYN: new flow, V=0x1df8a1ac
SERVERNIC: SYN-ACK: delta=0xc86c5f0b, V=0xfcdbf60b, real_isn=0x346f9700
SERVERNIC: SYN-ACK: flushed 1 buffered c2s packets
SERVERNIC: SYN-ACK: delta=0x268d2ae4, V=0x1df8a1ac, real_isn=0xf76b76c8
SERVERNIC: SYN-ACK: flushed 3 buffered c2s packets
SERVERNIC: SYN: new flow, V=0x49c9c340
SERVERNIC: SYN-ACK: delta=0x2e0f48e7, V=0x49c9c340, real_isn=0x1bba7a59
SERVERNIC: SYN: new flow, V=0x7a2d2de8
SERVERNIC: SYN-ACK: delta=0x25897cf3, V=0x7a2d2de8, real_isn=0x54a3b0f5
SERVERNIC: SYN-ACK: flushed 1 buffered c2s packets
SERVERNIC: SYN: new flow, V=0x1cecb5be
SERVERNIC: SYN-ACK: delta=0x94f657a3, V=0x1cecb5be, real_isn=0x87f65e1b
SERVERNIC: SYN-ACK: flushed 1 buffered c2s packets
SERVERNIC: SYN: new flow, V=0xa--output truncated--
---------------------
[1;33m[WARN][0m ClientNIC log (/tmp/clientnic.log): fetched 23992 bytes, at this transport's 24000-byte output cap — content is TRUNCATED. Counts and greps below cover only the captured prefix. Read the full file on the node.
--- ClientNIC DPDK log ---
[1;33m[08:06:25] Killing any leftover clientnic-dpdk-forwarder/tcpdump processes...[0m
[1;33m[08:06:26] Syncing code to origin/fix/secret-rename (hard reset ? discards VM-local drift)...[0m
From https://github.com/ofekm5/zero-rtt-tcp
 * branch            fix/secret-rename -> FETCH_HEAD
HEAD is now at 2773c33 ci: experiment baseline bundle 20260811-080308 [skip ci]
[1;33m[08:06:27] SKIP_BUILD=1 ? skipping meson+ninja build.[0m
[1;33m[08:06:27] Using existing binary: /home/ec2-user/zero-rtt-tcp/src/clientnic/dpdk-forwarder/builddir/clientnic-dpdk-forwarder[0m
[1;33m[08:06:27] Gateway MAC (ServerNIC eth1, Middle subnet DPDK port): 02:f2:55:12:4c:cb[0m
[1;33m[08:06:27] Our client-facing port MAC (eth2):     02:bc:a6:41:1c:2b[0m
[1;33m[08:06:27] Our ServerNIC-facing port MAC (eth1):  02:9a:5a:ea:c9:95[0m
[1;33m[08:06:27] IP forwarding: enabled[0m
[1;33m[08:06:27] Starting clientnic-dpdk-forwarder ? transparent forwarding with V-stamp. Press Ctrl+C to stop.[0m
[1;33m[08:06:27]   --port=8080 --port-count=4 --gw-mac=02:f2:55:12:4c:cb[0m
[1;33m[08:06:27]   --client-port-mac=02:bc:a6:41:1c:2b --server-port-mac=02:9a:5a:ea:c9:95[0m
[1;33m[08:06:27]   --wan-delay-us=50000 (emulated WAN, middle leg ? must match ServerNIC)[0m

EAL: Detected CPU lcores: 2
EAL: Detected NUMA nodes: 1
EAL: Detected shared linkage of DPDK
EAL: Multi-process socket /var/run/dpdk/rte/mp_socket
EAL: Selected IOVA mode 'PA'
EAL: VFIO support initialized
EAL: Using IOMMU type 8 (No-IOMMU)
EAL: Probe PCI driver: net_ena (1d0f:ec20) device: 0000:00:06.0 (socket -1)
ena_get_metrics_entries(): 0x6 customer metrics are supported
EAL: Probe PCI driver: net_ena (1d0f:ec20) device: 0000:00:07.0 (socket -1)
ena_get_metrics_entries(): 0x6 customer metrics are supported
TELEMETRY: No legacy callbacks, legacy socket not created
FORWARDER: ClientNIC DPDK Forwarder starting (port=8080..8083)
FORWARDER: Gateway MAC: 02:f2:55:12:4c:cb
FORWARDER: Port map: client-facing=port 1, ServerNIC-facing=port 0
FORWARDER: eth0: DPDK port 1 started, client-facing (MAC=02:bc:a6:41:1c:2b)
FORWARDER: wan-delay: holding middle-leg TX for 50000 us (150000000 cycles, ring=8192 packets)
FORWARDER: eth1: DPDK port 0 started, ServerNIC-facing (MAC=02:9a:5a:ea:c9:95, gw=02:f2:55:12:4c:cb)
FORWARDER: Entering busy-poll loop...
FORWARDER: stats client-facing (port 1): rx=0 tx=0 imissed=0 rx_nombuf=0 ierrors=0 oerrors=0
FORWARDER: stats ServerNIC-facing (port 0): rx=0 tx=0 imissed=0 rx_nombuf=0 ierrors=0 oerrors=0
FORWARDER: stats mempool: avail=14337/16383 low-water=16383
FORWARDER: stats wan_delay: held=0/8192 released=0
FORWARDER: stats client-facing (port 1): rx=0 tx=0 imissed=0 rx_nombuf=0 ierrors=0 oerrors=0
FORWARDER: stats ServerNIC-facing (port 0): rx=0 tx=0 imissed=0 rx_nombuf=0 ierrors=0 oerrors=0
FORWARDER: stats mempool: avail=14337/16383 low-water=16383
FORWARDER: stats wan_delay: held=0/8192 released=0
FORWARDER: stats client-facing (port 1): rx=0 tx=0 imissed=0 rx_nombuf=0 ierrors=0 oerrors=0
FORWARDER: stats ServerNIC-facing (port 0): rx=0 tx=0 imissed=0 rx_nombuf=0 ierrors=0 oerrors=0
FORWARDER: stats mempool: avail=14337/16383 low-water=16383
FORWARDER: stats wan_delay: held=0/8192 released=0
FORWARDER: stats client-facing (port 1): rx=0 tx=0 imissed=0 rx_nombuf=0 ierrors=0 oerrors=0
FORWARDER: stats ServerNIC-facing (port 0): rx=0 tx=0 imissed=0 rx_nombuf=0 ierrors=0 oerrors=0
FORWARDER: stats mempool: avail=14337/16383 low-water=16383
FORWARDER: stats wan_delay: held=0/8192 released=0
FORWARDER: SYN: spoofed SYN-ACK sent, SYN forwarded with V=0x81e55bf6 in ack-num
FORWARDER: SYN: spoofed SYN-ACK sent, SYN forwarded with V=0xdbecdf92 in ack-num
FORWARDER: SYN: spoofed SYN-ACK sent, SYN forwarded with V=0x79b159db in ack-num
FORWARDER: SYN: spoofed SYN-ACK sent, SYN forwarded with V=0x566d3645 in ack-num
FORWARDER: SYN: spoofed SYN-ACK sent, SYN forwarded with V=0xf49b6d5e in ack-num
FORWARDER: SYN: spoofed SYN-ACK sent, SYN forwarded with V=0x88772427 in ack-num
FORWARDER: SYN: spoofed SYN-ACK sent, SYN forwarded with V=0xc579cc5d in ack-num
FORWARDER: SYN: spoofed SYN-ACK sent, SYN forwarded with V=0x166dfb69 in ack-num
FORWARDER: SYN: spoofed SYN-ACK sent, SYN forwarded with V=0xdc1b9424 in ack-num
FORWARDER: SYN: spoofed SYN-ACK sent, SYN forwarded with V=0xc7465d4c in ack-num
FORWARDER: SYN: spoofed SYN-ACK sent, SYN forwarded with V=0x3d19c6cf in ack-num
FORWARDER: SYN: spoofed SYN-ACK sent, SYN forwarded with V=0x828839f6 in ack-num
FORWARDER: SYN: spoofed SYN-ACK sent, SYN forwarded with V=0x68e13fde in ack-num
FORWARDER: SYN: spoofed SYN-ACK sent, SYN forwarded with V=0x6730184e in ack-num
FORWARDER: SYN: spoofed SYN-ACK sent, SYN forwarded with V=0x373fdfd3 in ack-num
FORWARDER: SYN: spoofed SYN-ACK sent, SYN forwarded with V=0x339f6b5f in ack-num
FORWARDER: SYN: spoofed SYN-ACK sent, SYN forwarded with V=0x59b08cc4 in ack-num
FORWARDER: SYN: spoofed SYN-ACK sent, SYN forwarded with V=0x418b973d in ack-num
FORWARDER: SYN: spoofed SYN-ACK sent, SYN forwarded with V=0xeb75336d in ack-num
FORWARDER: SYN: spoofed SYN-ACK sent, SYN forwarded with V=0x5abed3c1 in ack-num
FORWARDER: SYN: spoofed SYN-ACK sent, SYN forwarded with V=0x4ee26e4e in ack-num
FORWARDER: SYN: spoofed SYN-ACK sent, SYN forwarded with V=0xa0e4adb5 in ack-num
FORWARDER: SYN: spoofed SYN-ACK sent, SYN forwarded with V=0x3f383ed3 in ack-num
FORWARDER: SYN: spoofed SYN-ACK sent, SYN forwarded with V=0x66e08dad in ack-num
FORWARDER: SYN: spoofed SYN-ACK sent, SYN forwarded with V=0x991956c7 in ack-num
FORWARDER: SYN: spoofed SYN-ACK sent, SYN forwarded with V=0xb4de9f42 in ack-num
FORWARDER: SYN: spoofed SYN-ACK sent, SYN forwarded with V=0x6a75cf3d in ack-num
FORWARDER: SYN: spoofed SYN-ACK sent, SYN forwarded with V=0x815a6946 in ack-num
FORWARDER: SYN: spoofed SYN-ACK sent, SYN forwarded with V=0x4ef2ac2d in ack-num
FORWARDER: SYN: spoofed SYN-ACK sent, SYN forwarded with V=0xaacc018c in ack-num
FORWARDER: SYN: spoofed SYN-ACK sent, SYN forwarded with V=0x0512f71a in ack-num
FORWARDER: SYN: spoofed SYN-ACK sent, SYN forwarded with V=0x01c12b55 in ack-num
FORWARDER: SYN: spoofed SYN-ACK sent, SYN forwarded with V=0x0f21a1da in ack-num
FORWARDER: SYN: spoofed SYN-ACK sent, SYN forwarded with V=0xffdc6745 in ack-num
FORWARDER: SYN: spoofed SYN-ACK sent, SYN forwarded with V=0xd610fbbc in ack-num
FORWARDER: SYN: spoofed SYN-ACK sent, SYN forwarded with V=0xff1c8a76 in ack-num
FORWARDER: SYN: spoofed SYN-ACK sent, SYN forwarded with V=0x27708a5f in ack-num
FORWARDER: SYN: spoofed SYN-ACK sent, SYN forwarded with V=0x31553e22 in ack-num
FORWARDER: SYN: spoofed SYN-ACK sent, SYN forwarded with V=0x4df2d288 in ack-num
FORWARDER: SYN: spoofed SYN-ACK sent, SYN forwarded with V=0xefa8f541 in ack-num
FORWARDER: SYN: spoofed SYN-ACK sent, SYN forwarded with V=0xa717feb4 in ack-num
FORWARDER: SYN: spoofed SYN-ACK sent, SYN forwarded with V=0xaec84d00 in ack-num
FORWARDER: SYN: spoofed SYN-ACK sent, SYN forwarded with V=0xc82a7f30 in ack-num
FORWARDER: SYN: spoofed SYN-ACK sent, SYN forwarded with V=0x67d52948 in ack-num
FORWARDER: SYN: spoofed SYN-ACK sent, SYN forwarded with V=0x532ee3af in ack-num
FORWARDER: SYN: spoofed SYN-ACK sent, SYN forwarded with V=0x301a6f56 in ack-num
FORWARDER: SYN: spoofed SYN-ACK sent, SYN forwarded with V=0x6437f238 in ack-num
FORWARDER: SYN: spoofed SYN-ACK sent, SYN forwarded with V=0xf6d36524 in ack-num
FORWARDER: SYN: spoofed SYN-ACK sent, SYN forwarded with V=0x9ad37dba in ack-num
FORWARDER: SYN: spoofed SYN-ACK sent, SYN forwarded with V=0x2454e861 in ack-num
FORWARDER: SYN: spoofed SYN-ACK sent, SYN forwarded with V=0xe239a608 in ack-num
FORWARDER: SYN: spoofed SYN-ACK sent, SYN forwarded with V=0x421b69ac in ack-num
FORWARDER: SYN: spoofed SYN-ACK sent, SYN forwarded with V=0x68b864ef in ack-num
FORWARDER: SYN: spoofed SYN-ACK sent, SYN forwarded with V=0x369218ea in ack-num
FORWARDER: SYN: spoofed SYN-ACK sent, SYN forwarded with V=0x93c82173 in ack-num
FORWARDER: SYN: spoofed SYN-ACK sent, SYN forwarded with V=0x2cd9661a in ack-num
FORWARDER: SYN: spoofed SYN-ACK sent, SYN forwarded with V=0xc4ec9716 in ack-num
FORWARDER: SYN: spoofed SYN-ACK sent, SYN forwarded with V=0x52fc62de in ack-num
FORWARDER: SYN: spoofed SYN-ACK sent, SYN forwarded with V=0x68ae21d1 in ack-num
FORWARDER: SYN: spoofed SYN-ACK sent, SYN forwarded with V=0x77f94b85 in ack-num
FORWARDER: SYN: spoofed SYN-ACK sent, SYN forwarded with V=0x413ef3e6 in ack-num
FORWARDER: SYN: spoofed SYN-ACK sent, SYN forwarded with V=0x2bce689b in ack-num
FORWARDER: SYN: spoofed SYN-ACK sent, SYN forwarded with V=0x8a64aac7 in ack-num
FORWARDER: SYN: spoofed SYN-ACK sent, SYN forwarded with V=0x582ddb2b in ack-num
FORWARDER: SYN: spoofed SYN-ACK sent, SYN forwarded with V=0x20a633db in ack-num
FORWARDER: SYN: spoofed SYN-ACK sent, SYN forwarded with V=0xe4610315 in ack-num
FORWARDER: SYN: spoofed SYN-ACK sent, SYN forwarded with V=0x51ee211a in ack-num
FORWARDER: SYN: spoofed SYN-ACK sent, SYN forwarded with V=0x9eab9ebd in ack-num
FORWARDER: SYN: spoofed SYN-ACK sent, SYN forwarded with V=0x77bd07ed in ack-num
FORWARDER: SYN: spoofed SYN-ACK sent, SYN forwarded with V=0x3c3acce3 in ack-num
FORWARDER: SYN: spoofed SYN-ACK sent, SYN forwarded with V=0xdf103dc8 in ack-num
FORWARDER: SYN: spoofed SYN-ACK sent, SYN forwarded with V=0x97cbbb64 in ack-num
FORWARDER: SYN: spoofed SYN-ACK sent, SYN forwarded with V=0xf060ef58 in ack-num
FORWARDER: SYN: spoofed SYN-ACK sent, SYN forwarded with V=0x3a368907 in ack-num
FORWARDER: SYN: spoofed SYN-ACK sent, SYN forwarded with V=0xcdbcb774 in ack-num
FORWARDER: SYN: spoofed SYN-ACK sent, SYN forwarded with V=0x423949cb in ack-num
FORWARDER: SYN: spoofed SYN-ACK sent, SYN forwarded with V=0x311912de in ack-num
FORWARDER: SYN: spoofed SYN-ACK sent, SYN forwarded with V=0xec1daa2b in ack-num
FORWARDER: SYN: spoofed SYN-ACK sent, SYN forwarded with V=0x6598a464 in ack-num
FORWARDER: SYN: spoofed SYN-ACK sent, SYN forwarded with V=0x0e603108 in ack-num
FORWARDER: SYN: spoofed SYN-ACK sent, SYN forwarded with V=0x3872e954 in ack-num
FORWARDER: SYN: spoofed SYN-ACK sent, SYN forwarded with V=0xe0448e76 in ack-num
FORWARDER: SYN: spoofed SYN-ACK sent, SYN forwarded with V=0xb069735f in ack-num
FORWARDER: SYN: spoofed SYN-ACK sent, SYN forwarded with V=0xc086b8f7 in ack-num
FORWARDER: SYN: spoofed SYN-ACK sent, SYN forwarded with V=0xe1c8b995 in ack-num
FORWARDER: SYN: spoofed SYN-ACK sent, SYN forwarded with V=0x3e4dcd05 in ack-num
FORWARDER: SYN: spoofed SYN-ACK sent, SYN forwarded with V=0xeb3fdc49 in ack-num
FORWARDER: SYN: spoofed SYN-ACK sent, SYN forwarded with V=0x3c866c20 in ack-num
FORWARDER: SYN: spoofed SYN-ACK sent, SYN forwarded with V=0xc6bb6851 in ack-num
FORWARDER: SYN: spoofed SYN-ACK sent, SYN forwarded with V=0x85baed0a in ack-num
FORWARDER: SYN: spoofed SYN-ACK sent, SYN forwarded with V=0xab4c4ec8 in ack-num
FORWARDER: SYN: spoofed SYN-ACK sent, SYN forwarded with V=0x6eceacbe in ack-num
FORWARDER: SYN: spoofed SYN-ACK sent, SYN forwarded with V=0x3bbc32e8 in ack-num
FORWARDER: SYN: spoofed SYN-ACK sent, SYN forwarded with V=0xfc7bab62 in ack-num
FORWARDER: SYN: spoofed SYN-ACK sent, SYN forwarded with V=0xf97cef03 in ack-num
FORWARDER: SYN: spoofed SYN-ACK sent, SYN forwarded with V=0xc45c2ff4 in ack-num
FORWARDER: SYN: spoofed SYN-ACK sent, SYN forwarded with V=0xee5b10ba in ack-num
FORWARDER: SYN: spoofed SYN-ACK sent, SYN forwarded with V=0x94408dba in ack-num
FORWARDER: SYN: spoofed SYN-ACK sent, SYN forwarded with V=0x270d8acd in ack-num
FORWARDER: SYN: spoofed SYN-ACK sent, SYN forwarded with V=0x0764bd4f in ack-num
FORWARDER: SYN: spoofed SYN-ACK sent, SYN forwarded with V=0x42ba4a30 in ack-num
FORWARDER: SYN: spoofed SYN-ACK sent, SYN forwarded with V=0xaf2892cc in ack-num
FORWARDER: SYN: spoofed SYN-ACK sent, SYN forwarded with V=0x374103aa in ack-num
FORWARDER: SYN: spoofed SYN-ACK sent, SYN forwarded with V=0x285e9e82 in ack-num
FORWARDER: SYN: spoofed SYN-ACK sent, SYN forwarded with V=0xe4f01c08 in ack-num
FORWARDER: SYN: spoofed SYN-ACK sent, SYN forwarded with V=0xdb3cec28 in ack-num
FORWARDER: SYN: spoofed SYN-ACK sent, SYN forwarded with V=0x06d689b0 in ack-num
FORWARDER: SYN: spoofed SYN-ACK sent, SYN forwarded with V=0x0717b2ca in ack-num
FORWARDER: SYN: spoofed SYN-ACK sent, SYN forwarded with V=0xc0ca1aad in ack-num
FORWARDER: SYN: spoofed SYN-ACK sent, SYN forwarded with V=0x9db38762 in ack-num
FORWARDER: SYN: spoofed SYN-ACK sent, SYN forwarded with V=0x70df6bb1 in ack-num
FORWARDER: SYN: spoofed SYN-ACK sent, SYN forwarded with V=0xc250b3e7 in ack-num
FORWARDER: SYN: spoofed SYN-ACK sent, SYN forwarded with V=0xe0433ceb in ack-num
FORWARDER: SYN: spoofed SYN-ACK sent, SYN forwarded with V=0xeda97cb6 in ack-num
FORWARDER: SYN: spoofed SYN-ACK sent, SYN forwarded with V=0xcb6bf1ef in ack-num
FORWARDER: SYN: spoofed SYN-ACK sent, SYN forwarded with V=0xcc4fe99d in ack-num
FORWARDER: SYN: spoofed SYN-ACK sent, SYN forwarded with V=0x9c1e9377 in ack-num
FORWARDER: SYN: spoofed SYN-ACK sent, SYN forwarded with V=0x12beed7f in ack-num
FORWARDER: SYN: spoofed SYN-ACK sent, SYN forwarded with V=0xf73684be in ack-num
FORWARDER: SYN: spoofed SYN-ACK sent, SYN forwarded with V=0xeef1f30b in ack-num
FORWARDER: SYN: spoofed SYN-ACK sent, SYN forwarded with V=0x17d31acf in ack-num
FORWARDER: SYN: spoofed SYN-ACK sent, SYN forwarded with V=0xa1613151 in ack-num
FORWARDER: SYN: spoofed SYN-ACK sent, SYN forwarded with V=0xfcdbf60b in ack-num
FORWARDER: SYN: spoofed SYN-ACK sent, SYN forwarded with V=0x1df8a1ac in ack-num
FORWARDER: SYN: spoofed SYN-ACK sent, SYN forwarded with V=0x49c9c340 in ack-num
FORWARDER: SYN: spoofed SYN-ACK sent, SYN forwarded with V=0x7a2d2de8 in ack-num
FORWARDER: SYN: spoofed SYN-ACK sent, SYN forwarded with V=0x1cecb5be in ack-num
FORWARDER: SYN: spoofed SYN-ACK sent, SYN forwarded with V=0xa9010446 in ack-num
FORWARDER: SYN: spoofed SYN-ACK sent, SYN forwarded with V=0x199cca2f in ack-num
FORWARDER: SYN: spoofed SYN-ACK sent, SYN forwarded with V=0x9f3a7f81 in ack-num
FORWARDER: SYN: spoofed SYN-ACK sent, SYN forwarded with V=0xc588d9cd in ack-num
FORWARDER: SYN: spoofed SYN-ACK sent, SYN forwarded with V=0xec1842d4 in ack-num
FORWARDER: SYN: spoofed SYN-ACK sent, SYN forwarded with V=0x244bed04 in ack-num
FORWARDER: SYN: spoofed SYN-ACK sent, SYN forwarded with V=0x007b7d93 in ack-num
FORWARDER: SYN: spoofed SYN-ACK sent, SYN forwarded with V=0x646028e8 in ack-num
FORWARDER: SYN: spoofed SYN-ACK sent, SYN forwarded with V=0x11bf6e63 in ack-num
FORWARDER: SYN: spoofed SYN-ACK sent, SYN forwarded with V=0x43444a2d in ack-num
FORWARDER: SYN: spoofed SYN-ACK sent, SYN forwarded with V=0x1705824e in ack-num
FORWARDER: SYN: spoofed SYN-ACK sent, SYN forwarded with V=0xa72eaf4a in ack-num
FORWARDER: SYN: spoofed SYN-ACK sent, SYN forwarded with V=0xa7439221 in ack-num
FORWARDER: SYN: spoofed SYN-ACK sent, SYN forwarded with V=0xeb050ea1 in ack-num
FORWARDER: SYN: spoofed SYN-ACK sent, SYN forwarded with V=0xe141ffd4 in ack-num
FORWARDER: SYN: spoofed SYN-ACK sent, SYN forwarded with V=0x16a08b97 in ack-num
FORWARDER: SYN: spoofed SYN-ACK sent, SYN forwarded with V=0xe7b39774 in ack-num
FORWARDER: SYN: spoofed SYN-ACK sent, SYN forwarded with V=0xf65b831b in ack-num
FORWARDER: SYN: spoofed SYN-ACK sent, SYN forwarded with V=0xd1fbc978 in ack-num
FORWARDER: SYN: spoofed SYN-ACK sent, SYN forwarded with V=0x5467c165 in ack-num
FORWARDER: SYN: spoofed SYN-ACK sent, SYN forwarded with V=0x7ee15f9f in ack-num
FORWARDER: SYN: spoofed SYN-ACK sent, SYN forwarded with V=0x35bd54d2 in ack-num
FORWARDER: SYN: spoofed SYN-ACK sent, SYN forwarded with V=0xdbdd7088 in ack-num
FORWARDER: SYN: spoofed SYN-ACK sent, SYN forwarded with V=0x74eb1444 in ack-num
FORWARDER: SYN: spoofed SYN-ACK sent, SYN forwarded with V=0x31c1450d in ack-num
FORWARDER: SYN: spoofed SYN-ACK sent, SYN forwarded with V=0x6089db57 in ack-num
FORWARDER: SYN: spoofed SYN-ACK sent, SYN forwarded with V=0xeb00a3d0 in ack-num
FORWARDER: SYN: spoofed SYN-ACK sent, SYN forwarded with V=0x2e6e0aee in ack-num
FORWARDER: SYN: spoofed SYN-ACK sent, SYN forwarded with V=0xa9df0be2 in ack-num
FORWARDER: SYN: spoofed SYN-ACK sent, SYN forwarded with V=0x6511b4b6 in ack-num
FORWARDER: SYN: spoofed SYN-ACK sent, SYN forwarded with V=0x7727d8df in ack-num
FORWARDER: SYN: spoofed SYN-ACK sent, SYN forwarded with V=0xdc66ae57 in ack-num
FORWARDER: SYN: spoofed SYN-ACK sent, SYN forwarded with V=0xcde2f41a in ack-num
FORWARDER: SYN: spoofed SYN-ACK sent, SYN forwarded with V=0xdf9810a6 in ack-num
FORWARDER: SYN: spoofed SYN-ACK sent, SYN forwarded with V=0x06d82b8a in ack-num
FORWARDER: SYN: spoofed SYN-ACK sent, SYN forwarded with V=0xb899d2a5 in ack-num
FORWARDER: SYN: spoofed SYN-ACK sent, SYN forwarded with V=0xcbce2dfd in ack-num
FORWARDER: SYN: spoofed SYN-ACK sent, SYN forwarded with V=0xa6a9c530 in ack-num
FORWARDER: SYN: spoofed SYN-ACK sent, SYN forwarded with V=0x6e6d271b in ack-num
FORWARDER: SYN: spoofed SYN-ACK sent, SYN forwarded with V=0x74114c46 in ack-num
FORWARDER: SYN: spoofed SYN-ACK sent, SYN forwarded with V=0x392f511b in ack-num
FORWARDER: SYN: spoofed SYN-ACK sent, SYN forwarded with V=0xefe31bbc in ack-num
FORWARDER: SYN: spoofed SYN-ACK sent, SYN forwarded with V=0x0016a725 in ack-num
FORWARDER: SYN: spoofed SYN-ACK sent, SYN forwarded with V=0x776852c3 in ack-num
FORWARDER: SYN: spoofed SYN-ACK sent, SYN forwarded with V=0x496b8aba in ack-num
FORWARDER: SYN: spoofed SYN-ACK sent, SYN forwarded with V=0x87b2fc10 in ack-num
FORWARDER: SYN: spoofed SYN-ACK sent, SYN forwarded with V=0xffa47180 in ack-num
FORWARDER: SYN: spoofed SYN-ACK sent, SYN forwarded with V=0x4977194c in ack-num
FORWARDER: SYN: spoofed SYN-ACK sent, SYN forwarded with V=0x0456a313 in ack-num
FORWARDER: SYN: spoofed SYN-ACK sent, SYN forwarded with V=0x6904ea7c in ack-num
FORWARDER: SYN: spoofed SYN-ACK sent, SYN forwarded with V=0xd597dfb6 in ack-num
FORWARDER: SYN: spoofed SYN-ACK sent, SYN forwarded with V=0x74d77cdb in ack-num
FORWARDER: SYN: spoofed SYN-ACK sent, SYN forwarded with V=0x40ef0ea0 in ack-num
FORWARDER: SYN: spoofed SYN-ACK sent, SYN forwarded with V=0xe176aefe in ack-num
FORWARDER: SYN: spoofed SYN-ACK sent, SYN forwarded with V=0xef887bdb in ack-num
FORWARDER: SYN: spoofed SYN-ACK sent, SYN forwarded with V=0x9e224d24 in ack-num
FORWARDER: SYN: spoofed SYN-ACK sent, SYN forwarded with V=0xa34c5385 in ack-num
FORWARDER: SYN: spoofed SYN-ACK sent, SYN forwarded with V=0x76a64126 in ack-num
FORWARDER: SYN: spoofed SYN-ACK sent, SYN forwarded with V=0x1d01bb6e in ack-num
FORWARDER: SYN: spoofed SYN-ACK sent, SYN forwarded with V=0xb865ca05 in ack-num
FORWARDER: SYN: spoofed SYN-ACK sent, SYN forwarded with V=0xa4d31ae7 in ack-num
FORWARDER: SYN: spoofed SYN-ACK sent, SYN forwarded with V=0xbda8ebc4 in ack-num
FORWARDER: SYN: spoofed SYN-ACK sent, SYN forwarded with V=0xf79cd80d in ack-num
FORWARDER: SYN: spoofed SYN-ACK sent, SYN forwarded with V=0x13483066 in ack-num
FORWARDER: SYN: spoofed SYN-ACK sent, SYN forwarded with V=0xca3395c0 in ack-num
FORWARDER: SYN: spoofed SYN-ACK sent, SYN forwarded with V=0xc8252d9e in ack-num
FORWARDER: SYN: spoofed SYN-ACK sent, SYN forwarded with V=0x5d02d67c in ack-num
FORWARDER: SYN: spoofed SYN-ACK sent, SYN forwarded with V=0xc0a4a94b in ack-num
FORWARDER: SYN: spoofed SYN-ACK sent, SYN forwarded with V=0x44d0c1e2 in ack-num
FORWARDER: SYN: spoofed SYN-ACK sent, SYN forwarded with V=0x6117881f in ack-num
FORWARDER: SYN: spoofed SYN-ACK sent, SYN forwarded with V=0x3118da41 in ack-num
FORWARDER: SYN: spoofed SYN-ACK sent, SYN forwarded with V=0x91a550d2 in ack-num
FORWARDER: SYN: spoofed SYN-ACK sent, SYN forwarded with V=0xdd3fa6e3 in ack-num
FORWARDER: SYN: spoofed SYN-ACK sent, SYN forwarded with V=0x6291d7af in ack-num
FORWARDER: SYN: spoofed SYN-ACK sent, SYN forwarded with V=0xe5b52622 in ack-num
FORWARDER: SYN: spoofed SYN-ACK sent, SYN forwarded with V=0xd67ef47a in ack-num
FORWARDER: SYN: spoofed SYN-ACK sent, SYN forwarded with V=0xcd86bcf0 in ack-num
FORWARDER: SYN: spoofed SYN-ACK sent, SYN forwarded with V=0xca036a3b in ack-num
FORWARDER: SYN: spoofed SYN-ACK sent, SYN forwarded with V=0x4b9837f8 in ack-num
FORWARDER: SYN: spoofed SYN-ACK sent, SYN forwarded with V=0xb9f98fed in ack-num
FORWARDER: SYN: spoofed SYN-ACK sent, SYN forwarded with V=0x5e162fb9 in ack-num
FORWARDER: SYN: spoofed SYN-ACK sent, SYN forwarded with V=0xbd883e34 in ack-num
FORWARDER: SYN: spoofed SYN-ACK sent, SYN forwarded with V=0xed504e57 in ack-num
FORWARDER: SYN: spoofed SYN-ACK sent, SYN forwarded with V=0x69b5285c in ack-num
FORWARDER: SYN: spoofed SYN-ACK sent, SYN forwarded with V=0x6ee88a1e in ack-num
FORWARDER: SYN: spoofed SYN-ACK sent, SYN forwarded with V=0x66532fda in ack-num
FORWARDER: SYN: spoofed SYN-ACK sent, SYN forwarded with V=0x91d1efd5 in ack-num
FORWARDER: SYN: spoofed SYN-ACK sent, SYN forwarded with V=0xcb95404c in ack-num
FORWARDER: SYN: spoofed SYN-ACK sent, SYN forwarded with V=0xc52a9f97 in ack-num
FORWARDER: SYN: spoofed SYN-ACK sent, SYN forwarded with V=0x76783f2b in ack-num
FORWARDER: SYN: spoofed SYN-ACK sent, SYN forwarded with V=0xe479a152 in ack-num
FORWARDER: SYN: spoofed SYN-ACK sent, SYN forwarded with V=0x1d75620b in ack-num
FORWARDER: SYN: spoofed SYN-ACK sent, SYN forwarded with V=0xc031efbd in ack-num
FORWARDER: SYN: spoofed SYN-ACK sent, SYN forwarded with V=0xd0090461 in ack-num
FORWARDER: SYN: spoofed SYN-ACK sent, SYN forwarded with V=0x77b8125a in ack-num
FORWARDER: SYN: spoofed SYN-ACK sent, SYN forwarded with V=0xe3ecd3a5 in ack-num
FORWARDER: SYN: spoofed SYN-ACK sent, SYN forwarded with V=0x26f56ec9 in ack-num
FORWARDER: SYN: spoofed SYN-ACK sent, SYN forwarded with V=0xd35b9b07 in ack-num
FORWARDER: SYN: spoofed SYN-ACK sent, SYN forwarded with V=0x16024fa2 in ack-num
FORWARDER: SYN: spoofed SYN-ACK sent, SYN forwarded with V=0xb5a13efe in ack-num
FORWARDER: SYN: spoofed SYN-ACK sent, SYN forwarded with V=0xdf151f08 in ack-num
FORWARDER: SYN: spoofed SYN-ACK sent, SYN forwarded with V=0x950ff5b1 in ack-num
FORWARDER: SYN: spoofed SYN-ACK sent, SYN forwarded with V=0x8c7c2436 in ack-num
FORWARDER: SYN: spoofed SYN-ACK sent, SYN forwarded with V=0xa4bd1545 in ack-num
FORWARDER: SYN: spoofed SYN-ACK sent, SYN forwarded with V=0x24db087c in ack-num
FORWARDER: SYN: spoofed SYN-ACK sent, SYN forwarded with V=0x8653c2da in ack-num
FORWARDER: SYN: spoofed SYN-ACK sent, SYN forwarded with V=0xfc04bf47 in ack-num
FORWARDER: SYN: spoofed SYN-ACK sent, SYN forwarded with V=0x4ce7758b in ack-num
FORWARDER: SYN: spoofed SYN-ACK sent, SYN forwarded with V=0x80a49e2c in ack-num
FORWARDER: SYN: spoofed SYN-ACK sent, SYN forwarded with V=0x2fe1f756 in ack-num
FORWARDER: SYN: spoofed SYN-ACK sent, SYN forwarded with V=0xd87078e5 in ack-num
FORWARDER: SYN: spoofed SYN-ACK sent, SYN forwarded with V=0x173db401 in ack-num
FORWARDER: SYN: spoofed SYN-ACK sent, SYN forwarded with V=0xae61bcb0 in ack-num
FORWARDER: SYN: spoofed SYN-ACK sent, SYN forwarded with V=0xac4d9666 in ack-num
FORWARDER: SYN: spoofed SYN-ACK sent, SYN forwarded with V=0x99bfe9b0 in ack-num
FORWARDER: SYN: spoofed SYN-ACK sent, SYN forwarded with V=0xd06c5d83 in ack-num
FORWARDER: SYN: spoofed SYN-ACK sent, SYN forwarded with V=0xbbe43172 in ack-num
FORWARDER: SYN: spoofed SYN-ACK sent, SYN forwarded with V=0x4338949f in ack-num
FORWARDER: SYN: spoofed SYN-ACK sent, SYN forwarded with V=0x0d8eb1fd in ack-num
FORWARDER: SYN: spoofed SYN-ACK sent, SYN forwarded with V=0x210349f7 in ack-num
FORWARDER: SYN: spoofed SYN-ACK sent, SYN forwarded with V=0x4f3c633b in ack-num
FORWARDER: SYN: spoofed SYN-ACK sent, SYN forwarded with V=0x7492b807 in ack-num
FORWARDER: SYN: spoofed SYN-ACK sent, SYN forwarded with V=0x0346a40c in ack-num
FORWARDER: SYN: spoofed SYN-ACK sent, SYN forwarded with V=0x1fd3f756 in ack-num
FORWARDER: SYN: spoofed SYN-ACK sent, SYN forwarded with V=0x9de343d3 in ack-num
FORWARDER: SYN: spoofed SYN-ACK sent, SYN forw--output truncated--
--------------------------
[0;32m[PASS][0m ClientNIC dpdk-forwarder: 0-RTT flow table activity confirmed
[0;32m[PASS][0m ServerNIC dpdk: translation activity confirmed
[1;33m[08:27:30] Packet analysis: analyzing each endpoint capture on its own host...[0m
  client_side.pcap: -rw-r--r-- 1 tcpdump tcpdump 62M Aug 11 08:25 /tmp/client_side.pcap
  server_side.pcap: -rw-r--r-- 1 tcpdump tcpdump 69M Aug 11 08:25 /tmp/server_side.pcap
[1;33m[08:27:38] Endpoint analysis: running analyzer on the Client host capture...[0m
[1;33m[08:27:47] Endpoint analysis: running analyzer on the Server host capture...[0m
--- Endpoint metric analysis ---
client (status: Success):
summary=send_unlock node=client n=84143 min_ms=0.286 p50_ms=0.562 p95_ms=110.535 p99_ms=31618.471 max_ms=31755.087 mean_ms=766.158
summary=fct node=client n=84143 min_ms=101.181 p50_ms=101.674 p95_ms=332.833 p99_ms=53487.684 max_ms=113927.790 mean_ms=1682.956
server (status: Failed):
summary=server_gap node=server n=83040 min_ms=0.315 p50_ms=0.545 p95_ms=99.774 p99_ms=228.336 max_ms=608.808 mean_ms=13.928
missing=first_inbound_payload node=server count=166
  stderr: failed to run commands: exit status 1
--------------------------------
[0;31m[FAIL][0m Endpoint analysis: 166 missing metric event(s) (client=Success server=Failed)
[1;33m[08:28:03] Latency metrics: aggregating NIC in-app TTFB + endpoint pcap metrics...[0m
--- Latency summary ---
  ── Primary: time-to-first-byte the client actually experiences ──
  Send unlock   : n=84143  min=0.286  mean=766.158  median=0.562  p95=110.535  p99=31618.471  max=31755.087 ms
  ── Secondary (throughput-bound; not evidence about the handshake) ──
  Pcap FCT      : n=84143  min=101.181  mean=1682.956  median=101.674  p95=332.833  p99=53487.684  max=113927.790 ms
  Server gap    : n=83040  min=0.315  mean=13.928  median=0.545  p95=99.774  p99=228.336  max=608.808 ms
  ── Data-plane internal (in-app rdtsc, not client-observed) ──
  clientnic TTFB (in-app): no samples found
  servernic TTFB (in-app): no samples found
-----------------------
[1;33m[WARN][0m Metrics: no ClientNIC in-app TTFB samples (binary may predate instrumentation)
[1;33m[WARN][0m Metrics: no ServerNIC in-app TTFB samples (binary may predate instrumentation)

════════════════════════════════════════
[0;31m  1 CHECK(S) FAILED[0m
════════════════════════════════════════
[1;33m[08:28:03] Report saved to ./experiments/dpdk/reports/integration-test-report-2026-08-11.md[0m
